Archive member included because of file (symbol)

f:/dev/simplicity/developer/toolchains/gnu_arm/4.9_2015q3/bin/../lib/gcc/arm-none-eabi/4.9.3/armv7-m\libgcc.a(_aeabi_uldivmod.o)
                              ./emlib/em_usart.o (__aeabi_uldivmod)
f:/dev/simplicity/developer/toolchains/gnu_arm/4.9_2015q3/bin/../lib/gcc/arm-none-eabi/4.9.3/armv7-m\libgcc.a(bpabi.o)
                              f:/dev/simplicity/developer/toolchains/gnu_arm/4.9_2015q3/bin/../lib/gcc/arm-none-eabi/4.9.3/armv7-m\libgcc.a(_aeabi_uldivmod.o) (__gnu_uldivmod_helper)
f:/dev/simplicity/developer/toolchains/gnu_arm/4.9_2015q3/bin/../lib/gcc/arm-none-eabi/4.9.3/armv7-m\libgcc.a(_dvmd_tls.o)
                              f:/dev/simplicity/developer/toolchains/gnu_arm/4.9_2015q3/bin/../lib/gcc/arm-none-eabi/4.9.3/armv7-m\libgcc.a(_aeabi_uldivmod.o) (__aeabi_ldiv0)
f:/dev/simplicity/developer/toolchains/gnu_arm/4.9_2015q3/bin/../lib/gcc/arm-none-eabi/4.9.3/armv7-m\libgcc.a(_divdi3.o)
                              f:/dev/simplicity/developer/toolchains/gnu_arm/4.9_2015q3/bin/../lib/gcc/arm-none-eabi/4.9.3/armv7-m\libgcc.a(bpabi.o) (__divdi3)
f:/dev/simplicity/developer/toolchains/gnu_arm/4.9_2015q3/bin/../lib/gcc/arm-none-eabi/4.9.3/armv7-m\libgcc.a(_udivdi3.o)
                              f:/dev/simplicity/developer/toolchains/gnu_arm/4.9_2015q3/bin/../lib/gcc/arm-none-eabi/4.9.3/armv7-m\libgcc.a(bpabi.o) (__udivdi3)
f:/dev/simplicity/developer/toolchains/gnu_arm/4.9_2015q3/bin/../lib/gcc/arm-none-eabi/4.9.3/../../../../arm-none-eabi/lib/armv7-m\libc_nano.a(lib_a-abs.o)
                              ./emlib/segmentlcd.o (abs)
f:/dev/simplicity/developer/toolchains/gnu_arm/4.9_2015q3/bin/../lib/gcc/arm-none-eabi/4.9.3/../../../../arm-none-eabi/lib/armv7-m\libc_nano.a(lib_a-exit.o)
                              f:/dev/simplicity/developer/toolchains/gnu_arm/4.9_2015q3/bin/../lib/gcc/arm-none-eabi/4.9.3/../../../../arm-none-eabi/lib/armv7-m/crt0.o (exit)
f:/dev/simplicity/developer/toolchains/gnu_arm/4.9_2015q3/bin/../lib/gcc/arm-none-eabi/4.9.3/../../../../arm-none-eabi/lib/armv7-m\libc_nano.a(lib_a-fileno.o)
                              ./Drivers/retargetio.o (fileno)
f:/dev/simplicity/developer/toolchains/gnu_arm/4.9_2015q3/bin/../lib/gcc/arm-none-eabi/4.9.3/../../../../arm-none-eabi/lib/armv7-m\libc_nano.a(lib_a-findfp.o)
                              f:/dev/simplicity/developer/toolchains/gnu_arm/4.9_2015q3/bin/../lib/gcc/arm-none-eabi/4.9.3/../../../../arm-none-eabi/lib/armv7-m\libc_nano.a(lib_a-fileno.o) (__sinit)
f:/dev/simplicity/developer/toolchains/gnu_arm/4.9_2015q3/bin/../lib/gcc/arm-none-eabi/4.9.3/../../../../arm-none-eabi/lib/armv7-m\libc_nano.a(lib_a-fwalk.o)
                              f:/dev/simplicity/developer/toolchains/gnu_arm/4.9_2015q3/bin/../lib/gcc/arm-none-eabi/4.9.3/../../../../arm-none-eabi/lib/armv7-m\libc_nano.a(lib_a-findfp.o) (_fwalk)
f:/dev/simplicity/developer/toolchains/gnu_arm/4.9_2015q3/bin/../lib/gcc/arm-none-eabi/4.9.3/../../../../arm-none-eabi/lib/armv7-m\libc_nano.a(lib_a-impure.o)
                              f:/dev/simplicity/developer/toolchains/gnu_arm/4.9_2015q3/bin/../lib/gcc/arm-none-eabi/4.9.3/../../../../arm-none-eabi/lib/armv7-m\libc_nano.a(lib_a-exit.o) (_global_impure_ptr)
f:/dev/simplicity/developer/toolchains/gnu_arm/4.9_2015q3/bin/../lib/gcc/arm-none-eabi/4.9.3/../../../../arm-none-eabi/lib/armv7-m\libc_nano.a(lib_a-init.o)
                              f:/dev/simplicity/developer/toolchains/gnu_arm/4.9_2015q3/bin/../lib/gcc/arm-none-eabi/4.9.3/../../../../arm-none-eabi/lib/armv7-m/crt0.o (__libc_init_array)
f:/dev/simplicity/developer/toolchains/gnu_arm/4.9_2015q3/bin/../lib/gcc/arm-none-eabi/4.9.3/../../../../arm-none-eabi/lib/armv7-m\libc_nano.a(lib_a-memcpy.o)
                              ./FreeRTOS/efm32gg/queue.o (memcpy)
f:/dev/simplicity/developer/toolchains/gnu_arm/4.9_2015q3/bin/../lib/gcc/arm-none-eabi/4.9.3/../../../../arm-none-eabi/lib/armv7-m\libc_nano.a(lib_a-memset.o)
                              f:/dev/simplicity/developer/toolchains/gnu_arm/4.9_2015q3/bin/../lib/gcc/arm-none-eabi/4.9.3/../../../../arm-none-eabi/lib/armv7-m/crt0.o (memset)
f:/dev/simplicity/developer/toolchains/gnu_arm/4.9_2015q3/bin/../lib/gcc/arm-none-eabi/4.9.3/../../../../arm-none-eabi/lib/armv7-m\libc_nano.a(lib_a-nano-mallocr.o)
                              f:/dev/simplicity/developer/toolchains/gnu_arm/4.9_2015q3/bin/../lib/gcc/arm-none-eabi/4.9.3/../../../../arm-none-eabi/lib/armv7-m\libc_nano.a(lib_a-findfp.o) (_malloc_r)
f:/dev/simplicity/developer/toolchains/gnu_arm/4.9_2015q3/bin/../lib/gcc/arm-none-eabi/4.9.3/../../../../arm-none-eabi/lib/armv7-m\libc_nano.a(lib_a-printf.o)
                              ./src/gpio.o (printf)
f:/dev/simplicity/developer/toolchains/gnu_arm/4.9_2015q3/bin/../lib/gcc/arm-none-eabi/4.9.3/../../../../arm-none-eabi/lib/armv7-m\libc_nano.a(lib_a-sbrkr.o)
[...]
Memory Configuration

Name             Origin             Length             Attributes
FLASH            0x00000000         0x00100000         xr
RAM              0x20000000         0x00020000         xrw
*default*        0x00000000         0xffffffff

Linker script and memory map

LOAD f:/dev/simplicity/developer/toolchains/gnu_arm/4.9_2015q3/bin/../lib/gcc/arm-none-eabi/4.9.3/armv7-m/crti.o
LOAD f:/dev/simplicity/developer/toolchains/gnu_arm/4.9_2015q3/bin/../lib/gcc/arm-none-eabi/4.9.3/armv7-m/crtbegin.o
LOAD f:/dev/simplicity/developer/toolchains/gnu_arm/4.9_2015q3/bin/../lib/gcc/arm-none-eabi/4.9.3/../../../../arm-none-eabi/lib/armv7-m/crt0.o
LOAD ./BSP/bsp_stk_buttons.o
LOAD ./BSP/bsp_stk_leds.o
LOAD ./CMSIS/EFM32GG/startup_gcc_efm32gg.o
LOAD ./CMSIS/EFM32GG/system_efm32gg.o
LOAD ./Drivers/retargetio.o
LOAD ./Drivers/retargetserial.o
LOAD ./Drivers/udelay.o
LOAD ./FreeRTOS/efm32gg/event_groups.o
LOAD ./FreeRTOS/efm32gg/heap_2.o
LOAD ./FreeRTOS/efm32gg/list.o
LOAD ./FreeRTOS/efm32gg/port_gcc.o
LOAD ./FreeRTOS/efm32gg/queue.o
LOAD ./FreeRTOS/efm32gg/tasks.o
LOAD ./FreeRTOS/efm32gg/timers.o
LOAD ./emlib/em_assert.o
LOAD ./emlib/em_cmu.o
LOAD ./emlib/em_core.o
LOAD ./emlib/em_emu.o
LOAD ./emlib/em_gpio.o
LOAD ./emlib/em_lcd.o
LOAD ./emlib/em_rtc.o
LOAD ./emlib/em_system.o
LOAD ./emlib/em_usart.o
LOAD ./emlib/segmentlcd.o
LOAD ./src/gpio.o
LOAD ./src/main.o
LOAD ./src/message.o
START GROUP
LOAD f:/dev/simplicity/developer/toolchains/gnu_arm/4.9_2015q3/bin/../lib/gcc/arm-none-eabi/4.9.3/armv7-m\libgcc.a
LOAD f:/dev/simplicity/developer/toolchains/gnu_arm/4.9_2015q3/bin/../lib/gcc/arm-none-eabi/4.9.3/../../../../arm-none-eabi/lib/armv7-m\libc_nano.a
LOAD f:/dev/simplicity/developer/toolchains/gnu_arm/4.9_2015q3/bin/../lib/gcc/arm-none-eabi/4.9.3/../../../../arm-none-eabi/lib/armv7-m\libnosys.a
END GROUP
START GROUP
LOAD f:/dev/simplicity/developer/toolchains/gnu_arm/4.9_2015q3/bin/../lib/gcc/arm-none-eabi/4.9.3/armv7-m\libgcc.a
LOAD f:/dev/simplicity/developer/toolchains/gnu_arm/4.9_2015q3/bin/../lib/gcc/arm-none-eabi/4.9.3/../../../../arm-none-eabi/lib/armv7-m\libg_nano.a
LOAD f:/dev/simplicity/developer/toolchains/gnu_arm/4.9_2015q3/bin/../lib/gcc/arm-none-eabi/4.9.3/../../../../arm-none-eabi/lib/armv7-m\libc_nano.a
END GROUP
START GROUP
LOAD f:/dev/simplicity/developer/toolchains/gnu_arm/4.9_2015q3/bin/../lib/gcc/arm-none-eabi/4.9.3/armv7-m\libgcc.a
LOAD f:/dev/simplicity/developer/toolchains/gnu_arm/4.9_2015q3/bin/../lib/gcc/arm-none-eabi/4.9.3/../../../../arm-none-eabi/lib/armv7-m\libc_nano.a
END GROUP
LOAD f:/dev/simplicity/developer/toolchains/gnu_arm/4.9_2015q3/bin/../lib/gcc/arm-none-eabi/4.9.3/armv7-m/crtend.o
LOAD f:/dev/simplicity/developer/toolchains/gnu_arm/4.9_2015q3/bin/../lib/gcc/arm-none-eabi/4.9.3/armv7-m/crtn.o

.text           0x00000000     0x7cdc
 *(.vectors)
 .vectors       0x00000000       0xdc ./CMSIS/EFM32GG/startup_gcc_efm32gg.o
                0x00000000                __Vectors
                0x000000dc                __Vectors_End = .
                0x000000dc                __Vectors_Size = (__Vectors_End - __Vectors)
                0x000000dc                __end__ = .
 *(.text*)
 .text          0x000000dc       0x5c f:/dev/simplicity/developer/toolchains/gnu_arm/4.9_2015q3/bin/../lib/gcc/arm-none-eabi/4.9.3/armv7-m/crtbegin.o
 .text          0x00000138       0x74 f:/dev/simplicity/developer/toolchains/gnu_arm/4.9_2015q3/bin/../lib/gcc/arm-none-eabi/4.9.3/../../../../arm-none-eabi/lib/armv7-m/crt0.o
                0x00000138                _start
                0x00000138                _mainCRTStartup
 .text.BUS_RegBitRead
                0x000001ac       0x2c ./BSP/bsp_stk_leds.o
 .text.GPIO_PinOutClear
                0x000001d8       0x98 ./BSP/bsp_stk_leds.o
 .text.GPIO_PinOutGet
                0x00000270       0x98 ./BSP/bsp_stk_leds.o
 .text.GPIO_PinOutSet
                0x00000308       0x98 ./BSP/bsp_stk_leds.o
 .text.GPIO_PinOutToggle
                0x000003a0       0x98 ./BSP/bsp_stk_leds.o
 .text.BSP_LedsInit
                0x00000438       0x5c ./BSP/bsp_stk_leds.o
                0x00000438                BSP_LedsInit
 .text.BSP_LedClear
                0x00000494       0x44 ./BSP/bsp_stk_leds.o
                0x00000494                BSP_LedClear
 .text.BSP_LedGet
                0x000004d8       0x48 ./BSP/bsp_stk_leds.o
                0x000004d8                BSP_LedGet
 .text.BSP_LedSet
                0x00000520       0x44 ./BSP/bsp_stk_leds.o
                0x00000520                BSP_LedSet
 .text.BSP_LedToggle
                0x00000564       0x44 ./BSP/bsp_stk_leds.o
                0x00000564                BSP_LedToggle
 .text          0x000005a8       0x30 ./CMSIS/EFM32GG/startup_gcc_efm32gg.o
                0x000005a8                Reset_Handler
                0x000005d4                DebugMon_Handler
                0x000005d4                USART0_TX_IRQHandler
                0x000005d4                I2C0_IRQHandler
                0x000005d4                HardFault_Handler
                0x000005d4                LEUART1_IRQHandler
                0x000005d4                USART1_RX_IRQHandler
                0x000005d4                NMI_Handler
                0x000005d4                I2C1_IRQHandler
                0x000005d4                TIMER3_IRQHandler
                0x000005d4                USART1_TX_IRQHandler
                0x000005d4                MSC_IRQHandler
                0x000005d4                ADC0_IRQHandler
                0x000005d4                UsageFault_Handler
                0x000005d4                LEUART0_IRQHandler
                0x000005d4                UART0_TX_IRQHandler
                0x000005d4                UART1_TX_IRQHandler
                0x000005d4                RTC_IRQHandler
                0x000005d4                TIMER0_IRQHandler
                0x000005d4                TIMER2_IRQHandler
                0x000005d4                LCD_IRQHandler
                0x000005d4                PCNT2_IRQHandler
                0x000005d4                LETIMER0_IRQHandler
                0x000005d4                TIMER1_IRQHandler
                0x000005d4                USART2_RX_IRQHandler
                0x000005d4                Default_Handler
                0x000005d4                EMU_IRQHandler
                0x000005d4                PCNT0_IRQHandler
                0x000005d4                USB_IRQHandler
                0x000005d4                BURTC_IRQHandler
                0x000005d4                PCNT1_IRQHandler
                0x000005d4                ACMP0_IRQHandler
                0x000005d4                USART0_RX_IRQHandler
                0x000005d4                MemManage_Handler
                0x000005d4                DAC0_IRQHandler
                0x000005d4                UART1_RX_IRQHandler
                0x000005d4                CMU_IRQHandler
                0x000005d4                EBI_IRQHandler
                0x000005d4                LESENSE_IRQHandler
                0x000005d4                AES_IRQHandler
                0x000005d4                VCMP_IRQHandler
                0x000005d4                DMA_IRQHandler
                0x000005d4                BusFault_Handler
                0x000005d4                USART2_TX_IRQHandler
 .text.GetProdRev
                0x000005d8       0x1c ./CMSIS/EFM32GG/system_efm32gg.o
 .text.SystemCoreClockGet
                0x000005f4       0x34 ./CMSIS/EFM32GG/system_efm32gg.o
                0x000005f4                SystemCoreClockGet
 .text.SystemMaxCoreClockGet
                0x00000628       0x14 ./CMSIS/EFM32GG/system_efm32gg.o
                0x00000628                SystemMaxCoreClockGet
 .text.SystemHFClockGet
                0x0000063c      0x100 ./CMSIS/EFM32GG/system_efm32gg.o
                0x0000063c                SystemHFClockGet
 .text.SystemHFXOClockGet
                0x0000073c       0x18 ./CMSIS/EFM32GG/system_efm32gg.o
                0x0000073c                SystemHFXOClockGet
 .text.SystemInit
                0x00000754        0xc ./CMSIS/EFM32GG/system_efm32gg.o
                0x00000754                SystemInit
 .text.SystemLFRCOClockGet
                0x00000760       0x14 ./CMSIS/EFM32GG/system_efm32gg.o
                0x00000760                SystemLFRCOClockGet
 .text.SystemULFRCOClockGet
                0x00000774       0x14 ./CMSIS/EFM32GG/system_efm32gg.o
                0x00000774                SystemULFRCOClockGet
 .text.SystemLFXOClockGet
                0x00000788       0x18 ./CMSIS/EFM32GG/system_efm32gg.o
                0x00000788                SystemLFXOClockGet
 .text._close   0x000007a0       0x18 ./Drivers/retargetio.o
                0x000007a0                _close
 .text._exit    0x000007b8        0xc ./Drivers/retargetio.o
                0x000007b8                _exit
 .text._fstat   0x000007c4       0x20 ./Drivers/retargetio.o
                0x000007c4                _fstat
 .text._isatty  0x000007e4       0x18 ./Drivers/retargetio.o
                0x000007e4                _isatty
 .text._lseek   0x000007fc       0x1c ./Drivers/retargetio.o
                0x000007fc                _lseek
 .text._read    0x00000818       0x58 ./Drivers/retargetio.o
                0x00000818                _read
 .text._sbrk    0x00000870       0x7c ./Drivers/retargetio.o
                0x00000870                _sbrk
 .text._write   0x000008ec       0x38 ./Drivers/retargetio.o
                0x000008ec                _write
 .text.NVIC_EnableIRQ
                0x00000924       0x30 ./Drivers/retargetserial.o
 .text.NVIC_ClearPendingIRQ
                0x00000954       0x34 ./Drivers/retargetserial.o
 .text.NVIC_SetPriority
                0x00000988       0x54 ./Drivers/retargetserial.o
 .text.USART_IntClear
                0x000009dc       0x1c ./Drivers/retargetserial.o
 .text.USART_IntEnable
                0x000009f8       0x20 ./Drivers/retargetserial.o
 .text.UART0_RX_IRQHandler
                0x00000a18       0x78 ./Drivers/retargetserial.o
                0x00000a18                UART0_RX_IRQHandler
 .text.RETARGET_SerialCrLf
                0x00000a90       0x2c ./Drivers/retargetserial.o
                0x00000a90                RETARGET_SerialCrLf
 .text.RETARGET_SerialInit
                0x00000abc       0xd4 ./Drivers/retargetserial.o
                0x00000abc                RETARGET_SerialInit
 .text.RETARGET_ReadChar
                0x00000b90       0x7c ./Drivers/retargetserial.o
                0x00000b90                RETARGET_ReadChar
 .text.RETARGET_WriteChar
                0x00000c0c       0x68 ./Drivers/retargetserial.o
                0x00000c0c                RETARGET_WriteChar
 .text.NVIC_ClearPendingIRQ
                0x00000c74       0x34 ./Drivers/udelay.o
 .text.RTC_CounterGet
                0x00000ca8       0x18 ./Drivers/udelay.o
 .text.UDELAY_Calibrate
                0x00000cc0      0x1b4 ./Drivers/udelay.o
                0x00000cc0                UDELAY_Calibrate
 .text.calibrate_delay
                0x00000e74       0xd8 ./Drivers/udelay.o
 .text.clock    0x00000f4c       0x10 ./Drivers/udelay.o
 .text._delay   0x00000f5c       0x18 ./Drivers/udelay.o
 .text.pvPortMalloc
                0x00000f74      0x11c ./FreeRTOS/efm32gg/heap_2.o
                0x00000f74                pvPortMalloc
 .text.vPortFree
                0x00001090       0x70 ./FreeRTOS/efm32gg/heap_2.o
                0x00001090                vPortFree
 .text.prvHeapInit
                0x00001100       0x50 ./FreeRTOS/efm32gg/heap_2.o
 .text.vListInitialise
                0x00001150       0x40 ./FreeRTOS/efm32gg/list.o
                0x00001150                vListInitialise
 .text.vListInitialiseItem
                0x00001190       0x18 ./FreeRTOS/efm32gg/list.o
                0x00001190                vListInitialiseItem
 .text.vListInsertEnd
                0x000011a8       0x48 ./FreeRTOS/efm32gg/list.o
                0x000011a8                vListInsertEnd
 .text.vListInsert
                0x000011f0       0x70 ./FreeRTOS/efm32gg/list.o
                0x000011f0                vListInsert
 .text.uxListRemove
                0x00001260       0x54 ./FreeRTOS/efm32gg/list.o
                0x00001260                uxListRemove
 .text.pxPortInitialiseStack
                0x000012b4       0x5c ./FreeRTOS/efm32gg/port_gcc.o
                0x000012b4                pxPortInitialiseStack
 .text.prvTaskExitError
                0x00001310       0x34 ./FreeRTOS/efm32gg/port_gcc.o
 *fill*         0x00001344        0xc 
 .text.SVC_Handler
                0x00001350       0x24 ./FreeRTOS/efm32gg/port_gcc.o
                0x00001350                SVC_Handler
 .text.prvPortStartFirstTask
                0x00001374       0x20 ./FreeRTOS/efm32gg/port_gcc.o
 .text.xPortStartScheduler
                0x00001394       0xbc ./FreeRTOS/efm32gg/port_gcc.o
                0x00001394                xPortStartScheduler
 .text.vPortEnterCritical
                0x00001450       0x50 ./FreeRTOS/efm32gg/port_gcc.o
                0x00001450                vPortEnterCritical
 .text.vPortExitCritical
                0x000014a0       0x44 ./FreeRTOS/efm32gg/port_gcc.o
                0x000014a0                vPortExitCritical
 *fill*         0x000014e4        0xc 
 .text.PendSV_Handler
                0x000014f0       0x44 ./FreeRTOS/efm32gg/port_gcc.o
                0x000014f0                PendSV_Handler
 .text.SysTick_Handler
                0x00001534       0x40 ./FreeRTOS/efm32gg/port_gcc.o
                0x00001534                SysTick_Handler
 .text.vPortSetupTimerInterrupt
                0x00001574       0x24 ./FreeRTOS/efm32gg/port_gcc.o
                0x00001574                vPortSetupTimerInterrupt
 .text.vPortValidateInterruptPriority
                0x00001598       0x64 ./FreeRTOS/efm32gg/port_gcc.o
                0x00001598                vPortValidateInterruptPriority
 .text.xQueueGenericReset
                0x000015fc       0xc8 ./FreeRTOS/efm32gg/queue.o
                0x000015fc                xQueueGenericReset
 .text.xQueueGenericCreate
                0x000016c4       0x6c ./FreeRTOS/efm32gg/queue.o
                0x000016c4                xQueueGenericCreate
 .text.prvInitialiseNewQueue
                0x00001730       0x3c ./FreeRTOS/efm32gg/queue.o
 .text.xQueueGenericSend
                0x0000176c      0x1bc ./FreeRTOS/efm32gg/queue.o
                0x0000176c                xQueueGenericSend
 .text.xQueueGenericSendFromISR
                0x00001928       0xfc ./FreeRTOS/efm32gg/queue.o
                0x00001928                xQueueGenericSendFromISR
 .text.xQueueGiveFromISR
                0x00001a24       0xec ./FreeRTOS/efm32gg/queue.o
                0x00001a24                xQueueGiveFromISR
 .text.xQueueGenericReceive
                0x00001b10      0x1fc ./FreeRTOS/efm32gg/queue.o
                0x00001b10                xQueueGenericReceive
 .text.prvCopyDataToQueue
                0x00001d0c       0xd8 ./FreeRTOS/efm32gg/queue.o
 .text.prvCopyDataFromQueue
                0x00001de4       0x4c ./FreeRTOS/efm32gg/queue.o
 .text.prvUnlockQueue
                0x00001e30       0xa4 ./FreeRTOS/efm32gg/queue.o
 .text.prvIsQueueEmpty
                0x00001ed4       0x2c ./FreeRTOS/efm32gg/queue.o
 .text.prvIsQueueFull
                0x00001f00       0x30 ./FreeRTOS/efm32gg/queue.o
 .text.vQueueAddToRegistry
                0x00001f30       0x50 ./FreeRTOS/efm32gg/queue.o
                0x00001f30                vQueueAddToRegistry
 .text.vQueueWaitForMessageRestricted
                0x00001f80       0x6c ./FreeRTOS/efm32gg/queue.o
                0x00001f80                vQueueWaitForMessageRestricted
 .text.xTaskCreate
                0x00001fec       0x84 ./FreeRTOS/efm32gg/tasks.o
                0x00001fec                xTaskCreate
 .text.prvInitialiseNewTask
                0x00002070       0xf4 ./FreeRTOS/efm32gg/tasks.o
 .text.prvAddNewTaskToReadyList
                0x00002164       0xd8 ./FreeRTOS/efm32gg/tasks.o
 .text.eTaskGetState
                0x0000223c       0xac ./FreeRTOS/efm32gg/tasks.o
                0x0000223c                eTaskGetState
 .text.prvTaskIsTaskSuspended
                0x000022e8       0x6c ./FreeRTOS/efm32gg/tasks.o
 .text.vTaskResume
                0x00002354       0xb4 ./FreeRTOS/efm32gg/tasks.o
                0x00002354                vTaskResume
 .text.vTaskStartScheduler
                0x00002408       0x90 ./FreeRTOS/efm32gg/tasks.o
                0x00002408                vTaskStartScheduler
 .text.vTaskSuspendAll
                0x00002498       0x1c ./FreeRTOS/efm32gg/tasks.o
                0x00002498                vTaskSuspendAll
 .text.xTaskResumeAll
                0x000024b4      0x134 ./FreeRTOS/efm32gg/tasks.o
                0x000024b4                xTaskResumeAll
 .text.xTaskGetTickCount
                0x000025e8       0x20 ./FreeRTOS/efm32gg/tasks.o
                0x000025e8                xTaskGetTickCount
 .text.xTaskIncrementTick
                0x00002608      0x178 ./FreeRTOS/efm32gg/tasks.o
                0x00002608                xTaskIncrementTick
 .text.vTaskSwitchContext
                0x00002780       0xa8 ./FreeRTOS/efm32gg/tasks.o
                0x00002780                vTaskSwitchContext
 .text.vTaskPlaceOnEventList
                0x00002828       0x40 ./FreeRTOS/efm32gg/tasks.o
                0x00002828                vTaskPlaceOnEventList
 .text.vTaskPlaceOnEventListRestricted
                0x00002868       0x4c ./FreeRTOS/efm32gg/tasks.o
                0x00002868                vTaskPlaceOnEventListRestricted
 .text.xTaskRemoveFromEventList
                0x000028b4       0xc0 ./FreeRTOS/efm32gg/tasks.o
                0x000028b4                xTaskRemoveFromEventList
 .text.vTaskSetTimeOutState
                0x00002974       0x3c ./FreeRTOS/efm32gg/tasks.o
                0x00002974                vTaskSetTimeOutState
 .text.xTaskCheckForTimeOut
                0x000029b0       0xac ./FreeRTOS/efm32gg/tasks.o
                0x000029b0                xTaskCheckForTimeOut
 .text.vTaskMissedYield
                0x00002a5c       0x18 ./FreeRTOS/efm32gg/tasks.o
                0x00002a5c                vTaskMissedYield
 .text.prvIdleTask
                0x00002a74       0x10 ./FreeRTOS/efm32gg/tasks.o
 .text.prvInitialiseTaskLists
                0x00002a84       0x7c ./FreeRTOS/efm32gg/tasks.o
 .text.prvCheckTasksWaitingTermination
                0x00002b00       0x74 ./FreeRTOS/efm32gg/tasks.o
 .text.prvDeleteTCB
                0x00002b74       0x20 ./FreeRTOS/efm32gg/tasks.o
 .text.prvResetNextTaskUnblockTime
                0x00002b94       0x48 ./FreeRTOS/efm32gg/tasks.o
 .text.xTaskGetSchedulerState
                0x00002bdc       0x3c ./FreeRTOS/efm32gg/tasks.o
                0x00002bdc                xTaskGetSchedulerState
 .text.vTaskPriorityInherit
                0x00002c18       0xf0 ./FreeRTOS/efm32gg/tasks.o
                0x00002c18                vTaskPriorityInherit
 .text.xTaskPriorityDisinherit
                0x00002d08       0xfc ./FreeRTOS/efm32gg/tasks.o
                0x00002d08                xTaskPriorityDisinherit
 .text.pvTaskIncrementMutexHeldCount
                0x00002e04       0x28 ./FreeRTOS/efm32gg/tasks.o
                0x00002e04                pvTaskIncrementMutexHeldCount
 .text.prvAddCurrentTaskToDelayedList
                0x00002e2c       0xc8 ./FreeRTOS/efm32gg/tasks.o
 .text.xTimerCreateTimerTask
                0x00002ef4       0x5c ./FreeRTOS/efm32gg/timers.o
                0x00002ef4                xTimerCreateTimerTask
 .text.xTimerCreate
                0x00002f50       0x3c ./FreeRTOS/efm32gg/timers.o
                0x00002f50                xTimerCreate
 .text.prvInitialiseNewTimer
                0x00002f8c       0x5c ./FreeRTOS/efm32gg/timers.o
 .text.xTimerGenericCommand
                0x00002fe8       0xa0 ./FreeRTOS/efm32gg/timers.o
                0x00002fe8                xTimerGenericCommand
 .text.prvProcessExpiredTimer
                0x00003088       0x78 ./FreeRTOS/efm32gg/timers.o
 .text.prvTimerTask
                0x00003100       0x24 ./FreeRTOS/efm32gg/timers.o
 .text.prvProcessTimerOrBlockTask
                0x00003124       0x9c ./FreeRTOS/efm32gg/timers.o
 .text.prvGetNextExpireTime
                0x000031c0       0x48 ./FreeRTOS/efm32gg/timers.o
 .text.prvSampleTimeNow
                0x00003208       0x40 ./FreeRTOS/efm32gg/timers.o
 .text.prvInsertTimerInActiveList
                0x00003248       0x84 ./FreeRTOS/efm32gg/timers.o
 .text.prvProcessReceivedCommands
                0x000032cc      0x11c ./FreeRTOS/efm32gg/timers.o
 .text.prvSwitchTimerLists
                0x000033e8       0xb8 ./FreeRTOS/efm32gg/timers.o
 .text.prvCheckForValidListAndQueue
                0x000034a0       0x6c ./FreeRTOS/efm32gg/timers.o
 .text.xTimerIsTimerActive
                0x0000350c       0x44 ./FreeRTOS/efm32gg/timers.o
                0x0000350c                xTimerIsTimerActive
 .text.assertEFM
                0x00003550        0xc ./emlib/em_assert.o
                0x00003550                assertEFM
 .text.BUS_RegBitWrite
                0x0000355c       0x2c ./emlib/em_cmu.o
 .text.BUS_RegBitRead
                0x00003588       0x2c ./emlib/em_cmu.o
 .text.CMU_DivToLog2
                0x000035b4       0x3c ./emlib/em_cmu.o
 .text.CMU_Log2ToDiv
                0x000035f0       0x1c ./emlib/em_cmu.o
 .text.SYSTEM_GetProdRev
                0x0000360c       0x1c ./emlib/em_cmu.o
 .text.SYSTEM_GetFamily
                0x00003628       0x20 ./emlib/em_cmu.o
 .text.maxFreqHfle
                0x00003648       0x84 ./emlib/em_cmu.o
 .text.setHfLeConfig
                0x000036cc       0x60 ./emlib/em_cmu.o
 .text.getHfLeConfig
                0x0000372c       0x20 ./emlib/em_cmu.o
 .text.auxClkGet
                0x0000374c       0xc0 ./emlib/em_cmu.o
 .text.dbgClkGet
                0x0000380c       0x4c ./emlib/em_cmu.o
 .text.flashWaitStateControl
                0x00003858       0xb8 ./emlib/em_cmu.o
 .text.flashWaitStateMax
                0x00003910       0x14 ./emlib/em_cmu.o
 .text.CMU_UpdateWaitStates
                0x00003924       0x18 ./emlib/em_cmu.o
                0x00003924                CMU_UpdateWaitStates
 .text.lfClkGet
                0x0000393c      0x10c ./emlib/em_cmu.o
 .text.syncReg  0x00003a48       0x34 ./emlib/em_cmu.o
 .text.usbCClkGet
                0x00003a7c       0x4c ./emlib/em_cmu.o
 .text.CMU_ClockDivGet
                0x00003ac8      0x194 ./emlib/em_cmu.o
                0x00003ac8                CMU_ClockDivGet
 .text.CMU_ClockDivSet
                0x00003c5c      0x2c4 ./emlib/em_cmu.o
                0x00003c5c                CMU_ClockDivSet
 .text.CMU_ClockEnable
                0x00003f20       0xdc ./emlib/em_cmu.o
                0x00003f20                CMU_ClockEnable
 .text.CMU_ClockFreqGet
                0x00003ffc      0x1e4 ./emlib/em_cmu.o
                0x00003ffc                CMU_ClockFreqGet
 .text.CMU_ClockSelectGet
                0x000041e0      0x168 ./emlib/em_cmu.o
                0x000041e0                CMU_ClockSelectGet
 .text.CMU_ClockSelectSet
                0x00004348      0x2d8 ./emlib/em_cmu.o
                0x00004348                CMU_ClockSelectSet
 .text.CMU_LCDClkFDIVSet
                0x00004620       0x4c ./emlib/em_cmu.o
                0x00004620                CMU_LCDClkFDIVSet
 .text.CMU_OscillatorEnable
                0x0000466c       0xc8 ./emlib/em_cmu.o
                0x0000466c                CMU_OscillatorEnable
 .text.CORE_EnterAtomic
                0x00004734       0x20 ./emlib/em_core.o
                0x00004734                CORE_EnterAtomic
 .text.CORE_ExitAtomic
                0x00004754       0x1c ./emlib/em_core.o
                0x00004754                CORE_ExitAtomic
 .text.BUS_RegBitWrite
                0x00004770       0x2c ./emlib/em_gpio.o
 .text.BUS_RegMaskedWrite
                0x0000479c       0x28 ./emlib/em_gpio.o
 .text.GPIO_PinOutClear
                0x000047c4       0x98 ./emlib/em_gpio.o
 .text.GPIO_PinOutSet
                0x0000485c       0x98 ./emlib/em_gpio.o
 .text.GPIO_ExtIntConfig
                0x000048f4      0x114 ./emlib/em_gpio.o
                0x000048f4                GPIO_ExtIntConfig
 .text.GPIO_PinModeSet
                0x00004a08      0x150 ./emlib/em_gpio.o
                0x00004a08                GPIO_PinModeSet
 .text.LCD_Enable
                0x00004b58       0x38 ./emlib/em_lcd.o
 .text.BUS_RegBitWrite
                0x00004b90       0x2c ./emlib/em_lcd.o
 .text.LCD_Init
                0x00004bbc       0x88 ./emlib/em_lcd.o
                0x00004bbc                LCD_Init
 .text.LCD_VLCDSelect
                0x00004c44       0x44 ./emlib/em_lcd.o
                0x00004c44                LCD_VLCDSelect
 .text.LCD_SegmentRangeEnable
                0x00004c88       0x40 ./emlib/em_lcd.o
                0x00004c88                LCD_SegmentRangeEnable
 .text.LCD_SegmentSet
                0x00004cc8      0x214 ./emlib/em_lcd.o
                0x00004cc8                LCD_SegmentSet
 .text.LCD_SegmentSetLow
                0x00004edc      0x198 ./emlib/em_lcd.o
                0x00004edc                LCD_SegmentSetLow
 .text.LCD_SegmentSetHigh
                0x00005074      0x18c ./emlib/em_lcd.o
                0x00005074                LCD_SegmentSetHigh
 .text.LCD_VBoostSet
                0x00005200       0x28 ./emlib/em_lcd.o
                0x00005200                LCD_VBoostSet
 .text.BUS_RegBitWrite
                0x00005228       0x2c ./emlib/em_rtc.o
 .text.RTC_Enable
                0x00005254       0x20 ./emlib/em_rtc.o
                0x00005254                RTC_Enable
 .text.RTC_FreezeEnable
                0x00005274       0x2c ./emlib/em_rtc.o
                0x00005274                RTC_FreezeEnable
 .text.RTC_Init
                0x000052a0       0x50 ./emlib/em_rtc.o
                0x000052a0                RTC_Init
 .text.USART_BaudrateAsyncSet
                0x000052f0      0x130 ./emlib/em_usart.o
                0x000052f0                USART_BaudrateAsyncSet
 .text.USART_Enable
                0x00005420       0x78 ./emlib/em_usart.o
                0x00005420                USART_Enable
 .text.USART_InitAsync
                0x00005498       0xc0 ./emlib/em_usart.o
                0x00005498                USART_InitAsync
 .text.USART_Reset
                0x00005558       0xb8 ./emlib/em_usart.o
                0x00005558                USART_Reset
 .text.USART_Rx
                0x00005610       0x28 ./emlib/em_usart.o
                0x00005610                USART_Rx
 .text.USART_Tx
                0x00005638       0x2c ./emlib/em_usart.o
                0x00005638                USART_Tx
 .text.LCD_FreezeEnable
                0x00005664       0x2c ./emlib/segmentlcd.o
 .text.LCD_SyncBusyDelay
                0x00005690       0x24 ./emlib/segmentlcd.o
 .text.LCD_IntDisable
                0x000056b4       0x24 ./emlib/segmentlcd.o
 .text.SegmentLCD_AllOff
                0x000056d8       0xac ./emlib/segmentlcd.o
                0x000056d8                SegmentLCD_AllOff
 .text.SegmentLCD_AlphaNumberOff
                0x00005784       0xa8 ./emlib/segmentlcd.o
                0x00005784                SegmentLCD_AlphaNumberOff
 .text.SegmentLCD_Init
                0x0000582c       0xb8 ./emlib/segmentlcd.o
                0x0000582c                SegmentLCD_Init
 .text.SegmentLCD_Write
                0x000058e4       0xd8 ./emlib/segmentlcd.o
                0x000058e4                SegmentLCD_Write
 .text.NVIC_SetPriorityGrouping
                0x000059bc       0x48 ./src/gpio.o
 .text.NVIC_EnableIRQ
                0x00005a04       0x30 ./src/gpio.o
 .text.NVIC_ClearPendingIRQ
                0x00005a34       0x34 ./src/gpio.o
 .text.NVIC_SetPriority
                0x00005a68       0x54 ./src/gpio.o
 .text.GPIO_IntClear
                0x00005abc       0x20 ./src/gpio.o
 .text.GPIO_IntGetEnabled
                0x00005adc       0x28 ./src/gpio.o
 .text.initGPIO
                0x00005b04       0x80 ./src/gpio.o
                0x00005b04                initGPIO
 .text.GPIO_ODD_IRQHandler
                0x00005b84       0x60 ./src/gpio.o
                0x00005b84                GPIO_ODD_IRQHandler
 .text.GPIO_EVEN_IRQHandler
                0x00005be4       0x60 ./src/gpio.o
                0x00005be4                GPIO_EVEN_IRQHandler
 .text.main     0x00005c44      0x120 ./src/main.o
                0x00005c44                main
 .text.initHardware
                0x00005d64       0x24 ./src/main.o
                0x00005d64                initHardware
 .text.prvTaskCharToMessageDEMUX
                0x00005d88      0x14c ./src/main.o
 .text.prv1SecondTimerCallback
                0x00005ed4       0xc4 ./src/main.o
 .text.prvTaskUARTRXHandler
                0x00005f98       0x44 ./src/main.o
 .text.prvTaskCharToMessage
                0x00005fdc      0x288 ./src/main.o
 .text.prvTaskPB0
                0x00006264       0x40 ./src/main.o
 .text.prvTaskPB1
                0x000062a4       0x40 ./src/main.o
 .text.print_commands
                0x000062e4       0xbc ./src/message.o
                0x000062e4                print_commands
 .text.welcomeText
                0x000063a0       0x34 ./src/message.o
                0x000063a0                welcomeText
 .text.exit     0x000063d4       0x28 f:/dev/simplicity/developer/toolchains/gnu_arm/4.9_2015q3/bin/../lib/gcc/arm-none-eabi/4.9.3/../../../../arm-none-eabi/lib/armv7-m\libc_nano.a(lib_a-exit.o)
                0x000063d4                exit
 .text.fileno   0x000063fc       0x5c f:/dev/simplicity/developer/toolchains/gnu_arm/4.9_2015q3/bin/../lib/gcc/arm-none-eabi/4.9.3/../../../../arm-none-eabi/lib/armv7-m\libc_nano.a(lib_a-fileno.o)
                0x000063fc                fileno
 .text._cleanup_r
                0x00006458        0xc f:/dev/simplicity/developer/toolchains/gnu_arm/4.9_2015q3/bin/../lib/gcc/arm-none-eabi/4.9.3/../../../../arm-none-eabi/lib/armv7-m\libc_nano.a(lib_a-findfp.o)
                0x00006458                _cleanup_r
 .text.std.isra.0
                0x00006464       0x48 f:/dev/simplicity/developer/toolchains/gnu_arm/4.9_2015q3/bin/../lib/gcc/arm-none-eabi/4.9.3/../../../../arm-none-eabi/lib/armv7-m\libc_nano.a(lib_a-findfp.o)
 .text.__sfmoreglue
                0x000064ac       0x2c f:/dev/simplicity/developer/toolchains/gnu_arm/4.9_2015q3/bin/../lib/gcc/arm-none-eabi/4.9.3/../../../../arm-none-eabi/lib/armv7-m\libc_nano.a(lib_a-findfp.o)
                0x000064ac                __sfmoreglue
 .text.__sinit  0x000064d8       0x60 f:/dev/simplicity/developer/toolchains/gnu_arm/4.9_2015q3/bin/../lib/gcc/arm-none-eabi/4.9.3/../../../../arm-none-eabi/lib/armv7-m\libc_nano.a(lib_a-findfp.o)
                0x000064d8                __sinit
 .text.__sfp    0x00006538       0x74 f:/dev/simplicity/developer/toolchains/gnu_arm/4.9_2015q3/bin/../lib/gcc/arm-none-eabi/4.9.3/../../../../arm-none-eabi/lib/armv7-m\libc_nano.a(lib_a-findfp.o)
                0x00006538                __sfp
 .text._fwalk_reent
                0x000065ac       0x3c f:/dev/simplicity/developer/toolchains/gnu_arm/4.9_2015q3/bin/../lib/gcc/arm-none-eabi/4.9.3/../../../../arm-none-eabi/lib/armv7-m\libc_nano.a(lib_a-fwalk.o)
                0x000065ac                _fwalk_reent
 .text.__libc_init_array
                0x000065e8       0x4c f:/dev/simplicity/developer/toolchains/gnu_arm/4.9_2015q3/bin/../lib/gcc/arm-none-eabi/4.9.3/../../../../arm-none-eabi/lib/armv7-m\libc_nano.a(lib_a-init.o)
                0x000065e8                __libc_init_array
 .text.memcpy   0x00006634       0x16 f:/dev/simplicity/developer/toolchains/gnu_arm/4.9_2015q3/bin/../lib/gcc/arm-none-eabi/4.9.3/../../../../arm-none-eabi/lib/armv7-m\libc_nano.a(lib_a-memcpy.o)
                0x00006634                memcpy
 .text.memset   0x0000664a       0x10 f:/dev/simplicity/developer/toolchains/gnu_arm/4.9_2015q3/bin/../lib/gcc/arm-none-eabi/4.9.3/../../../../arm-none-eabi/lib/armv7-m\libc_nano.a(lib_a-memset.o)
                0x0000664a                memset
 *fill*         0x0000665a        0x2 
 .text._malloc_r
                0x0000665c       0xac f:/dev/simplicity/developer/toolchains/gnu_arm/4.9_2015q3/bin/../lib/gcc/arm-none-eabi/4.9.3/../../../../arm-none-eabi/lib/armv7-m\libc_nano.a(lib_a-nano-mallocr.o)
                0x0000665c                _malloc_r
 .text.printf   0x00006708       0x30 f:/dev/simplicity/developer/toolchains/gnu_arm/4.9_2015q3/bin/../lib/gcc/arm-none-eabi/4.9.3/../../../../arm-none-eabi/lib/armv7-m\libc_nano.a(lib_a-printf.o)
                0x00006708                iprintf
                0x00006708                printf
 .text._sbrk_r  0x00006738       0x20 f:/dev/simplicity/developer/toolchains/gnu_arm/4.9_2015q3/bin/../lib/gcc/arm-none-eabi/4.9.3/../../../../arm-none-eabi/lib/armv7-m\libc_nano.a(lib_a-sbrkr.o)
                0x00006738                _sbrk_r
 .text.setvbuf  0x00006758      0x110 f:/dev/simplicity/developer/toolchains/gnu_arm/4.9_2015q3/bin/../lib/gcc/arm-none-eabi/4.9.3/../../../../arm-none-eabi/lib/armv7-m\libc_nano.a(lib_a-setvbuf.o)
                0x00006758                setvbuf
 .text.__sread  0x00006868       0x22 f:/dev/simplicity/developer/toolchains/gnu_arm/4.9_2015q3/bin/../lib/gcc/arm-none-eabi/4.9.3/../../../../arm-none-eabi/lib/armv7-m\libc_nano.a(lib_a-stdio.o)
                0x00006868                __sread
 .text.__swrite
                0x0000688a       0x38 f:/dev/simplicity/developer/toolchains/gnu_arm/4.9_2015q3/bin/../lib/gcc/arm-none-eabi/4.9.3/../../../../arm-none-eabi/lib/armv7-m\libc_nano.a(lib_a-stdio.o)
                0x0000688a                __swrite
 .text.__sseek  0x000068c2       0x24 f:/dev/simplicity/developer/toolchains/gnu_arm/4.9_2015q3/bin/../lib/gcc/arm-none-eabi/4.9.3/../../../../arm-none-eabi/lib/armv7-m\libc_nano.a(lib_a-stdio.o)
                0x000068c2                __sseek
 .text.__sclose
                0x000068e6        0x8 f:/dev/simplicity/developer/toolchains/gnu_arm/4.9_2015q3/bin/../lib/gcc/arm-none-eabi/4.9.3/../../../../arm-none-eabi/lib/armv7-m\libc_nano.a(lib_a-stdio.o)
                0x000068e6                __sclose
 .text          0x000068ee       0x14 f:/dev/simplicity/developer/toolchains/gnu_arm/4.9_2015q3/bin/../lib/gcc/arm-none-eabi/4.9.3/../../../../arm-none-eabi/lib/armv7-m\libc_nano.a(lib_a-strcmp.o)
                0x000068ee                strcmp
 .text.strlen   0x00006902       0x10 f:/dev/simplicity/developer/toolchains/gnu_arm/4.9_2015q3/bin/../lib/gcc/arm-none-eabi/4.9.3/../../../../arm-none-eabi/lib/armv7-m\libc_nano.a(lib_a-strlen.o)
                0x00006902                strlen
 *fill*         0x00006912        0x2 
 .text._write_r
                0x00006914       0x24 f:/dev/simplicity/developer/toolchains/gnu_arm/4.9_2015q3/bin/../lib/gcc/arm-none-eabi/4.9.3/../../../../arm-none-eabi/lib/armv7-m\libc_nano.a(lib_a-writer.o)
                0x00006914                _write_r
 .text._close_r
                0x00006938       0x20 f:/dev/simplicity/developer/toolchains/gnu_arm/4.9_2015q3/bin/../lib/gcc/arm-none-eabi/4.9.3/../../../../arm-none-eabi/lib/armv7-m\libc_nano.a(lib_a-closer.o)
                0x00006938                _close_r
 .text.__sflush_r
                0x00006958      0x106 f:/dev/simplicity/developer/toolchains/gnu_arm/4.9_2015q3/bin/../lib/gcc/arm-none-eabi/4.9.3/../../../../arm-none-eabi/lib/armv7-m\libc_nano.a(lib_a-fflush.o)
                0x00006958                __sflush_r
 *fill*         0x00006a5e        0x2 
 .text._fflush_r
                0x00006a60       0x54 f:/dev/simplicity/developer/toolchains/gnu_arm/4.9_2015q3/bin/../lib/gcc/arm-none-eabi/4.9.3/../../../../arm-none-eabi/lib/armv7-m\libc_nano.a(lib_a-fflush.o)
                0x00006a60                _fflush_r
 .text._lseek_r
                0x00006ab4       0x24 f:/dev/simplicity/developer/toolchains/gnu_arm/4.9_2015q3/bin/../lib/gcc/arm-none-eabi/4.9.3/../../../../arm-none-eabi/lib/armv7-m\libc_nano.a(lib_a-lseekr.o)
                0x00006ab4                _lseek_r
 .text.malloc   0x00006ad8       0x10 f:/dev/simplicity/developer/toolchains/gnu_arm/4.9_2015q3/bin/../lib/gcc/arm-none-eabi/4.9.3/../../../../arm-none-eabi/lib/armv7-m\libc_nano.a(lib_a-malloc.o)
                0x00006ad8                malloc
 .text._free_r  0x00006ae8       0x88 f:/dev/simplicity/developer/toolchains/gnu_arm/4.9_2015q3/bin/../lib/gcc/arm-none-eabi/4.9.3/../../../../arm-none-eabi/lib/armv7-m\libc_nano.a(lib_a-nano-freer.o)
                0x00006ae8                _free_r
 .text.__sfputc_r
                0x00006b70       0x2c f:/dev/simplicity/developer/toolchains/gnu_arm/4.9_2015q3/bin/../lib/gcc/arm-none-eabi/4.9.3/../../../../arm-none-eabi/lib/armv7-m\libc_nano.a(lib_a-nano-vfprintf.o)
 .text.__sfputs_r
                0x00006b9c       0x24 f:/dev/simplicity/developer/toolchains/gnu_arm/4.9_2015q3/bin/../lib/gcc/arm-none-eabi/4.9.3/../../../../arm-none-eabi/lib/armv7-m\libc_nano.a(lib_a-nano-vfprintf.o)
                0x00006b9c                __sfputs_r
 .text._vfprintf_r
                0x00006bc0      0x210 f:/dev/simplicity/developer/toolchains/gnu_arm/4.9_2015q3/bin/../lib/gcc/arm-none-eabi/4.9.3/../../../../arm-none-eabi/lib/armv7-m\libc_nano.a(lib_a-nano-vfprintf.o)
                0x00006bc0                _vfprintf_r
                0x00006bc0                _vfiprintf_r
 .text._printf_common
                0x00006dd0       0xea f:/dev/simplicity/developer/toolchains/gnu_arm/4.9_2015q3/bin/../lib/gcc/arm-none-eabi/4.9.3/../../../../arm-none-eabi/lib/armv7-m\libc_nano.a(lib_a-nano-vfprintf_i.o)
                0x00006dd0                _printf_common
 *fill*         0x00006eba        0x2 
 .text._printf_i
                0x00006ebc      0x240 f:/dev/simplicity/developer/toolchains/gnu_arm/4.9_2015q3/bin/../lib/gcc/arm-none-eabi/4.9.3/../../../../arm-none-eabi/lib/armv7-m\libc_nano.a(lib_a-nano-vfprintf_i.o)
                0x00006ebc                _printf_i
 .text._read_r  0x000070fc       0x24 f:/dev/simplicity/developer/toolchains/gnu_arm/4.9_2015q3/bin/../lib/gcc/arm-none-eabi/4.9.3/../../../../arm-none-eabi/lib/armv7-m\libc_nano.a(lib_a-readr.o)
                0x000070fc                _read_r
 .text.__swbuf_r
                0x00007120       0xa8 f:/dev/simplicity/developer/toolchains/gnu_arm/4.9_2015q3/bin/../lib/gcc/arm-none-eabi/4.9.3/../../../../arm-none-eabi/lib/armv7-m\libc_nano.a(lib_a-wbuf.o)
                0x00007120                __swbuf_r
 .text.__swsetup_r
                0x000071c8       0xd8 f:/dev/simplicity/developer/toolchains/gnu_arm/4.9_2015q3/bin/../lib/gcc/arm-none-eabi/4.9.3/../../../../arm-none-eabi/lib/armv7-m\libc_nano.a(lib_a-wsetup.o)
                0x000071c8                __swsetup_r
 .text.__smakebuf_r
                0x000072a0       0x98 f:/dev/simplicity/developer/toolchains/gnu_arm/4.9_2015q3/bin/../lib/gcc/arm-none-eabi/4.9.3/../../../../arm-none-eabi/lib/armv7-m\libc_nano.a(lib_a-makebuf.o)
                0x000072a0                __smakebuf_r
 .text.memchr   0x00007338       0x1c f:/dev/simplicity/developer/toolchains/gnu_arm/4.9_2015q3/bin/../lib/gcc/arm-none-eabi/4.9.3/../../../../arm-none-eabi/lib/armv7-m\libc_nano.a(lib_a-memchr.o)
                0x00007338                memchr
 .text._fstat_r
                0x00007354       0x24 f:/dev/simplicity/developer/toolchains/gnu_arm/4.9_2015q3/bin/../lib/gcc/arm-none-eabi/4.9.3/../../../../arm-none-eabi/lib/armv7-m\libc_nano.a(lib_a-fstatr.o)
                0x00007354                _fstat_r
 .text._isatty_r
                0x00007378       0x20 f:/dev/simplicity/developer/toolchains/gnu_arm/4.9_2015q3/bin/../lib/gcc/arm-none-eabi/4.9.3/../../../../arm-none-eabi/lib/armv7-m\libc_nano.a(lib_a-isattyr.o)
                0x00007378                _isatty_r
 *(.init)
 .init          0x00007398        0x4 f:/dev/simplicity/developer/toolchains/gnu_arm/4.9_2015q3/bin/../lib/gcc/arm-none-eabi/4.9.3/armv7-m/crti.o
                0x00007398                _init
 .init          0x0000739c        0x8 f:/dev/simplicity/developer/toolchains/gnu_arm/4.9_2015q3/bin/../lib/gcc/arm-none-eabi/4.9.3/armv7-m/crtn.o
 *(.fini)
 .fini          0x000073a4        0x4 f:/dev/simplicity/developer/toolchains/gnu_arm/4.9_2015q3/bin/../lib/gcc/arm-none-eabi/4.9.3/armv7-m/crti.o
                0x000073a4                _fini
 .fini          0x000073a8        0x8 f:/dev/simplicity/developer/toolchains/gnu_arm/4.9_2015q3/bin/../lib/gcc/arm-none-eabi/4.9.3/armv7-m/crtn.o
 *crtbegin.o(.ctors)
 *crtbegin?.o(.ctors)
 *(EXCLUDE_FILE(*crtend.o *crtend?.o) .ctors)
 *(SORT(.ctors.*))
 *(.ctors)
 *crtbegin.o(.dtors)
 *crtbegin?.o(.dtors)
 *(EXCLUDE_FILE(*crtend.o *crtend?.o) .dtors)
 *(SORT(.dtors.*))
 *(.dtors)
 *(.rodata*)
 .rodata        0x000073b0       0x53 ./BSP/bsp_stk_leds.o
 *fill*         0x00007403        0x1 
 .rodata.ledArray
                0x00007404       0x10 ./BSP/bsp_stk_leds.o
 .rodata.heaperr.6418
                0x00007414       0x1a ./Drivers/retargetio.o
 *fill*         0x0000742e        0x2 
 .rodata        0x00007430       0x18 ./Drivers/retargetserial.o
 .rodata        0x00007448        0x3 ./Drivers/udelay.o
 *fill*         0x0000744b        0x1 
 .rodata        0x0000744c       0x1f ./FreeRTOS/efm32gg/port_gcc.o
 *fill*         0x0000746b        0x1 
 .rodata        0x0000746c       0x1c ./FreeRTOS/efm32gg/queue.o
 .rodata        0x00007488       0x21 ./FreeRTOS/efm32gg/tasks.o
 *fill*         0x000074a9        0x3 
 .rodata        0x000074ac       0x2d ./FreeRTOS/efm32gg/timers.o
 *fill*         0x000074d9        0x3 
 .rodata        0x000074dc       0x66 ./emlib/em_cmu.o
 *fill*         0x00007542        0x2 
 .rodata        0x00007544       0x67 ./emlib/em_gpio.o
 *fill*         0x000075ab        0x1 
 .rodata        0x000075ac       0x12 ./emlib/em_lcd.o
 *fill*         0x000075be        0x2 
 .rodata        0x000075c0       0x14 ./emlib/em_usart.o
 .rodata.EFM_Display
                0x000075d4      0x1fe ./emlib/segmentlcd.o
 *fill*         0x000077d2        0x2 
 .rodata.EFM_Alphabet
                0x000077d4       0xb8 ./emlib/segmentlcd.o
 .rodata.lcdInit
                0x0000788c       0x14 ./emlib/segmentlcd.o
 .rodata        0x000078a0       0x38 ./src/gpio.o
 .rodata        0x000078d8      0x11a ./src/main.o
 *fill*         0x000079f2        0x2 
 .rodata        0x000079f4      0x21d ./src/message.o
 *fill*         0x00007c11        0x3 
 .rodata.__sf_fake_stdin
                0x00007c14       0x20 f:/dev/simplicity/developer/toolchains/gnu_arm/4.9_2015q3/bin/../lib/gcc/arm-none-eabi/4.9.3/../../../../arm-none-eabi/lib/armv7-m\libc_nano.a(lib_a-findfp.o)
                0x00007c14                __sf_fake_stdin
 .rodata.__sf_fake_stdout
                0x00007c34       0x20 f:/dev/simplicity/developer/toolchains/gnu_arm/4.9_2015q3/bin/../lib/gcc/arm-none-eabi/4.9.3/../../../../arm-none-eabi/lib/armv7-m\libc_nano.a(lib_a-findfp.o)
                0x00007c34                __sf_fake_stdout
 .rodata.__sf_fake_stderr
                0x00007c54       0x20 f:/dev/simplicity/developer/toolchains/gnu_arm/4.9_2015q3/bin/../lib/gcc/arm-none-eabi/4.9.3/../../../../arm-none-eabi/lib/armv7-m\libc_nano.a(lib_a-findfp.o)
                0x00007c54                __sf_fake_stderr
 .rodata.str1.1
                0x00007c74        0x2 f:/dev/simplicity/developer/toolchains/gnu_arm/4.9_2015q3/bin/../lib/gcc/arm-none-eabi/4.9.3/../../../../arm-none-eabi/lib/armv7-m\libc_nano.a(lib_a-impure.o)
 *fill*         0x00007c76        0x2 
 .rodata._global_impure_ptr
                0x00007c78        0x4 f:/dev/simplicity/developer/toolchains/gnu_arm/4.9_2015q3/bin/../lib/gcc/arm-none-eabi/4.9.3/../../../../arm-none-eabi/lib/armv7-m\libc_nano.a(lib_a-impure.o)
                0x00007c78                _global_impure_ptr
 .rodata.str1.1
                0x00007c7c       0x11 f:/dev/simplicity/developer/toolchains/gnu_arm/4.9_2015q3/bin/../lib/gcc/arm-none-eabi/4.9.3/../../../../arm-none-eabi/lib/armv7-m\libc_nano.a(lib_a-nano-vfprintf.o)
 .rodata.str1.1
                0x00007c8d       0x22 f:/dev/simplicity/developer/toolchains/gnu_arm/4.9_2015q3/bin/../lib/gcc/arm-none-eabi/4.9.3/../../../../arm-none-eabi/lib/armv7-m\libc_nano.a(lib_a-nano-vfprintf_i.o)
 *(.eh_frame*)
 *fill*         0x00007caf        0x1 
 .eh_frame      0x00007cb0        0x0 f:/dev/simplicity/developer/toolchains/gnu_arm/4.9_2015q3/bin/../lib/gcc/arm-none-eabi/4.9.3/armv7-m/crtbegin.o
 .eh_frame      0x00007cb0       0x28 f:/dev/simplicity/developer/toolchains/gnu_arm/4.9_2015q3/bin/../lib/gcc/arm-none-eabi/4.9.3/../../../../arm-none-eabi/lib/armv7-m\libc_nano.a(lib_a-strcmp.o)
 .eh_frame      0x00007cd8        0x4 f:/dev/simplicity/developer/toolchains/gnu_arm/4.9_2015q3/bin/../lib/gcc/arm-none-eabi/4.9.3/armv7-m/crtend.o

.glue_7         0x00007cdc        0x0
 .glue_7        0x00000000        0x0 linker stubs

.glue_7t        0x00007cdc        0x0
 .glue_7t       0x00000000        0x0 linker stubs

.vfp11_veneer   0x00007cdc        0x0
 .vfp11_veneer  0x00000000        0x0 linker stubs

.v4_bx          0x00007cdc        0x0
 .v4_bx         0x00000000        0x0 linker stubs

.iplt           0x00007cdc        0x0
 .iplt          0x00000000        0x0 f:/dev/simplicity/developer/toolchains/gnu_arm/4.9_2015q3/bin/../lib/gcc/arm-none-eabi/4.9.3/armv7-m/crtbegin.o

.ARM.extab
 *(.ARM.extab* .gnu.linkonce.armextab.*)
                0x00007cdc                __exidx_start = .

.ARM.exidx      0x00007cdc        0x8
 *(.ARM.exidx* .gnu.linkonce.armexidx.*)
 .ARM.exidx     0x00007cdc        0x8 f:/dev/simplicity/developer/toolchains/gnu_arm/4.9_2015q3/bin/../lib/gcc/arm-none-eabi/4.9.3/../../../../arm-none-eabi/lib/armv7-m/crt0.o
                0x00007ce4                __exidx_end = .
                0x00007ce4                __etext = .

.rel.dyn        0x00007ce4        0x0
 .rel.iplt      0x00000000        0x0 f:/dev/simplicity/developer/toolchains/gnu_arm/4.9_2015q3/bin/../lib/gcc/arm-none-eabi/4.9.3/armv7-m/crtbegin.o

.data           0x20000000       0x8c load address 0x00007ce4
                0x20000000                __data_start__ = .
 *(vtable)
 *(.data*)
 .data.SystemHFXOClock
                0x20000000        0x4 ./CMSIS/EFM32GG/system_efm32gg.o
 .data.SystemLFXOClock
                0x20000004        0x4 ./CMSIS/EFM32GG/system_efm32gg.o
 .data.SystemCoreClock
                0x20000008        0x4 ./CMSIS/EFM32GG/system_efm32gg.o
                0x20000008                SystemCoreClock
 .data.loops_per_jiffy
                0x2000000c        0x4 ./Drivers/udelay.o
                0x2000000c                loops_per_jiffy
 .data.xFreeBytesRemaining
                0x20000010        0x4 ./FreeRTOS/efm32gg/heap_2.o
 .data.uxCriticalNesting
                0x20000014        0x4 ./FreeRTOS/efm32gg/port_gcc.o
 .data.dirRight
                0x20000018        0x1 ./src/main.o
                0x20000018                dirRight
 .data.command_id.7571
                0x20000019        0x1 ./src/main.o
 *fill*         0x2000001a        0x2 
 .data.impure_data
                0x2000001c       0x60 f:/dev/simplicity/developer/toolchains/gnu_arm/4.9_2015q3/bin/../lib/gcc/arm-none-eabi/4.9.3/../../../../arm-none-eabi/lib/armv7-m\libc_nano.a(lib_a-impure.o)
 .data._impure_ptr
                0x2000007c        0x4 f:/dev/simplicity/developer/toolchains/gnu_arm/4.9_2015q3/bin/../lib/gcc/arm-none-eabi/4.9.3/../../../../arm-none-eabi/lib/armv7-m\libc_nano.a(lib_a-impure.o)
                0x2000007c                _impure_ptr
                0x20000080                . = ALIGN (0x4)
 *(.ram)
                0x20000080                . = ALIGN (0x4)
                0x20000080                PROVIDE (__preinit_array_start, .)
 *(.preinit_array)
                0x20000080                PROVIDE (__preinit_array_end, .)
                0x20000080                . = ALIGN (0x4)
                0x20000080                PROVIDE (__init_array_start, .)
 *(SORT(.init_array.*))
 *(.init_array)
 .init_array    0x20000080        0x4 f:/dev/simplicity/developer/toolchains/gnu_arm/4.9_2015q3/bin/../lib/gcc/arm-none-eabi/4.9.3/armv7-m/crtbegin.o
                0x20000084                PROVIDE (__init_array_end, .)
                0x20000084                . = ALIGN (0x4)
                0x20000084                PROVIDE (__fini_array_start, .)
 *(SORT(.fini_array.*))
 *(.fini_array)
 .fini_array    0x20000084        0x4 f:/dev/simplicity/developer/toolchains/gnu_arm/4.9_2015q3/bin/../lib/gcc/arm-none-eabi/4.9.3/armv7-m/crtbegin.o
                0x20000088                PROVIDE (__fini_array_end, .)
 *(.jcr*)
 .jcr           0x20000088        0x0 f:/dev/simplicity/developer/toolchains/gnu_arm/4.9_2015q3/bin/../lib/gcc/arm-none-eabi/4.9.3/armv7-m/crtbegin.o
 .jcr           0x20000088        0x4 f:/dev/simplicity/developer/toolchains/gnu_arm/4.9_2015q3/bin/../lib/gcc/arm-none-eabi/4.9.3/armv7-m/crtend.o
                0x2000008c                . = ALIGN (0x4)
                0x2000008c                __data_end__ = .

.igot.plt       0x2000008c        0x0 load address 0x00007d70
 .igot.plt      0x00000000        0x0 f:/dev/simplicity/developer/toolchains/gnu_arm/4.9_2015q3/bin/../lib/gcc/arm-none-eabi/4.9.3/armv7-m/crtbegin.o

.bss            0x2000008c     0x25e4 load address 0x00007d70
                0x2000008c                . = ALIGN (0x4)
                0x2000008c                __bss_start__ = .
 *(.bss*)
 .bss           0x2000008c       0x1c f:/dev/simplicity/developer/toolchains/gnu_arm/4.9_2015q3/bin/../lib/gcc/arm-none-eabi/4.9.3/armv7-m/crtbegin.o
 .bss.heap_end.6416
                0x200000a8        0x4 ./Drivers/retargetio.o
 .bss.rxReadIndex
                0x200000ac        0x4 ./Drivers/retargetserial.o
 .bss.rxCount   0x200000b0        0x4 ./Drivers/retargetserial.o
 .bss.rxBuffer  0x200000b4        0x8 ./Drivers/retargetserial.o
 .bss.LFtoCRLF  0x200000bc        0x1 ./Drivers/retargetserial.o
 .bss.initialized
                0x200000bd        0x1 ./Drivers/retargetserial.o
 *fill*         0x200000be        0x2 
 .bss.ucHeap    0x200000c0     0x2328 ./FreeRTOS/efm32gg/heap_2.o
 .bss.xStart    0x200023e8        0x8 ./FreeRTOS/efm32gg/heap_2.o
 .bss.xEnd      0x200023f0        0x8 ./FreeRTOS/efm32gg/heap_2.o
 .bss.xHeapHasBeenInitialised.4399
                0x200023f8        0x4 ./FreeRTOS/efm32gg/heap_2.o
 .bss.ucMaxSysCallPriority
                0x200023fc        0x1 ./FreeRTOS/efm32gg/port_gcc.o
 *fill*         0x200023fd        0x3 
 .bss.ulMaxPRIGROUPValue
                0x20002400        0x4 ./FreeRTOS/efm32gg/port_gcc.o
 .bss.pxCurrentTCB
                0x20002404        0x4 ./FreeRTOS/efm32gg/tasks.o
                0x20002404                pxCurrentTCB
 .bss.pxReadyTasksLists
                0x20002408       0x78 ./FreeRTOS/efm32gg/tasks.o
 .bss.xDelayedTaskList1
                0x20002480       0x14 ./FreeRTOS/efm32gg/tasks.o
 .bss.xDelayedTaskList2
                0x20002494       0x14 ./FreeRTOS/efm32gg/tasks.o
 .bss.pxDelayedTaskList
                0x200024a8        0x4 ./FreeRTOS/efm32gg/tasks.o
 .bss.pxOverflowDelayedTaskList
                0x200024ac        0x4 ./FreeRTOS/efm32gg/tasks.o
 .bss.xPendingReadyList
                0x200024b0       0x14 ./FreeRTOS/efm32gg/tasks.o
 .bss.xTasksWaitingTermination
                0x200024c4       0x14 ./FreeRTOS/efm32gg/tasks.o
 .bss.uxDeletedTasksWaitingCleanUp
                0x200024d8        0x4 ./FreeRTOS/efm32gg/tasks.o
 .bss.xSuspendedTaskList
                0x200024dc       0x14 ./FreeRTOS/efm32gg/tasks.o
 .bss.uxCurrentNumberOfTasks
                0x200024f0        0x4 ./FreeRTOS/efm32gg/tasks.o
 .bss.xTickCount
                0x200024f4        0x4 ./FreeRTOS/efm32gg/tasks.o
 .bss.uxTopReadyPriority
                0x200024f8        0x4 ./FreeRTOS/efm32gg/tasks.o
 .bss.xSchedulerRunning
                0x200024fc        0x4 ./FreeRTOS/efm32gg/tasks.o
 .bss.uxPendedTicks
                0x20002500        0x4 ./FreeRTOS/efm32gg/tasks.o
 .bss.xYieldPending
                0x20002504        0x4 ./FreeRTOS/efm32gg/tasks.o
 .bss.xNumOfOverflows
                0x20002508        0x4 ./FreeRTOS/efm32gg/tasks.o
 .bss.uxTaskNumber
                0x2000250c        0x4 ./FreeRTOS/efm32gg/tasks.o
 .bss.xNextTaskUnblockTime
                0x20002510        0x4 ./FreeRTOS/efm32gg/tasks.o
 .bss.xIdleTaskHandle
                0x20002514        0x4 ./FreeRTOS/efm32gg/tasks.o
 .bss.uxSchedulerSuspended
                0x20002518        0x4 ./FreeRTOS/efm32gg/tasks.o
 .bss.xActiveTimerList1
                0x2000251c       0x14 ./FreeRTOS/efm32gg/timers.o
 .bss.xActiveTimerList2
                0x20002530       0x14 ./FreeRTOS/efm32gg/timers.o
 .bss.pxCurrentTimerList
                0x20002544        0x4 ./FreeRTOS/efm32gg/timers.o
 .bss.pxOverflowTimerList
                0x20002548        0x4 ./FreeRTOS/efm32gg/timers.o
 .bss.xTimerQueue
                0x2000254c        0x4 ./FreeRTOS/efm32gg/timers.o
 .bss.xTimerTaskHandle
                0x20002550        0x4 ./FreeRTOS/efm32gg/timers.o
 .bss.xLastTime.4671
                0x20002554        0x4 ./FreeRTOS/efm32gg/timers.o
 .bss.g_messageSize
                0x20002558        0x1 ./src/main.o
                0x20002558                g_messageSize
 .bss.giStartPosition
                0x20002559        0x1 ./src/main.o
                0x20002559                giStartPosition
 .bss.UART_rxChar
                0x2000255a        0x1 ./src/main.o
                0x2000255a                UART_rxChar
 .bss.messageID.7558
                0x2000255b        0x1 ./src/main.o
 .bss.rxChar.7570
                0x2000255c        0x1 ./src/main.o
 *fill*         0x2000255d        0x3 
 .bss.cntrPB0.7581
                0x20002560        0x4 ./src/main.o
 .bss.cntrPB1.7586
                0x20002564        0x4 ./src/main.o
 .bss.__malloc_sbrk_start
                0x20002568        0x4 f:/dev/simplicity/developer/toolchains/gnu_arm/4.9_2015q3/bin/../lib/gcc/arm-none-eabi/4.9.3/../../../../arm-none-eabi/lib/armv7-m\libc_nano.a(lib_a-nano-mallocr.o)
                0x20002568                __malloc_sbrk_start
 .bss.__malloc_free_list
                0x2000256c        0x4 f:/dev/simplicity/developer/toolchains/gnu_arm/4.9_2015q3/bin/../lib/gcc/arm-none-eabi/4.9.3/../../../../arm-none-eabi/lib/armv7-m\libc_nano.a(lib_a-nano-mallocr.o)
                0x2000256c                __malloc_free_list
 *(COMMON)
 COMMON         0x20002570       0x50 ./FreeRTOS/efm32gg/queue.o
                0x20002570                xQueueRegistry
 COMMON         0x200025c0       0xac ./src/main.o
                0x200025c0                scrollingText
                0x200025f4                xSemaphoreUART
                0x200025f8                xTaskToNotify
                0x200025fc                semPB0
                0x20002600                handleMessageTask
                0x20002604                handleGetLEDTask0
                0x20002608                handleTimer
                0x2000260c                x1SecondTimer
                0x20002610                handleGetLEDTask1
                0x20002614                g_message
                0x20002648                xMessageQueue
                0x2000264c                handleSetLEDTask0
                0x20002650                gc_LCD_text
                0x20002658                xCharQueue
                0x2000265c                semPB1
                0x20002660                x1SecondTimerStarted
                0x20002664                semUART
                0x20002668                handleSetLEDTask1
 COMMON         0x2000266c        0x4 f:/dev/simplicity/developer/toolchains/gnu_arm/4.9_2015q3/bin/../lib/gcc/arm-none-eabi/4.9.3/../../../../arm-none-eabi/lib/armv7-m\libc_nano.a(lib_a-reent.o)
                0x2000266c                errno
                0x20002670                . = ALIGN (0x4)
                0x20002670                __bss_end__ = .

.heap           0x20002670      0xc00
                0x20002670                __HeapBase = .
                0x20002670                __end__ = .
                0x20002670                end = __end__
                0x20002670                _end = __end__
 *(.heap*)
 .heap          0x20002670      0xc00 ./CMSIS/EFM32GG/startup_gcc_efm32gg.o
                0x20003270                __HeapLimit = .

.stack_dummy    0x20002670      0x400
 *(.stack*)
 .stack         0x20002670      0x400 ./CMSIS/EFM32GG/startup_gcc_efm32gg.o
                0x20020000                __StackTop = (ORIGIN (RAM) + 0x20000)
                0x2001fc00                __StackLimit = (__StackTop - SIZEOF (.stack_dummy))
                0x20020000                PROVIDE (__stack, __StackTop)
                0x00000001                ASSERT ((__StackLimit >= __HeapLimit), region RAM overflowed with stack)
                0x00000001                ASSERT ((0x100000 >= (__etext + SIZEOF (.data))), FLASH memory overflowed !)
OUTPUT(GeckoCLI.axf elf32-littlearm)

.ARM.attributes
                0x00000000       0x29
 .ARM.attributes
                0x00000000       0x1d f:/dev/simplicity/developer/toolchains/gnu_arm/4.9_2015q3/bin/../lib/gcc/arm-none-eabi/4.9.3/armv7-m/crti.o
 .ARM.attributes
                0x0000001d       0x2d f:/dev/simplicity/developer/toolchains/gnu_arm/4.9_2015q3/bin/../lib/gcc/arm-none-eabi/4.9.3/armv7-m/crtbegin.o
 .ARM.attributes
                0x0000004a       0x1b f:/dev/simplicity/developer/toolchains/gnu_arm/4.9_2015q3/bin/../lib/gcc/arm-none-eabi/4.9.3/../../../../arm-none-eabi/lib/armv7-m/crt0.o
 .ARM.attributes
                0x00000065       0x33 ./BSP/bsp_stk_leds.o
 .ARM.attributes
                0x00000098       0x1b ./CMSIS/EFM32GG/startup_gcc_efm32gg.o
 .ARM.attributes
                0x000000b3       0x33 ./CMSIS/EFM32GG/system_efm32gg.o
 .ARM.attributes
                0x000000e6       0x33 ./Drivers/retargetio.o
 .ARM.attributes
                0x00000119       0x33 ./Drivers/retargetserial.o
 .ARM.attributes
                0x0000014c       0x33 ./Drivers/udelay.o
 .ARM.attributes
                0x0000017f       0x33 ./FreeRTOS/efm32gg/heap_2.o
 .ARM.attributes
                0x000001b2       0x33 ./FreeRTOS/efm32gg/list.o
 .ARM.attributes
                0x000001e5       0x33 ./FreeRTOS/efm32gg/port_gcc.o
 .ARM.attributes
                0x00000218       0x33 ./FreeRTOS/efm32gg/queue.o
 .ARM.attributes
                0x0000024b       0x33 ./FreeRTOS/efm32gg/tasks.o
 .ARM.attributes
                0x0000027e       0x33 ./FreeRTOS/efm32gg/timers.o
 .ARM.attributes
                0x000002b1       0x33 ./emlib/em_assert.o
 .ARM.attributes
                0x000002e4       0x33 ./emlib/em_cmu.o
 .ARM.attributes
                0x00000317       0x33 ./emlib/em_core.o
 .ARM.attributes
                0x0000034a       0x33 ./emlib/em_gpio.o
 .ARM.attributes
                0x0000037d       0x33 ./emlib/em_lcd.o
 .ARM.attributes
                0x000003b0       0x33 ./emlib/em_rtc.o
 .ARM.attributes
                0x000003e3       0x33 ./emlib/em_usart.o
 .ARM.attributes
                0x00000416       0x33 ./emlib/segmentlcd.o
 .ARM.attributes
                0x00000449       0x33 ./src/gpio.o
 .ARM.attributes
                0x0000047c       0x33 ./src/main.o
 .ARM.attributes
                0x000004af       0x33 ./src/message.o
 .ARM.attributes
                0x000004e2       0x2d f:/dev/simplicity/developer/toolchains/gnu_arm/4.9_2015q3/bin/../lib/gcc/arm-none-eabi/4.9.3/../../../../arm-none-eabi/lib/armv7-m\libc_nano.a(lib_a-exit.o)
 .ARM.attributes
                0x0000050f       0x2d f:/dev/simplicity/developer/toolchains/gnu_arm/4.9_2015q3/bin/../lib/gcc/arm-none-eabi/4.9.3/../../../../arm-none-eabi/lib/armv7-m\libc_nano.a(lib_a-fileno.o)
 .ARM.attributes
                0x0000053c       0x2d f:/dev/simplicity/developer/toolchains/gnu_arm/4.9_2015q3/bin/../lib/gcc/arm-none-eabi/4.9.3/../../../../arm-none-eabi/lib/armv7-m\libc_nano.a(lib_a-findfp.o)
 .ARM.attributes
                0x00000569       0x2d f:/dev/simplicity/developer/toolchains/gnu_arm/4.9_2015q3/bin/../lib/gcc/arm-none-eabi/4.9.3/../../../../arm-none-eabi/lib/armv7-m\libc_nano.a(lib_a-fwalk.o)
 .ARM.attributes
                0x00000596       0x2d f:/dev/simplicity/developer/toolchains/gnu_arm/4.9_2015q3/bin/../lib/gcc/arm-none-eabi/4.9.3/../../../../arm-none-eabi/lib/armv7-m\libc_nano.a(lib_a-impure.o)
 .ARM.attributes
                0x000005c3       0x2d f:/dev/simplicity/developer/toolchains/gnu_arm/4.9_2015q3/bin/../lib/gcc/arm-none-eabi/4.9.3/../../../../arm-none-eabi/lib/armv7-m\libc_nano.a(lib_a-init.o)
 .ARM.attributes
                0x000005f0       0x2d f:/dev/simplicity/developer/toolchains/gnu_arm/4.9_2015q3/bin/../lib/gcc/arm-none-eabi/4.9.3/../../../../arm-none-eabi/lib/armv7-m\libc_nano.a(lib_a-memcpy.o)
 .ARM.attributes
                0x0000061d       0x2d f:/dev/simplicity/developer/toolchains/gnu_arm/4.9_2015q3/bin/../lib/gcc/arm-none-eabi/4.9.3/../../../../arm-none-eabi/lib/armv7-m\libc_nano.a(lib_a-memset.o)
 .ARM.attributes
                0x0000064a       0x2d f:/dev/simplicity/developer/toolchains/gnu_arm/4.9_2015q3/bin/../lib/gcc/arm-none-eabi/4.9.3/../../../../arm-none-eabi/lib/armv7-m\libc_nano.a(lib_a-nano-mallocr.o)
 .ARM.attributes
                0x00000677       0x2d f:/dev/simplicity/developer/toolchains/gnu_arm/4.9_2015q3/bin/../lib/gcc/arm-none-eabi/4.9.3/../../../../arm-none-eabi/lib/armv7-m\libc_nano.a(lib_a-printf.o)
 .ARM.attributes
                0x000006a4       0x2d f:/dev/simplicity/developer/toolchains/gnu_arm/4.9_2015q3/bin/../lib/gcc/arm-none-eabi/4.9.3/../../../../arm-none-eabi/lib/armv7-m\libc_nano.a(lib_a-sbrkr.o)
 .ARM.attributes
                0x000006d1       0x2d f:/dev/simplicity/developer/toolchains/gnu_arm/4.9_2015q3/bin/../lib/gcc/arm-none-eabi/4.9.3/../../../../arm-none-eabi/lib/armv7-m\libc_nano.a(lib_a-setvbuf.o)
 .ARM.attributes
                0x000006fe       0x2d f:/dev/simplicity/developer/toolchains/gnu_arm/4.9_2015q3/bin/../lib/gcc/arm-none-eabi/4.9.3/../../../../arm-none-eabi/lib/armv7-m\libc_nano.a(lib_a-stdio.o)
 .ARM.attributes
                0x0000072b       0x1b f:/dev/simplicity/developer/toolchains/gnu_arm/4.9_2015q3/bin/../lib/gcc/arm-none-eabi/4.9.3/../../../../arm-none-eabi/lib/armv7-m\libc_nano.a(lib_a-strcmp.o)
 .ARM.attributes
                0x00000746       0x2d f:/dev/simplicity/developer/toolchains/gnu_arm/4.9_2015q3/bin/../lib/gcc/arm-none-eabi/4.9.3/../../../../arm-none-eabi/lib/armv7-m\libc_nano.a(lib_a-strlen.o)
 .ARM.attributes
                0x00000773       0x2d f:/dev/simplicity/developer/toolchains/gnu_arm/4.9_2015q3/bin/../lib/gcc/arm-none-eabi/4.9.3/../../../../arm-none-eabi/lib/armv7-m\libc_nano.a(lib_a-writer.o)
 .ARM.attributes
                0x000007a0       0x2d f:/dev/simplicity/developer/toolchains/gnu_arm/4.9_2015q3/bin/../lib/gcc/arm-none-eabi/4.9.3/../../../../arm-none-eabi/lib/armv7-m\libc_nano.a(lib_a-closer.o)
 .ARM.attributes
                0x000007cd       0x2d f:/dev/simplicity/developer/toolchains/gnu_arm/4.9_2015q3/bin/../lib/gcc/arm-none-eabi/4.9.3/../../../../arm-none-eabi/lib/armv7-m\libc_nano.a(lib_a-fflush.o)
 .ARM.attributes
                0x000007fa       0x2d f:/dev/simplicity/developer/toolchains/gnu_arm/4.9_2015q3/bin/../lib/gcc/arm-none-eabi/4.9.3/../../../../arm-none-eabi/lib/armv7-m\libc_nano.a(lib_a-lseekr.o)
 .ARM.attributes
                0x00000827       0x2d f:/dev/simplicity/developer/toolchains/gnu_arm/4.9_2015q3/bin/../lib/gcc/arm-none-eabi/4.9.3/../../../../arm-none-eabi/lib/armv7-m\libc_nano.a(lib_a-malloc.o)
 .ARM.attributes
                0x00000854       0x2d f:/dev/simplicity/developer/toolchains/gnu_arm/4.9_2015q3/bin/../lib/gcc/arm-none-eabi/4.9.3/../../../../arm-none-eabi/lib/armv7-m\libc_nano.a(lib_a-nano-freer.o)
 .ARM.attributes
                0x00000881       0x2d f:/dev/simplicity/developer/toolchains/gnu_arm/4.9_2015q3/bin/../lib/gcc/arm-none-eabi/4.9.3/../../../../arm-none-eabi/lib/armv7-m\libc_nano.a(lib_a-nano-vfprintf.o)
 .ARM.attributes
                0x000008ae       0x2d f:/dev/simplicity/developer/toolchains/gnu_arm/4.9_2015q3/bin/../lib/gcc/arm-none-eabi/4.9.3/../../../../arm-none-eabi/lib/armv7-m\libc_nano.a(lib_a-nano-vfprintf_i.o)
 .ARM.attributes
                0x000008db       0x2d f:/dev/simplicity/developer/toolchains/gnu_arm/4.9_2015q3/bin/../lib/gcc/arm-none-eabi/4.9.3/../../../../arm-none-eabi/lib/armv7-m\libc_nano.a(lib_a-readr.o)
 .ARM.attributes
                0x00000908       0x2d f:/dev/simplicity/developer/toolchains/gnu_arm/4.9_2015q3/bin/../lib/gcc/arm-none-eabi/4.9.3/../../../../arm-none-eabi/lib/armv7-m\libc_nano.a(lib_a-reent.o)
 .ARM.attributes
                0x00000935       0x2d f:/dev/simplicity/developer/toolchains/gnu_arm/4.9_2015q3/bin/../lib/gcc/arm-none-eabi/4.9.3/../../../../arm-none-eabi/lib/armv7-m\libc_nano.a(lib_a-wbuf.o)
 .ARM.attributes
                0x00000962       0x2d f:/dev/simplicity/developer/toolchains/gnu_arm/4.9_2015q3/bin/../lib/gcc/arm-none-eabi/4.9.3/../../../../arm-none-eabi/lib/armv7-m\libc_nano.a(lib_a-wsetup.o)
 .ARM.attributes
                0x0000098f       0x2d f:/dev/simplicity/developer/toolchains/gnu_arm/4.9_2015q3/bin/../lib/gcc/arm-none-eabi/4.9.3/../../../../arm-none-eabi/lib/armv7-m\libc_nano.a(lib_a-makebuf.o)
 .ARM.attributes
                0x000009bc       0x2d f:/dev/simplicity/developer/toolchains/gnu_arm/4.9_2015q3/bin/../lib/gcc/arm-none-eabi/4.9.3/../../../../arm-none-eabi/lib/armv7-m\libc_nano.a(lib_a-memchr.o)
 .ARM.attributes
                0x000009e9       0x2d f:/dev/simplicity/developer/toolchains/gnu_arm/4.9_2015q3/bin/../lib/gcc/arm-none-eabi/4.9.3/../../../../arm-none-eabi/lib/armv7-m\libc_nano.a(lib_a-fstatr.o)
 .ARM.attributes
                0x00000a16       0x2d f:/dev/simplicity/developer/toolchains/gnu_arm/4.9_2015q3/bin/../lib/gcc/arm-none-eabi/4.9.3/../../../../arm-none-eabi/lib/armv7-m\libc_nano.a(lib_a-isattyr.o)
 .ARM.attributes
                0x00000a43       0x2d f:/dev/simplicity/developer/toolchains/gnu_arm/4.9_2015q3/bin/../lib/gcc/arm-none-eabi/4.9.3/armv7-m/crtend.o
 .ARM.attributes
                0x00000a70       0x1d f:/dev/simplicity/developer/toolchains/gnu_arm/4.9_2015q3/bin/../lib/gcc/arm-none-eabi/4.9.3/armv7-m/crtn.o

.comment        0x00000000       0x70
 .comment       0x00000000       0x70 ./BSP/bsp_stk_leds.o
                                 0x71 (size before relaxing)
 .comment       0x00000000       0x71 ./CMSIS/EFM32GG/system_efm32gg.o
 .comment       0x00000000       0x71 ./Drivers/retargetio.o
 .comment       0x00000000       0x71 ./Drivers/retargetserial.o
 .comment       0x00000000       0x71 ./Drivers/udelay.o
 .comment       0x00000000       0x71 ./FreeRTOS/efm32gg/heap_2.o
 .comment       0x00000000       0x71 ./FreeRTOS/efm32gg/list.o
 .comment       0x00000000       0x71 ./FreeRTOS/efm32gg/port_gcc.o
 .comment       0x00000000       0x71 ./FreeRTOS/efm32gg/queue.o
 .comment       0x00000000       0x71 ./FreeRTOS/efm32gg/tasks.o
 .comment       0x00000000       0x71 ./FreeRTOS/efm32gg/timers.o
 .comment       0x00000000       0x71 ./emlib/em_assert.o
 .comment       0x00000000       0x71 ./emlib/em_cmu.o
 .comment       0x00000000       0x71 ./emlib/em_core.o
 .comment       0x00000000       0x71 ./emlib/em_gpio.o
 .comment       0x00000000       0x71 ./emlib/em_lcd.o
 .comment       0x00000000       0x71 ./emlib/em_rtc.o
 .comment       0x00000000       0x71 ./emlib/em_usart.o
 .comment       0x00000000       0x71 ./emlib/segmentlcd.o
 .comment       0x00000000       0x71 ./src/gpio.o
 .comment       0x00000000       0x71 ./src/main.o
 .comment       0x00000000       0x71 ./src/message.o

.debug_info     0x00000000     0xdc37
 .debug_info    0x00000000      0x7b4 ./BSP/bsp_stk_leds.o
 .debug_info    0x000007b4       0xa1 ./CMSIS/EFM32GG/startup_gcc_efm32gg.o
 .debug_info    0x00000855      0x582 ./CMSIS/EFM32GG/system_efm32gg.o
 .debug_info    0x00000dd7      0xde4 ./Drivers/retargetio.o
 .debug_info    0x00001bbb     0x162a ./Drivers/retargetserial.o
 .debug_info    0x000031e5      0xa23 ./Drivers/udelay.o
 .debug_info    0x00003c08      0x2fc ./FreeRTOS/efm32gg/heap_2.o
 .debug_info    0x00003f04      0x2d0 ./FreeRTOS/efm32gg/list.o
 .debug_info    0x000041d4      0x3e1 ./FreeRTOS/efm32gg/port_gcc.o
 .debug_info    0x000045b5      0xeb3 ./FreeRTOS/efm32gg/queue.o
 .debug_info    0x00005468     0x16cb ./FreeRTOS/efm32gg/tasks.o
 .debug_info    0x00006b33      0x9d1 ./FreeRTOS/efm32gg/timers.o
 .debug_info    0x00007504       0x7a ./emlib/em_assert.o
 .debug_info    0x0000757e     0x154f ./emlib/em_cmu.o
 .debug_info    0x00008acd      0xcfe ./emlib/em_core.o
 .debug_info    0x000097cb      0x65f ./emlib/em_gpio.o
 .debug_info    0x00009e2a      0xa3a ./emlib/em_lcd.o
 .debug_info    0x0000a864      0x343 ./emlib/em_rtc.o
 .debug_info    0x0000aba7      0xebf ./emlib/em_usart.o
 .debug_info    0x0000ba66     0x11d9 ./emlib/segmentlcd.o
 .debug_info    0x0000cc3f      0x97a ./src/gpio.o
 .debug_info    0x0000d5b9      0x565 ./src/main.o
 .debug_info    0x0000db1e      0x119 ./src/message.o

.debug_abbrev   0x00000000     0x24f9
 .debug_abbrev  0x00000000      0x181 ./BSP/bsp_stk_leds.o
 .debug_abbrev  0x00000181       0x14 ./CMSIS/EFM32GG/startup_gcc_efm32gg.o
 .debug_abbrev  0x00000195      0x16d ./CMSIS/EFM32GG/system_efm32gg.o
 .debug_abbrev  0x00000302      0x25a ./Drivers/retargetio.o
 .debug_abbrev  0x0000055c      0x275 ./Drivers/retargetserial.o
 .debug_abbrev  0x000007d1      0x1cd ./Drivers/udelay.o
 .debug_abbrev  0x0000099e      0x154 ./FreeRTOS/efm32gg/heap_2.o
 .debug_abbrev  0x00000af2       0xc0 ./FreeRTOS/efm32gg/list.o
 .debug_abbrev  0x00000bb2      0x1fa ./FreeRTOS/efm32gg/port_gcc.o
 .debug_abbrev  0x00000dac      0x215 ./FreeRTOS/efm32gg/queue.o
 .debug_abbrev  0x00000fc1      0x27b ./FreeRTOS/efm32gg/tasks.o
 .debug_abbrev  0x0000123c      0x186 ./FreeRTOS/efm32gg/timers.o
 .debug_abbrev  0x000013c2       0x65 ./emlib/em_assert.o
 .debug_abbrev  0x00001427      0x2d1 ./emlib/em_cmu.o
 .debug_abbrev  0x000016f8      0x239 ./emlib/em_core.o
 .debug_abbrev  0x00001931      0x1c0 ./emlib/em_gpio.o
 .debug_abbrev  0x00001af1      0x1a6 ./emlib/em_lcd.o
 .debug_abbrev  0x00001c97      0x17e ./emlib/em_rtc.o
 .debug_abbrev  0x00001e15      0x1c7 ./emlib/em_usart.o
 .debug_abbrev  0x00001fdc      0x17b ./emlib/segmentlcd.o
 .debug_abbrev  0x00002157      0x1cb ./src/gpio.o
 .debug_abbrev  0x00002322      0x145 ./src/main.o
 .debug_abbrev  0x00002467       0x92 ./src/message.o

.debug_loc      0x00000000     0x671a
 .debug_loc     0x00000000      0x3cc ./BSP/bsp_stk_leds.o
 .debug_loc     0x000003cc      0x31c ./CMSIS/EFM32GG/system_efm32gg.o
 .debug_loc     0x000006e8      0x338 ./Drivers/retargetio.o
 .debug_loc     0x00000a20      0x368 ./Drivers/retargetserial.o
 .debug_loc     0x00000d88      0x224 ./Drivers/udelay.o
 .debug_loc     0x00000fac      0x184 ./FreeRTOS/efm32gg/heap_2.o
 .debug_loc     0x00001130      0x1cc ./FreeRTOS/efm32gg/list.o
 .debug_loc     0x000012fc      0x294 ./FreeRTOS/efm32gg/port_gcc.o
 .debug_loc     0x00001590      0x844 ./FreeRTOS/efm32gg/queue.o
 .debug_loc     0x00001dd4      0xf94 ./FreeRTOS/efm32gg/tasks.o
 .debug_loc     0x00002d68      0x5ec ./FreeRTOS/efm32gg/timers.o
 .debug_loc     0x00003354       0x38 ./emlib/em_assert.o
 .debug_loc     0x0000338c      0xd40 ./emlib/em_cmu.o
 .debug_loc     0x000040cc      0x844 ./emlib/em_core.o
 .debug_loc     0x00004910      0x394 ./emlib/em_gpio.o
 .debug_loc     0x00004ca4      0x5b0 ./emlib/em_lcd.o
 .debug_loc     0x00005254      0x274 ./emlib/em_rtc.o
 .debug_loc     0x000054c8      0x6ba ./emlib/em_usart.o
 .debug_loc     0x00005b82      0x60c ./emlib/segmentlcd.o
 .debug_loc     0x0000618e      0x30c ./src/gpio.o
 .debug_loc     0x0000649a      0x1d8 ./src/main.o
 .debug_loc     0x00006672       0xa8 ./src/message.o

.debug_aranges  0x00000000      0xca8
 .debug_aranges
                0x00000000       0x78 ./BSP/bsp_stk_leds.o
 .debug_aranges
                0x00000078       0x20 ./CMSIS/EFM32GG/startup_gcc_efm32gg.o
 .debug_aranges
                0x00000098       0x70 ./CMSIS/EFM32GG/system_efm32gg.o
 .debug_aranges
                0x00000108       0x68 ./Drivers/retargetio.o
 .debug_aranges
                0x00000170       0x68 ./Drivers/retargetserial.o
 .debug_aranges
                0x000001d8       0x50 ./Drivers/udelay.o
 .debug_aranges
                0x00000228       0x40 ./FreeRTOS/efm32gg/heap_2.o
 .debug_aranges
                0x00000268       0x40 ./FreeRTOS/efm32gg/list.o
 .debug_aranges
                0x000002a8       0x78 ./FreeRTOS/efm32gg/port_gcc.o
 .debug_aranges
                0x00000320       0xe8 ./FreeRTOS/efm32gg/queue.o
 .debug_aranges
                0x00000408      0x1a8 ./FreeRTOS/efm32gg/tasks.o
 .debug_aranges
                0x000005b0       0xb8 ./FreeRTOS/efm32gg/timers.o
 .debug_aranges
                0x00000668       0x20 ./emlib/em_assert.o
 .debug_aranges
                0x00000688      0x170 ./emlib/em_cmu.o
 .debug_aranges
                0x000007f8       0xe8 ./emlib/em_core.o
 .debug_aranges
                0x000008e0       0x70 ./emlib/em_gpio.o
 .debug_aranges
                0x00000950       0xa0 ./emlib/em_lcd.o
 .debug_aranges
                0x000009f0       0x58 ./emlib/em_rtc.o
 .debug_aranges
                0x00000a48       0xb8 ./emlib/em_usart.o
 .debug_aranges
                0x00000b00       0xc0 ./emlib/segmentlcd.o
 .debug_aranges
                0x00000bc0       0x60 ./src/gpio.o
 .debug_aranges
                0x00000c20       0x58 ./src/main.o
 .debug_aranges
                0x00000c78       0x30 ./src/message.o

.debug_ranges   0x00000000      0xb28
 .debug_ranges  0x00000000       0x68 ./BSP/bsp_stk_leds.o
 .debug_ranges  0x00000068       0x60 ./CMSIS/EFM32GG/system_efm32gg.o
 .debug_ranges  0x000000c8       0x58 ./Drivers/retargetio.o
 .debug_ranges  0x00000120       0x58 ./Drivers/retargetserial.o
 .debug_ranges  0x00000178       0x40 ./Drivers/udelay.o
 .debug_ranges  0x000001b8       0x30 ./FreeRTOS/efm32gg/heap_2.o
 .debug_ranges  0x000001e8       0x30 ./FreeRTOS/efm32gg/list.o
 .debug_ranges  0x00000218       0x68 ./FreeRTOS/efm32gg/port_gcc.o
 .debug_ranges  0x00000280       0xd8 ./FreeRTOS/efm32gg/queue.o
 .debug_ranges  0x00000358      0x198 ./FreeRTOS/efm32gg/tasks.o
 .debug_ranges  0x000004f0       0xa8 ./FreeRTOS/efm32gg/timers.o
 .debug_ranges  0x00000598       0x10 ./emlib/em_assert.o
 .debug_ranges  0x000005a8      0x160 ./emlib/em_cmu.o
 .debug_ranges  0x00000708       0xd8 ./emlib/em_core.o
 .debug_ranges  0x000007e0       0x60 ./emlib/em_gpio.o
 .debug_ranges  0x00000840       0x90 ./emlib/em_lcd.o
 .debug_ranges  0x000008d0       0x48 ./emlib/em_rtc.o
 .debug_ranges  0x00000918       0xa8 ./emlib/em_usart.o
 .debug_ranges  0x000009c0       0xb0 ./emlib/segmentlcd.o
 .debug_ranges  0x00000a70       0x50 ./src/gpio.o
 .debug_ranges  0x00000ac0       0x48 ./src/main.o
 .debug_ranges  0x00000b08       0x20 ./src/message.o

.debug_line     0x00000000     0x662b
 .debug_line    0x00000000      0x4db ./BSP/bsp_stk_leds.o
 .debug_line    0x000004db       0x72 ./CMSIS/EFM32GG/startup_gcc_efm32gg.o
 .debug_line    0x0000054d      0x2e4 ./CMSIS/EFM32GG/system_efm32gg.o
 .debug_line    0x00000831      0x2f5 ./Drivers/retargetio.o
 .debug_line    0x00000b26      0x4ef ./Drivers/retargetserial.o
 .debug_line    0x00001015      0x35e ./Drivers/udelay.o
 .debug_line    0x00001373      0x2aa ./FreeRTOS/efm32gg/heap_2.o
 .debug_line    0x0000161d      0x272 ./FreeRTOS/efm32gg/list.o
 .debug_line    0x0000188f      0x359 ./FreeRTOS/efm32gg/port_gcc.o
 .debug_line    0x00001be8      0x78d ./FreeRTOS/efm32gg/queue.o
 .debug_line    0x00002375      0xb94 ./FreeRTOS/efm32gg/tasks.o
 .debug_line    0x00002f09      0x4af ./FreeRTOS/efm32gg/timers.o
 .debug_line    0x000033b8       0x4a ./emlib/em_assert.o
 .debug_line    0x00003402      0xa77 ./emlib/em_cmu.o
 .debug_line    0x00003e79      0x5c2 ./emlib/em_core.o
 .debug_line    0x0000443b      0x4f6 ./emlib/em_gpio.o
 .debug_line    0x00004931      0x4ef ./emlib/em_lcd.o
 .debug_line    0x00004e20      0x30a ./emlib/em_rtc.o
 .debug_line    0x0000512a      0x5b5 ./emlib/em_usart.o
 .debug_line    0x000056df      0x5f7 ./emlib/segmentlcd.o
 .debug_line    0x00005cd6      0x411 ./src/gpio.o
 .debug_line    0x000060e7      0x3a4 ./src/main.o
 .debug_line    0x0000648b      0x1a0 ./src/message.o

.debug_str      0x00000000     0x5347
 .debug_str     0x00000000      0x74c ./BSP/bsp_stk_leds.o
                                0x7a0 (size before relaxing)
 .debug_str     0x0000074c      0x28c ./CMSIS/EFM32GG/system_efm32gg.o
                                0x4ba (size before relaxing)
 .debug_str     0x000009d8      0x4fb ./Drivers/retargetio.o
                                0x736 (size before relaxing)
 .debug_str     0x00000ed3      0x7fd ./Drivers/retargetserial.o
                               0x1247 (size before relaxing)
 .debug_str     0x000016d0      0x26e ./Drivers/udelay.o
                                0xabe (size before relaxing)
 .debug_str     0x0000193e      0x16e ./FreeRTOS/efm32gg/heap_2.o
                                0x35d (size before relaxing)
 .debug_str     0x00001aac      0x144 ./FreeRTOS/efm32gg/list.o
                                0x323 (size before relaxing)
 .debug_str     0x00001bf0      0x243 ./FreeRTOS/efm32gg/port_gcc.o
                                0x435 (size before relaxing)
 .debug_str     0x00001e33      0x4d6 ./FreeRTOS/efm32gg/queue.o
                                0x7de (size before relaxing)
 .debug_str     0x00002309      0xa0e ./FreeRTOS/efm32gg/tasks.o
                                0xe0f (size before relaxing)
 .debug_str     0x00002d17      0x41d ./FreeRTOS/efm32gg/timers.o
                                0x742 (size before relaxing)
 .debug_str     0x00003134       0x1f ./emlib/em_assert.o
                                0x151 (size before relaxing)
 .debug_str     0x00003153      0x909 ./emlib/em_cmu.o
                               0x1092 (size before relaxing)
 .debug_str     0x00003a5c      0x308 ./emlib/em_core.o
                                0x851 (size before relaxing)
 .debug_str     0x00003d64      0x14c ./emlib/em_gpio.o
                                0x601 (size before relaxing)
 .debug_str     0x00003eb0      0x69e ./emlib/em_lcd.o
                                0x8fa (size before relaxing)
 .debug_str     0x0000454e       0x7d ./emlib/em_rtc.o
                                0x2e7 (size before relaxing)
 .debug_str     0x000045cb      0x5a3 ./emlib/em_usart.o
                                0xe03 (size before relaxing)
 .debug_str     0x00004b6e      0x434 ./emlib/segmentlcd.o
                                0xdf8 (size before relaxing)
 .debug_str     0x00004fa2      0x10c ./src/gpio.o
                                0x8ac (size before relaxing)
 .debug_str     0x000050ae      0x260 ./src/main.o
                                0x54c (size before relaxing)
 .debug_str     0x0000530e       0x39 ./src/message.o
                                0x225 (size before relaxing)

.debug_frame    0x00000000     0x3880
 .debug_frame   0x00000000      0x1c4 ./BSP/bsp_stk_leds.o
 .debug_frame   0x000001c4      0x180 ./CMSIS/EFM32GG/system_efm32gg.o
 .debug_frame   0x00000344      0x184 ./Drivers/retargetio.o
 .debug_frame   0x000004c8      0x194 ./Drivers/retargetserial.o
 .debug_frame   0x0000065c      0x10c ./Drivers/udelay.o
 .debug_frame   0x00000768       0xc0 ./FreeRTOS/efm32gg/heap_2.o
 .debug_frame   0x00000828       0xd8 ./FreeRTOS/efm32gg/list.o
 .debug_frame   0x00000900      0x178 ./FreeRTOS/efm32gg/port_gcc.o
 .debug_frame   0x00000a78      0x3c8 ./FreeRTOS/efm32gg/queue.o
 .debug_frame   0x00000e40      0x718 ./FreeRTOS/efm32gg/tasks.o
 .debug_frame   0x00001558      0x2d8 ./FreeRTOS/efm32gg/timers.o
 .debug_frame   0x00001830       0x2c ./emlib/em_assert.o
 .debug_frame   0x0000185c      0x62c ./emlib/em_cmu.o
 .debug_frame   0x00001e88      0x3c4 ./emlib/em_core.o
 .debug_frame   0x0000224c      0x1b0 ./emlib/em_gpio.o
 .debug_frame   0x000023fc      0x294 ./emlib/em_lcd.o
 .debug_frame   0x00002690      0x130 ./emlib/em_rtc.o
 .debug_frame   0x000027c0      0x308 ./emlib/em_usart.o
 .debug_frame   0x00002ac8      0x2ec ./emlib/segmentlcd.o
 .debug_frame   0x00002db4      0x16c ./src/gpio.o
 .debug_frame   0x00002f20      0x11c ./src/main.o
 .debug_frame   0x0000303c       0x6c ./src/message.o
 .debug_frame   0x000030a8       0x28 f:/dev/simplicity/developer/toolchains/gnu_arm/4.9_2015q3/bin/../lib/gcc/arm-none-eabi/4.9.3/../../../../arm-none-eabi/lib/armv7-m\libc_nano.a(lib_a-exit.o)
 .debug_frame   0x000030d0       0x2c f:/dev/simplicity/developer/toolchains/gnu_arm/4.9_2015q3/bin/../lib/gcc/arm-none-eabi/4.9.3/../../../../arm-none-eabi/lib/armv7-m\libc_nano.a(lib_a-fileno.o)
 .debug_frame   0x000030fc      0x11c f:/dev/simplicity/developer/toolchains/gnu_arm/4.9_2015q3/bin/../lib/gcc/arm-none-eabi/4.9.3/../../../../arm-none-eabi/lib/armv7-m\libc_nano.a(lib_a-findfp.o)
 .debug_frame   0x00003218       0x54 f:/dev/simplicity/developer/toolchains/gnu_arm/4.9_2015q3/bin/../lib/gcc/arm-none-eabi/4.9.3/../../../../arm-none-eabi/lib/armv7-m\libc_nano.a(lib_a-fwalk.o)
 .debug_frame   0x0000326c       0x2c f:/dev/simplicity/developer/toolchains/gnu_arm/4.9_2015q3/bin/../lib/gcc/arm-none-eabi/4.9.3/../../../../arm-none-eabi/lib/armv7-m\libc_nano.a(lib_a-init.o)
 .debug_frame   0x00003298       0x28 f:/dev/simplicity/developer/toolchains/gnu_arm/4.9_2015q3/bin/../lib/gcc/arm-none-eabi/4.9.3/../../../../arm-none-eabi/lib/armv7-m\libc_nano.a(lib_a-memcpy.o)
 .debug_frame   0x000032c0       0x20 f:/dev/simplicity/developer/toolchains/gnu_arm/4.9_2015q3/bin/../lib/gcc/arm-none-eabi/4.9.3/../../../../arm-none-eabi/lib/armv7-m\libc_nano.a(lib_a-memset.o)
 .debug_frame   0x000032e0       0x2c f:/dev/simplicity/developer/toolchains/gnu_arm/4.9_2015q3/bin/../lib/gcc/arm-none-eabi/4.9.3/../../../../arm-none-eabi/lib/armv7-m\libc_nano.a(lib_a-nano-mallocr.o)
 .debug_frame   0x0000330c       0x74 f:/dev/simplicity/developer/toolchains/gnu_arm/4.9_2015q3/bin/../lib/gcc/arm-none-eabi/4.9.3/../../../../arm-none-eabi/lib/armv7-m\libc_nano.a(lib_a-printf.o)
 .debug_frame   0x00003380       0x2c f:/dev/simplicity/developer/toolchains/gnu_arm/4.9_2015q3/bin/../lib/gcc/arm-none-eabi/4.9.3/../../../../arm-none-eabi/lib/armv7-m\libc_nano.a(lib_a-sbrkr.o)
 .debug_frame   0x000033ac       0x30 f:/dev/simplicity/developer/toolchains/gnu_arm/4.9_2015q3/bin/../lib/gcc/arm-none-eabi/4.9.3/../../../../arm-none-eabi/lib/armv7-m\libc_nano.a(lib_a-setvbuf.o)
 .debug_frame   0x000033dc       0x88 f:/dev/simplicity/developer/toolchains/gnu_arm/4.9_2015q3/bin/../lib/gcc/arm-none-eabi/4.9.3/../../../../arm-none-eabi/lib/armv7-m\libc_nano.a(lib_a-stdio.o)
 .debug_frame   0x00003464       0x20 f:/dev/simplicity/developer/toolchains/gnu_arm/4.9_2015q3/bin/../lib/gcc/arm-none-eabi/4.9.3/../../../../arm-none-eabi/lib/armv7-m\libc_nano.a(lib_a-strlen.o)
 .debug_frame   0x00003484       0x2c f:/dev/simplicity/developer/toolchains/gnu_arm/4.9_2015q3/bin/../lib/gcc/arm-none-eabi/4.9.3/../../../../arm-none-eabi/lib/armv7-m\libc_nano.a(lib_a-writer.o)
 .debug_frame   0x000034b0       0x2c f:/dev/simplicity/developer/toolchains/gnu_arm/4.9_2015q3/bin/../lib/gcc/arm-none-eabi/4.9.3/../../../../arm-none-eabi/lib/armv7-m\libc_nano.a(lib_a-closer.o)
 .debug_frame   0x000034dc       0x68 f:/dev/simplicity/developer/toolchains/gnu_arm/4.9_2015q3/bin/../lib/gcc/arm-none-eabi/4.9.3/../../../../arm-none-eabi/lib/armv7-m\libc_nano.a(lib_a-fflush.o)
 .debug_frame   0x00003544       0x2c f:/dev/simplicity/developer/toolchains/gnu_arm/4.9_2015q3/bin/../lib/gcc/arm-none-eabi/4.9.3/../../../../arm-none-eabi/lib/armv7-m\libc_nano.a(lib_a-lseekr.o)
 .debug_frame   0x00003570       0x30 f:/dev/simplicity/developer/toolchains/gnu_arm/4.9_2015q3/bin/../lib/gcc/arm-none-eabi/4.9.3/../../../../arm-none-eabi/lib/armv7-m\libc_nano.a(lib_a-malloc.o)
 .debug_frame   0x000035a0       0x2c f:/dev/simplicity/developer/toolchains/gnu_arm/4.9_2015q3/bin/../lib/gcc/arm-none-eabi/4.9.3/../../../../arm-none-eabi/lib/armv7-m\libc_nano.a(lib_a-nano-freer.o)
 .debug_frame   0x000035cc       0xb8 f:/dev/simplicity/developer/toolchains/gnu_arm/4.9_2015q3/bin/../lib/gcc/arm-none-eabi/4.9.3/../../../../arm-none-eabi/lib/armv7-m\libc_nano.a(lib_a-nano-vfprintf.o)
 .debug_frame   0x00003684       0x58 f:/dev/simplicity/developer/toolchains/gnu_arm/4.9_2015q3/bin/../lib/gcc/arm-none-eabi/4.9.3/../../../../arm-none-eabi/lib/armv7-m\libc_nano.a(lib_a-nano-vfprintf_i.o)
 .debug_frame   0x000036dc       0x2c f:/dev/simplicity/developer/toolchains/gnu_arm/4.9_2015q3/bin/../lib/gcc/arm-none-eabi/4.9.3/../../../../arm-none-eabi/lib/armv7-m\libc_nano.a(lib_a-readr.o)
 .debug_frame   0x00003708       0x5c f:/dev/simplicity/developer/toolchains/gnu_arm/4.9_2015q3/bin/../lib/gcc/arm-none-eabi/4.9.3/../../../../arm-none-eabi/lib/armv7-m\libc_nano.a(lib_a-reent.o)
 .debug_frame   0x00003764       0x3c f:/dev/simplicity/developer/toolchains/gnu_arm/4.9_2015q3/bin/../lib/gcc/arm-none-eabi/4.9.3/../../../../arm-none-eabi/lib/armv7-m\libc_nano.a(lib_a-wbuf.o)
 .debug_frame   0x000037a0       0x2c f:/dev/simplicity/developer/toolchains/gnu_arm/4.9_2015q3/bin/../lib/gcc/arm-none-eabi/4.9.3/../../../../arm-none-eabi/lib/armv7-m\libc_nano.a(lib_a-wsetup.o)
 .debug_frame   0x000037cc       0x34 f:/dev/simplicity/developer/toolchains/gnu_arm/4.9_2015q3/bin/../lib/gcc/arm-none-eabi/4.9.3/../../../../arm-none-eabi/lib/armv7-m\libc_nano.a(lib_a-makebuf.o)
 .debug_frame   0x00003800       0x28 f:/dev/simplicity/developer/toolchains/gnu_arm/4.9_2015q3/bin/../lib/gcc/arm-none-eabi/4.9.3/../../../../arm-none-eabi/lib/armv7-m\libc_nano.a(lib_a-memchr.o)
 .debug_frame   0x00003828       0x2c f:/dev/simplicity/developer/toolchains/gnu_arm/4.9_2015q3/bin/../lib/gcc/arm-none-eabi/4.9.3/../../../../arm-none-eabi/lib/armv7-m\libc_nano.a(lib_a-fstatr.o)
 .debug_frame   0x00003854       0x2c f:/dev/simplicity/developer/toolchains/gnu_arm/4.9_2015q3/bin/../lib/gcc/arm-none-eabi/4.9.3/../../../../arm-none-eabi/lib/armv7-m\libc_nano.a(lib_a-isattyr.o)
