Archive member included because of file (symbol)

c:/siliconlabs/simplicitystudio/v4/developer/toolchains/gnu_arm/4.9_2015q3/bin/../lib/gcc/arm-none-eabi/4.9.3/armv7-m\libgcc.a(_aeabi_uldivmod.o)
                              ./emlib/em_usart.o (__aeabi_uldivmod)
c:/siliconlabs/simplicitystudio/v4/developer/toolchains/gnu_arm/4.9_2015q3/bin/../lib/gcc/arm-none-eabi/4.9.3/armv7-m\libgcc.a(bpabi.o)
                              c:/siliconlabs/simplicitystudio/v4/developer/toolchains/gnu_arm/4.9_2015q3/bin/../lib/gcc/arm-none-eabi/4.9.3/armv7-m\libgcc.a(_aeabi_uldivmod.o) (__gnu_uldivmod_helper)
c:/siliconlabs/simplicitystudio/v4/developer/toolchains/gnu_arm/4.9_2015q3/bin/../lib/gcc/arm-none-eabi/4.9.3/armv7-m\libgcc.a(_dvmd_tls.o)
                              c:/siliconlabs/simplicitystudio/v4/developer/toolchains/gnu_arm/4.9_2015q3/bin/../lib/gcc/arm-none-eabi/4.9.3/armv7-m\libgcc.a(_aeabi_uldivmod.o) (__aeabi_ldiv0)
c:/siliconlabs/simplicitystudio/v4/developer/toolchains/gnu_arm/4.9_2015q3/bin/../lib/gcc/arm-none-eabi/4.9.3/armv7-m\libgcc.a(_divdi3.o)
                              c:/siliconlabs/simplicitystudio/v4/developer/toolchains/gnu_arm/4.9_2015q3/bin/../lib/gcc/arm-none-eabi/4.9.3/armv7-m\libgcc.a(bpabi.o) (__divdi3)
c:/siliconlabs/simplicitystudio/v4/developer/toolchains/gnu_arm/4.9_2015q3/bin/../lib/gcc/arm-none-eabi/4.9.3/armv7-m\libgcc.a(_udivdi3.o)
                              c:/siliconlabs/simplicitystudio/v4/developer/toolchains/gnu_arm/4.9_2015q3/bin/../lib/gcc/arm-none-eabi/4.9.3/armv7-m\libgcc.a(bpabi.o) (__udivdi3)
c:/siliconlabs/simplicitystudio/v4/developer/toolchains/gnu_arm/4.9_2015q3/bin/../lib/gcc/arm-none-eabi/4.9.3/../../../../arm-none-eabi/lib/armv7-m\libc_nano.a(lib_a-exit.o)
                              c:/siliconlabs/simplicitystudio/v4/developer/toolchains/gnu_arm/4.9_2015q3/bin/../lib/gcc/arm-none-eabi/4.9.3/../../../../arm-none-eabi/lib/armv7-m/crt0.o (exit)
c:/siliconlabs/simplicitystudio/v4/developer/toolchains/gnu_arm/4.9_2015q3/bin/../lib/gcc/arm-none-eabi/4.9.3/../../../../arm-none-eabi/lib/armv7-m\libc_nano.a(lib_a-fileno.o)
                              ./Drivers/retargetio.o (fileno)
c:/siliconlabs/simplicitystudio/v4/developer/toolchains/gnu_arm/4.9_2015q3/bin/../lib/gcc/arm-none-eabi/4.9.3/../../../../arm-none-eabi/lib/armv7-m\libc_nano.a(lib_a-findfp.o)
                              c:/siliconlabs/simplicitystudio/v4/developer/toolchains/gnu_arm/4.9_2015q3/bin/../lib/gcc/arm-none-eabi/4.9.3/../../../../arm-none-eabi/lib/armv7-m\libc_nano.a(lib_a-fileno.o) (__sinit)
c:/siliconlabs/simplicitystudio/v4/developer/toolchains/gnu_arm/4.9_2015q3/bin/../lib/gcc/arm-none-eabi/4.9.3/../../../../arm-none-eabi/lib/armv7-m\libc_nano.a(lib_a-fwalk.o)
                              c:/siliconlabs/simplicitystudio/v4/developer/toolchains/gnu_arm/4.9_2015q3/bin/../lib/gcc/arm-none-eabi/4.9.3/../../../../arm-none-eabi/lib/armv7-m\libc_nano.a(lib_a-findfp.o) (_fwalk)
c:/siliconlabs/simplicitystudio/v4/developer/toolchains/gnu_arm/4.9_2015q3/bin/../lib/gcc/arm-none-eabi/4.9.3/../../../../arm-none-eabi/lib/armv7-m\libc_nano.a(lib_a-impure.o)
                              c:/siliconlabs/simplicitystudio/v4/developer/toolchains/gnu_arm/4.9_2015q3/bin/../lib/gcc/arm-none-eabi/4.9.3/../../../../arm-none-eabi/lib/armv7-m\libc_nano.a(lib_a-exit.o) (_global_impure_ptr)
c:/siliconlabs/simplicitystudio/v4/developer/toolchains/gnu_arm/4.9_2015q3/bin/../lib/gcc/arm-none-eabi/4.9.3/../../../../arm-none-eabi/lib/armv7-m\libc_nano.a(lib_a-init.o)
                              c:/siliconlabs/simplicitystudio/v4/developer/toolchains/gnu_arm/4.9_2015q3/bin/../lib/gcc/arm-none-eabi/4.9.3/../../../../arm-none-eabi/lib/armv7-m/crt0.o (__libc_init_array)
c:/siliconlabs/simplicitystudio/v4/developer/toolchains/gnu_arm/4.9_2015q3/bin/../lib/gcc/arm-none-eabi/4.9.3/../../../../arm-none-eabi/lib/armv7-m\libc_nano.a(lib_a-memcpy.o)
                              ./FreeRTOS/efm32gg/queue.o (memcpy)
c:/siliconlabs/simplicitystudio/v4/developer/toolchains/gnu_arm/4.9_2015q3/bin/../lib/gcc/arm-none-eabi/4.9.3/../../../../arm-none-eabi/lib/armv7-m\libc_nano.a(lib_a-memset.o)
                              c:/siliconlabs/simplicitystudio/v4/developer/toolchains/gnu_arm/4.9_2015q3/bin/../lib/gcc/arm-none-eabi/4.9.3/../../../../arm-none-eabi/lib/armv7-m/crt0.o (memset)
c:/siliconlabs/simplicitystudio/v4/developer/toolchains/gnu_arm/4.9_2015q3/bin/../lib/gcc/arm-none-eabi/4.9.3/../../../../arm-none-eabi/lib/armv7-m\libc_nano.a(lib_a-nano-mallocr.o)
                              c:/siliconlabs/simplicitystudio/v4/developer/toolchains/gnu_arm/4.9_2015q3/bin/../lib/gcc/arm-none-eabi/4.9.3/../../../../arm-none-eabi/lib/armv7-m\libc_nano.a(lib_a-findfp.o) (_malloc_r)
c:/siliconlabs/simplicitystudio/v4/developer/toolchains/gnu_arm/4.9_2015q3/bin/../lib/gcc/arm-none-eabi/4.9.3/../../../../arm-none-eabi/lib/armv7-m\libc_nano.a(lib_a-printf.o)
                              ./src/master.o (printf)
[...]
Memory Configuration

Name             Origin             Length             Attributes
FLASH            0x00000000         0x00100000         xr
RAM              0x20000000         0x00020000         xrw
*default*        0x00000000         0xffffffff

Linker script and memory map

LOAD c:/siliconlabs/simplicitystudio/v4/developer/toolchains/gnu_arm/4.9_2015q3/bin/../lib/gcc/arm-none-eabi/4.9.3/armv7-m/crti.o
LOAD c:/siliconlabs/simplicitystudio/v4/developer/toolchains/gnu_arm/4.9_2015q3/bin/../lib/gcc/arm-none-eabi/4.9.3/armv7-m/crtbegin.o
LOAD c:/siliconlabs/simplicitystudio/v4/developer/toolchains/gnu_arm/4.9_2015q3/bin/../lib/gcc/arm-none-eabi/4.9.3/../../../../arm-none-eabi/lib/armv7-m/crt0.o
LOAD ./BSP/bsp_stk_buttons.o
LOAD ./BSP/bsp_stk_leds.o
LOAD ./CMSIS/EFM32GG/startup_gcc_efm32gg.o
LOAD ./CMSIS/EFM32GG/system_efm32gg.o
LOAD ./Drivers/retargetio.o
LOAD ./Drivers/retargetserial.o
LOAD ./Drivers/udelay.o
LOAD ./FreeRTOS/efm32gg/event_groups.o
LOAD ./FreeRTOS/efm32gg/heap_2.o
LOAD ./FreeRTOS/efm32gg/list.o
LOAD ./FreeRTOS/efm32gg/port_gcc.o
LOAD ./FreeRTOS/efm32gg/queue.o
LOAD ./FreeRTOS/efm32gg/tasks.o
LOAD ./FreeRTOS/efm32gg/timers.o
LOAD ./emlib/em_assert.o
LOAD ./emlib/em_cmu.o
LOAD ./emlib/em_core.o
LOAD ./emlib/em_emu.o
LOAD ./emlib/em_gpio.o
LOAD ./emlib/em_rtc.o
LOAD ./emlib/em_system.o
LOAD ./emlib/em_usart.o
LOAD ./src/master.o
START GROUP
LOAD c:/siliconlabs/simplicitystudio/v4/developer/toolchains/gnu_arm/4.9_2015q3/bin/../lib/gcc/arm-none-eabi/4.9.3/armv7-m\libgcc.a
LOAD c:/siliconlabs/simplicitystudio/v4/developer/toolchains/gnu_arm/4.9_2015q3/bin/../lib/gcc/arm-none-eabi/4.9.3/../../../../arm-none-eabi/lib/armv7-m\libc_nano.a
LOAD c:/siliconlabs/simplicitystudio/v4/developer/toolchains/gnu_arm/4.9_2015q3/bin/../lib/gcc/arm-none-eabi/4.9.3/../../../../arm-none-eabi/lib/armv7-m\libnosys.a
END GROUP
START GROUP
LOAD c:/siliconlabs/simplicitystudio/v4/developer/toolchains/gnu_arm/4.9_2015q3/bin/../lib/gcc/arm-none-eabi/4.9.3/armv7-m\libgcc.a
LOAD c:/siliconlabs/simplicitystudio/v4/developer/toolchains/gnu_arm/4.9_2015q3/bin/../lib/gcc/arm-none-eabi/4.9.3/../../../../arm-none-eabi/lib/armv7-m\libg_nano.a
LOAD c:/siliconlabs/simplicitystudio/v4/developer/toolchains/gnu_arm/4.9_2015q3/bin/../lib/gcc/arm-none-eabi/4.9.3/../../../../arm-none-eabi/lib/armv7-m\libc_nano.a
END GROUP
START GROUP
LOAD c:/siliconlabs/simplicitystudio/v4/developer/toolchains/gnu_arm/4.9_2015q3/bin/../lib/gcc/arm-none-eabi/4.9.3/armv7-m\libgcc.a
LOAD c:/siliconlabs/simplicitystudio/v4/developer/toolchains/gnu_arm/4.9_2015q3/bin/../lib/gcc/arm-none-eabi/4.9.3/../../../../arm-none-eabi/lib/armv7-m\libc_nano.a
END GROUP
LOAD c:/siliconlabs/simplicitystudio/v4/developer/toolchains/gnu_arm/4.9_2015q3/bin/../lib/gcc/arm-none-eabi/4.9.3/armv7-m/crtend.o
LOAD c:/siliconlabs/simplicitystudio/v4/developer/toolchains/gnu_arm/4.9_2015q3/bin/../lib/gcc/arm-none-eabi/4.9.3/armv7-m/crtn.o

.text           0x00000000     0x4c9c
 *(.vectors)
 .vectors       0x00000000       0xdc ./CMSIS/EFM32GG/startup_gcc_efm32gg.o
                0x00000000                __Vectors
                0x000000dc                __Vectors_End = .
                0x000000dc                __Vectors_Size = (__Vectors_End - __Vectors)
                0x000000dc                __end__ = .
 *(.text*)
 .text          0x000000dc       0x5c c:/siliconlabs/simplicitystudio/v4/developer/toolchains/gnu_arm/4.9_2015q3/bin/../lib/gcc/arm-none-eabi/4.9.3/armv7-m/crtbegin.o
 .text          0x00000138       0x74 c:/siliconlabs/simplicitystudio/v4/developer/toolchains/gnu_arm/4.9_2015q3/bin/../lib/gcc/arm-none-eabi/4.9.3/../../../../arm-none-eabi/lib/armv7-m/crt0.o
                0x00000138                _start
                0x00000138                _mainCRTStartup
 .text          0x000001ac       0x30 ./CMSIS/EFM32GG/startup_gcc_efm32gg.o
                0x000001ac                Reset_Handler
                0x000001d8                DebugMon_Handler
                0x000001d8                USART0_TX_IRQHandler
                0x000001d8                I2C0_IRQHandler
                0x000001d8                HardFault_Handler
                0x000001d8                LEUART1_IRQHandler
                0x000001d8                USART1_RX_IRQHandler
                0x000001d8                NMI_Handler
                0x000001d8                I2C1_IRQHandler
                0x000001d8                TIMER3_IRQHandler
                0x000001d8                USART1_TX_IRQHandler
                0x000001d8                MSC_IRQHandler
                0x000001d8                ADC0_IRQHandler
                0x000001d8                UsageFault_Handler
                0x000001d8                LEUART0_IRQHandler
                0x000001d8                GPIO_EVEN_IRQHandler
                0x000001d8                UART0_TX_IRQHandler
                0x000001d8                UART1_TX_IRQHandler
                0x000001d8                RTC_IRQHandler
                0x000001d8                TIMER0_IRQHandler
                0x000001d8                TIMER2_IRQHandler
                0x000001d8                LCD_IRQHandler
                0x000001d8                PCNT2_IRQHandler
                0x000001d8                LETIMER0_IRQHandler
                0x000001d8                TIMER1_IRQHandler
                0x000001d8                USART2_RX_IRQHandler
                0x000001d8                Default_Handler
                0x000001d8                EMU_IRQHandler
                0x000001d8                PCNT0_IRQHandler
                0x000001d8                USB_IRQHandler
                0x000001d8                BURTC_IRQHandler
                0x000001d8                PCNT1_IRQHandler
                0x000001d8                ACMP0_IRQHandler
                0x000001d8                USART0_RX_IRQHandler
                0x000001d8                MemManage_Handler
                0x000001d8                DAC0_IRQHandler
                0x000001d8                UART1_RX_IRQHandler
                0x000001d8                CMU_IRQHandler
                0x000001d8                EBI_IRQHandler
                0x000001d8                LESENSE_IRQHandler
                0x000001d8                GPIO_ODD_IRQHandler
                0x000001d8                AES_IRQHandler
                0x000001d8                VCMP_IRQHandler
                0x000001d8                DMA_IRQHandler
                0x000001d8                BusFault_Handler
                0x000001d8                USART2_TX_IRQHandler
 .text.GetProdRev
                0x000001dc       0x1c ./CMSIS/EFM32GG/system_efm32gg.o
 .text.SystemCoreClockGet
                0x000001f8       0x34 ./CMSIS/EFM32GG/system_efm32gg.o
                0x000001f8                SystemCoreClockGet
 .text.SystemHFClockGet
                0x0000022c      0x100 ./CMSIS/EFM32GG/system_efm32gg.o
                0x0000022c                SystemHFClockGet
 .text.SystemInit
                0x0000032c        0xc ./CMSIS/EFM32GG/system_efm32gg.o
                0x0000032c                SystemInit
 .text.SystemLFRCOClockGet
                0x00000338       0x14 ./CMSIS/EFM32GG/system_efm32gg.o
                0x00000338                SystemLFRCOClockGet
 .text.SystemULFRCOClockGet
                0x0000034c       0x14 ./CMSIS/EFM32GG/system_efm32gg.o
                0x0000034c                SystemULFRCOClockGet
 .text.SystemLFXOClockGet
                0x00000360       0x18 ./CMSIS/EFM32GG/system_efm32gg.o
                0x00000360                SystemLFXOClockGet
 .text._close   0x00000378       0x18 ./Drivers/retargetio.o
                0x00000378                _close
 .text._exit    0x00000390        0xc ./Drivers/retargetio.o
                0x00000390                _exit
 .text._fstat   0x0000039c       0x20 ./Drivers/retargetio.o
                0x0000039c                _fstat
 .text._isatty  0x000003bc       0x18 ./Drivers/retargetio.o
                0x000003bc                _isatty
 .text._lseek   0x000003d4       0x1c ./Drivers/retargetio.o
                0x000003d4                _lseek
 .text._read    0x000003f0       0x58 ./Drivers/retargetio.o
                0x000003f0                _read
 .text._sbrk    0x00000448       0x7c ./Drivers/retargetio.o
                0x00000448                _sbrk
 .text._write   0x000004c4       0x38 ./Drivers/retargetio.o
                0x000004c4                _write
 .text.NVIC_EnableIRQ
                0x000004fc       0x30 ./Drivers/retargetserial.o
 .text.NVIC_ClearPendingIRQ
                0x0000052c       0x34 ./Drivers/retargetserial.o
 .text.USART_IntClear
                0x00000560       0x1c ./Drivers/retargetserial.o
 .text.USART_IntEnable
                0x0000057c       0x20 ./Drivers/retargetserial.o
 .text.UART0_RX_IRQHandler
                0x0000059c       0x74 ./Drivers/retargetserial.o
                0x0000059c                UART0_RX_IRQHandler
 .text.RETARGET_SerialCrLf
                0x00000610       0x2c ./Drivers/retargetserial.o
                0x00000610                RETARGET_SerialCrLf
 .text.RETARGET_SerialInit
                0x0000063c       0xcc ./Drivers/retargetserial.o
                0x0000063c                RETARGET_SerialInit
 .text.RETARGET_ReadChar
                0x00000708       0x7c ./Drivers/retargetserial.o
                0x00000708                RETARGET_ReadChar
 .text.RETARGET_WriteChar
                0x00000784       0x68 ./Drivers/retargetserial.o
                0x00000784                RETARGET_WriteChar
 .text.pvPortMalloc
                0x000007ec      0x11c ./FreeRTOS/efm32gg/heap_2.o
                0x000007ec                pvPortMalloc
 .text.vPortFree
                0x00000908       0x70 ./FreeRTOS/efm32gg/heap_2.o
                0x00000908                vPortFree
 .text.prvHeapInit
                0x00000978       0x50 ./FreeRTOS/efm32gg/heap_2.o
 .text.vListInitialise
                0x000009c8       0x40 ./FreeRTOS/efm32gg/list.o
                0x000009c8                vListInitialise
 .text.vListInitialiseItem
                0x00000a08       0x18 ./FreeRTOS/efm32gg/list.o
                0x00000a08                vListInitialiseItem
 .text.vListInsertEnd
                0x00000a20       0x48 ./FreeRTOS/efm32gg/list.o
                0x00000a20                vListInsertEnd
 .text.vListInsert
                0x00000a68       0x70 ./FreeRTOS/efm32gg/list.o
                0x00000a68                vListInsert
 .text.uxListRemove
                0x00000ad8       0x54 ./FreeRTOS/efm32gg/list.o
                0x00000ad8                uxListRemove
 .text.pxPortInitialiseStack
                0x00000b2c       0x5c ./FreeRTOS/efm32gg/port_gcc.o
                0x00000b2c                pxPortInitialiseStack
 .text.prvTaskExitError
                0x00000b88       0x34 ./FreeRTOS/efm32gg/port_gcc.o
 *fill*         0x00000bbc        0x4 
 .text.SVC_Handler
                0x00000bc0       0x24 ./FreeRTOS/efm32gg/port_gcc.o
                0x00000bc0                SVC_Handler
 .text.prvPortStartFirstTask
                0x00000be4       0x20 ./FreeRTOS/efm32gg/port_gcc.o
 .text.xPortStartScheduler
                0x00000c04       0xbc ./FreeRTOS/efm32gg/port_gcc.o
                0x00000c04                xPortStartScheduler
 .text.vPortEnterCritical
                0x00000cc0       0x50 ./FreeRTOS/efm32gg/port_gcc.o
                0x00000cc0                vPortEnterCritical
 .text.vPortExitCritical
                0x00000d10       0x44 ./FreeRTOS/efm32gg/port_gcc.o
                0x00000d10                vPortExitCritical
 *fill*         0x00000d54        0xc 
 .text.PendSV_Handler
                0x00000d60       0x44 ./FreeRTOS/efm32gg/port_gcc.o
                0x00000d60                PendSV_Handler
 .text.SysTick_Handler
                0x00000da4       0x40 ./FreeRTOS/efm32gg/port_gcc.o
                0x00000da4                SysTick_Handler
 .text.vPortSetupTimerInterrupt
                0x00000de4       0x24 ./FreeRTOS/efm32gg/port_gcc.o
                0x00000de4                vPortSetupTimerInterrupt
 .text.vPortValidateInterruptPriority
                0x00000e08       0x64 ./FreeRTOS/efm32gg/port_gcc.o
                0x00000e08                vPortValidateInterruptPriority
 .text.xQueueGenericReset
                0x00000e6c       0xc8 ./FreeRTOS/efm32gg/queue.o
                0x00000e6c                xQueueGenericReset
 .text.xQueueGenericCreate
                0x00000f34       0x6c ./FreeRTOS/efm32gg/queue.o
                0x00000f34                xQueueGenericCreate
 .text.prvInitialiseNewQueue
                0x00000fa0       0x3c ./FreeRTOS/efm32gg/queue.o
 .text.xQueueGenericSend
                0x00000fdc      0x1bc ./FreeRTOS/efm32gg/queue.o
                0x00000fdc                xQueueGenericSend
 .text.xQueueGenericSendFromISR
                0x00001198       0xfc ./FreeRTOS/efm32gg/queue.o
                0x00001198                xQueueGenericSendFromISR
 .text.xQueueGenericReceive
                0x00001294      0x1fc ./FreeRTOS/efm32gg/queue.o
                0x00001294                xQueueGenericReceive
 .text.prvCopyDataToQueue
                0x00001490       0xd8 ./FreeRTOS/efm32gg/queue.o
 .text.prvCopyDataFromQueue
                0x00001568       0x4c ./FreeRTOS/efm32gg/queue.o
 .text.prvUnlockQueue
                0x000015b4       0xa4 ./FreeRTOS/efm32gg/queue.o
 .text.prvIsQueueEmpty
                0x00001658       0x2c ./FreeRTOS/efm32gg/queue.o
 .text.prvIsQueueFull
                0x00001684       0x30 ./FreeRTOS/efm32gg/queue.o
 .text.vQueueAddToRegistry
                0x000016b4       0x50 ./FreeRTOS/efm32gg/queue.o
                0x000016b4                vQueueAddToRegistry
 .text.vQueueWaitForMessageRestricted
                0x00001704       0x6c ./FreeRTOS/efm32gg/queue.o
                0x00001704                vQueueWaitForMessageRestricted
 .text.xTaskCreate
                0x00001770       0x84 ./FreeRTOS/efm32gg/tasks.o
                0x00001770                xTaskCreate
 .text.prvInitialiseNewTask
                0x000017f4       0xf4 ./FreeRTOS/efm32gg/tasks.o
 .text.prvAddNewTaskToReadyList
                0x000018e8       0xd8 ./FreeRTOS/efm32gg/tasks.o
 .text.vTaskDelay
                0x000019c0       0x60 ./FreeRTOS/efm32gg/tasks.o
                0x000019c0                vTaskDelay
 .text.vTaskStartScheduler
                0x00001a20       0x90 ./FreeRTOS/efm32gg/tasks.o
                0x00001a20                vTaskStartScheduler
 .text.vTaskSuspendAll
                0x00001ab0       0x1c ./FreeRTOS/efm32gg/tasks.o
                0x00001ab0                vTaskSuspendAll
 .text.xTaskResumeAll
                0x00001acc      0x134 ./FreeRTOS/efm32gg/tasks.o
                0x00001acc                xTaskResumeAll
 .text.xTaskGetTickCount
                0x00001c00       0x20 ./FreeRTOS/efm32gg/tasks.o
                0x00001c00                xTaskGetTickCount
 .text.xTaskIncrementTick
                0x00001c20      0x178 ./FreeRTOS/efm32gg/tasks.o
                0x00001c20                xTaskIncrementTick
 .text.vTaskSwitchContext
                0x00001d98       0xa8 ./FreeRTOS/efm32gg/tasks.o
                0x00001d98                vTaskSwitchContext
 .text.vTaskPlaceOnEventList
                0x00001e40       0x40 ./FreeRTOS/efm32gg/tasks.o
                0x00001e40                vTaskPlaceOnEventList
 .text.vTaskPlaceOnEventListRestricted
                0x00001e80       0x4c ./FreeRTOS/efm32gg/tasks.o
                0x00001e80                vTaskPlaceOnEventListRestricted
 .text.xTaskRemoveFromEventList
                0x00001ecc       0xc0 ./FreeRTOS/efm32gg/tasks.o
                0x00001ecc                xTaskRemoveFromEventList
 .text.vTaskSetTimeOutState
                0x00001f8c       0x3c ./FreeRTOS/efm32gg/tasks.o
                0x00001f8c                vTaskSetTimeOutState
 .text.xTaskCheckForTimeOut
                0x00001fc8       0xac ./FreeRTOS/efm32gg/tasks.o
                0x00001fc8                xTaskCheckForTimeOut
 .text.vTaskMissedYield
                0x00002074       0x18 ./FreeRTOS/efm32gg/tasks.o
                0x00002074                vTaskMissedYield
 .text.prvIdleTask
                0x0000208c       0x10 ./FreeRTOS/efm32gg/tasks.o
 .text.prvInitialiseTaskLists
                0x0000209c       0x7c ./FreeRTOS/efm32gg/tasks.o
 .text.prvCheckTasksWaitingTermination
                0x00002118       0x74 ./FreeRTOS/efm32gg/tasks.o
 .text.prvDeleteTCB
                0x0000218c       0x20 ./FreeRTOS/efm32gg/tasks.o
 .text.prvResetNextTaskUnblockTime
                0x000021ac       0x48 ./FreeRTOS/efm32gg/tasks.o
 .text.xTaskGetSchedulerState
                0x000021f4       0x3c ./FreeRTOS/efm32gg/tasks.o
                0x000021f4                xTaskGetSchedulerState
 .text.vTaskPriorityInherit
                0x00002230       0xf0 ./FreeRTOS/efm32gg/tasks.o
                0x00002230                vTaskPriorityInherit
 .text.xTaskPriorityDisinherit
                0x00002320       0xfc ./FreeRTOS/efm32gg/tasks.o
                0x00002320                xTaskPriorityDisinherit
 .text.pvTaskIncrementMutexHeldCount
                0x0000241c       0x28 ./FreeRTOS/efm32gg/tasks.o
                0x0000241c                pvTaskIncrementMutexHeldCount
 .text.prvAddCurrentTaskToDelayedList
                0x00002444       0xc8 ./FreeRTOS/efm32gg/tasks.o
 .text.xTimerCreateTimerTask
                0x0000250c       0x5c ./FreeRTOS/efm32gg/timers.o
                0x0000250c                xTimerCreateTimerTask
 .text.xTimerGenericCommand
                0x00002568       0xa0 ./FreeRTOS/efm32gg/timers.o
                0x00002568                xTimerGenericCommand
 .text.prvProcessExpiredTimer
                0x00002608       0x78 ./FreeRTOS/efm32gg/timers.o
 .text.prvTimerTask
                0x00002680       0x24 ./FreeRTOS/efm32gg/timers.o
 .text.prvProcessTimerOrBlockTask
                0x000026a4       0x9c ./FreeRTOS/efm32gg/timers.o
 .text.prvGetNextExpireTime
                0x00002740       0x48 ./FreeRTOS/efm32gg/timers.o
 .text.prvSampleTimeNow
                0x00002788       0x40 ./FreeRTOS/efm32gg/timers.o
 .text.prvInsertTimerInActiveList
                0x000027c8       0x84 ./FreeRTOS/efm32gg/timers.o
 .text.prvProcessReceivedCommands
                0x0000284c      0x11c ./FreeRTOS/efm32gg/timers.o
 .text.prvSwitchTimerLists
                0x00002968       0xb8 ./FreeRTOS/efm32gg/timers.o
 .text.prvCheckForValidListAndQueue
                0x00002a20       0x6c ./FreeRTOS/efm32gg/timers.o
 .text.assertEFM
                0x00002a8c        0xc ./emlib/em_assert.o
                0x00002a8c                assertEFM
 .text.BUS_RegBitWrite
                0x00002a98       0x2c ./emlib/em_cmu.o
 .text.BUS_RegBitRead
                0x00002ac4       0x2c ./emlib/em_cmu.o
 .text.CMU_DivToLog2
                0x00002af0       0x3c ./emlib/em_cmu.o
 .text.SYSTEM_GetProdRev
                0x00002b2c       0x1c ./emlib/em_cmu.o
 .text.SYSTEM_GetFamily
                0x00002b48       0x20 ./emlib/em_cmu.o
 .text.maxFreqHfle
                0x00002b68       0x84 ./emlib/em_cmu.o
 .text.setHfLeConfig
                0x00002bec       0x60 ./emlib/em_cmu.o
 .text.getHfLeConfig
                0x00002c4c       0x20 ./emlib/em_cmu.o
 .text.auxClkGet
                0x00002c6c       0xc0 ./emlib/em_cmu.o
 .text.dbgClkGet
                0x00002d2c       0x4c ./emlib/em_cmu.o
 .text.lfClkGet
                0x00002d78      0x10c ./emlib/em_cmu.o
 .text.syncReg  0x00002e84       0x34 ./emlib/em_cmu.o
 .text.usbCClkGet
                0x00002eb8       0x4c ./emlib/em_cmu.o
 .text.CMU_ClockEnable
                0x00002f04       0xdc ./emlib/em_cmu.o
                0x00002f04                CMU_ClockEnable
 .text.CMU_ClockFreqGet
                0x00002fe0      0x1e4 ./emlib/em_cmu.o
                0x00002fe0                CMU_ClockFreqGet
 .text.CMU_ClockSelectGet
                0x000031c4      0x168 ./emlib/em_cmu.o
                0x000031c4                CMU_ClockSelectGet
 .text.CORE_EnterAtomic
                0x0000332c       0x20 ./emlib/em_core.o
                0x0000332c                CORE_EnterAtomic
 .text.CORE_ExitAtomic
                0x0000334c       0x1c ./emlib/em_core.o
                0x0000334c                CORE_ExitAtomic
 .text.GPIO_PinOutClear
                0x00003368       0x98 ./emlib/em_gpio.o
 .text.GPIO_PinOutSet
                0x00003400       0x98 ./emlib/em_gpio.o
 .text.GPIO_PinModeSet
                0x00003498      0x150 ./emlib/em_gpio.o
                0x00003498                GPIO_PinModeSet
 .text.USART_BaudrateAsyncSet
                0x000035e8      0x130 ./emlib/em_usart.o
                0x000035e8                USART_BaudrateAsyncSet
 .text.USART_Enable
                0x00003718       0x78 ./emlib/em_usart.o
                0x00003718                USART_Enable
 .text.USART_InitAsync
                0x00003790       0xc0 ./emlib/em_usart.o
                0x00003790                USART_InitAsync
 .text.USART_Reset
                0x00003850       0xb8 ./emlib/em_usart.o
                0x00003850                USART_Reset
 .text.USART_Rx
                0x00003908       0x28 ./emlib/em_usart.o
                0x00003908                USART_Rx
 .text.USART_Tx
                0x00003930       0x2c ./emlib/em_usart.o
                0x00003930                USART_Tx
 .text.main     0x0000395c       0x68 ./src/master.o
                0x0000395c                main
 .text.prvTaskMessageSender
                0x000039c4       0x38 ./src/master.o
 .text.prvTaskMessageReceiver
                0x000039fc       0x34 ./src/master.o
 .text.exit     0x00003a30       0x28 c:/siliconlabs/simplicitystudio/v4/developer/toolchains/gnu_arm/4.9_2015q3/bin/../lib/gcc/arm-none-eabi/4.9.3/../../../../arm-none-eabi/lib/armv7-m\libc_nano.a(lib_a-exit.o)
                0x00003a30                exit
 .text.fileno   0x00003a58       0x5c c:/siliconlabs/simplicitystudio/v4/developer/toolchains/gnu_arm/4.9_2015q3/bin/../lib/gcc/arm-none-eabi/4.9.3/../../../../arm-none-eabi/lib/armv7-m\libc_nano.a(lib_a-fileno.o)
                0x00003a58                fileno
 .text._cleanup_r
                0x00003ab4        0xc c:/siliconlabs/simplicitystudio/v4/developer/toolchains/gnu_arm/4.9_2015q3/bin/../lib/gcc/arm-none-eabi/4.9.3/../../../../arm-none-eabi/lib/armv7-m\libc_nano.a(lib_a-findfp.o)
                0x00003ab4                _cleanup_r
 .text.std.isra.0
                0x00003ac0       0x48 c:/siliconlabs/simplicitystudio/v4/developer/toolchains/gnu_arm/4.9_2015q3/bin/../lib/gcc/arm-none-eabi/4.9.3/../../../../arm-none-eabi/lib/armv7-m\libc_nano.a(lib_a-findfp.o)
 .text.__sfmoreglue
                0x00003b08       0x2c c:/siliconlabs/simplicitystudio/v4/developer/toolchains/gnu_arm/4.9_2015q3/bin/../lib/gcc/arm-none-eabi/4.9.3/../../../../arm-none-eabi/lib/armv7-m\libc_nano.a(lib_a-findfp.o)
                0x00003b08                __sfmoreglue
 .text.__sinit  0x00003b34       0x60 c:/siliconlabs/simplicitystudio/v4/developer/toolchains/gnu_arm/4.9_2015q3/bin/../lib/gcc/arm-none-eabi/4.9.3/../../../../arm-none-eabi/lib/armv7-m\libc_nano.a(lib_a-findfp.o)
                0x00003b34                __sinit
 .text.__sfp    0x00003b94       0x74 c:/siliconlabs/simplicitystudio/v4/developer/toolchains/gnu_arm/4.9_2015q3/bin/../lib/gcc/arm-none-eabi/4.9.3/../../../../arm-none-eabi/lib/armv7-m\libc_nano.a(lib_a-findfp.o)
                0x00003b94                __sfp
 .text._fwalk_reent
                0x00003c08       0x3c c:/siliconlabs/simplicitystudio/v4/developer/toolchains/gnu_arm/4.9_2015q3/bin/../lib/gcc/arm-none-eabi/4.9.3/../../../../arm-none-eabi/lib/armv7-m\libc_nano.a(lib_a-fwalk.o)
                0x00003c08                _fwalk_reent
 .text.__libc_init_array
                0x00003c44       0x4c c:/siliconlabs/simplicitystudio/v4/developer/toolchains/gnu_arm/4.9_2015q3/bin/../lib/gcc/arm-none-eabi/4.9.3/../../../../arm-none-eabi/lib/armv7-m\libc_nano.a(lib_a-init.o)
                0x00003c44                __libc_init_array
 .text.memcpy   0x00003c90       0x16 c:/siliconlabs/simplicitystudio/v4/developer/toolchains/gnu_arm/4.9_2015q3/bin/../lib/gcc/arm-none-eabi/4.9.3/../../../../arm-none-eabi/lib/armv7-m\libc_nano.a(lib_a-memcpy.o)
                0x00003c90                memcpy
 .text.memset   0x00003ca6       0x10 c:/siliconlabs/simplicitystudio/v4/developer/toolchains/gnu_arm/4.9_2015q3/bin/../lib/gcc/arm-none-eabi/4.9.3/../../../../arm-none-eabi/lib/armv7-m\libc_nano.a(lib_a-memset.o)
                0x00003ca6                memset
 *fill*         0x00003cb6        0x2 
 .text._malloc_r
                0x00003cb8       0xac c:/siliconlabs/simplicitystudio/v4/developer/toolchains/gnu_arm/4.9_2015q3/bin/../lib/gcc/arm-none-eabi/4.9.3/../../../../arm-none-eabi/lib/armv7-m\libc_nano.a(lib_a-nano-mallocr.o)
                0x00003cb8                _malloc_r
 .text.printf   0x00003d64       0x30 c:/siliconlabs/simplicitystudio/v4/developer/toolchains/gnu_arm/4.9_2015q3/bin/../lib/gcc/arm-none-eabi/4.9.3/../../../../arm-none-eabi/lib/armv7-m\libc_nano.a(lib_a-printf.o)
                0x00003d64                iprintf
                0x00003d64                printf
 .text._sbrk_r  0x00003d94       0x20 c:/siliconlabs/simplicitystudio/v4/developer/toolchains/gnu_arm/4.9_2015q3/bin/../lib/gcc/arm-none-eabi/4.9.3/../../../../arm-none-eabi/lib/armv7-m\libc_nano.a(lib_a-sbrkr.o)
                0x00003d94                _sbrk_r
 .text.setvbuf  0x00003db4      0x110 c:/siliconlabs/simplicitystudio/v4/developer/toolchains/gnu_arm/4.9_2015q3/bin/../lib/gcc/arm-none-eabi/4.9.3/../../../../arm-none-eabi/lib/armv7-m\libc_nano.a(lib_a-setvbuf.o)
                0x00003db4                setvbuf
 .text.__sread  0x00003ec4       0x22 c:/siliconlabs/simplicitystudio/v4/developer/toolchains/gnu_arm/4.9_2015q3/bin/../lib/gcc/arm-none-eabi/4.9.3/../../../../arm-none-eabi/lib/armv7-m\libc_nano.a(lib_a-stdio.o)
                0x00003ec4                __sread
 .text.__swrite
                0x00003ee6       0x38 c:/siliconlabs/simplicitystudio/v4/developer/toolchains/gnu_arm/4.9_2015q3/bin/../lib/gcc/arm-none-eabi/4.9.3/../../../../arm-none-eabi/lib/armv7-m\libc_nano.a(lib_a-stdio.o)
                0x00003ee6                __swrite
 .text.__sseek  0x00003f1e       0x24 c:/siliconlabs/simplicitystudio/v4/developer/toolchains/gnu_arm/4.9_2015q3/bin/../lib/gcc/arm-none-eabi/4.9.3/../../../../arm-none-eabi/lib/armv7-m\libc_nano.a(lib_a-stdio.o)
                0x00003f1e                __sseek
 .text.__sclose
                0x00003f42        0x8 c:/siliconlabs/simplicitystudio/v4/developer/toolchains/gnu_arm/4.9_2015q3/bin/../lib/gcc/arm-none-eabi/4.9.3/../../../../arm-none-eabi/lib/armv7-m\libc_nano.a(lib_a-stdio.o)
                0x00003f42                __sclose
 .text.strlen   0x00003f4a       0x10 c:/siliconlabs/simplicitystudio/v4/developer/toolchains/gnu_arm/4.9_2015q3/bin/../lib/gcc/arm-none-eabi/4.9.3/../../../../arm-none-eabi/lib/armv7-m\libc_nano.a(lib_a-strlen.o)
                0x00003f4a                strlen
 *fill*         0x00003f5a        0x2 
 .text._write_r
                0x00003f5c       0x24 c:/siliconlabs/simplicitystudio/v4/developer/toolchains/gnu_arm/4.9_2015q3/bin/../lib/gcc/arm-none-eabi/4.9.3/../../../../arm-none-eabi/lib/armv7-m\libc_nano.a(lib_a-writer.o)
                0x00003f5c                _write_r
 .text._close_r
                0x00003f80       0x20 c:/siliconlabs/simplicitystudio/v4/developer/toolchains/gnu_arm/4.9_2015q3/bin/../lib/gcc/arm-none-eabi/4.9.3/../../../../arm-none-eabi/lib/armv7-m\libc_nano.a(lib_a-closer.o)
                0x00003f80                _close_r
 .text.__sflush_r
                0x00003fa0      0x106 c:/siliconlabs/simplicitystudio/v4/developer/toolchains/gnu_arm/4.9_2015q3/bin/../lib/gcc/arm-none-eabi/4.9.3/../../../../arm-none-eabi/lib/armv7-m\libc_nano.a(lib_a-fflush.o)
                0x00003fa0                __sflush_r
 *fill*         0x000040a6        0x2 
 .text._fflush_r
                0x000040a8       0x54 c:/siliconlabs/simplicitystudio/v4/developer/toolchains/gnu_arm/4.9_2015q3/bin/../lib/gcc/arm-none-eabi/4.9.3/../../../../arm-none-eabi/lib/armv7-m\libc_nano.a(lib_a-fflush.o)
                0x000040a8                _fflush_r
 .text._lseek_r
                0x000040fc       0x24 c:/siliconlabs/simplicitystudio/v4/developer/toolchains/gnu_arm/4.9_2015q3/bin/../lib/gcc/arm-none-eabi/4.9.3/../../../../arm-none-eabi/lib/armv7-m\libc_nano.a(lib_a-lseekr.o)
                0x000040fc                _lseek_r
 .text.malloc   0x00004120       0x10 c:/siliconlabs/simplicitystudio/v4/developer/toolchains/gnu_arm/4.9_2015q3/bin/../lib/gcc/arm-none-eabi/4.9.3/../../../../arm-none-eabi/lib/armv7-m\libc_nano.a(lib_a-malloc.o)
                0x00004120                malloc
 .text._free_r  0x00004130       0x88 c:/siliconlabs/simplicitystudio/v4/developer/toolchains/gnu_arm/4.9_2015q3/bin/../lib/gcc/arm-none-eabi/4.9.3/../../../../arm-none-eabi/lib/armv7-m\libc_nano.a(lib_a-nano-freer.o)
                0x00004130                _free_r
 .text.__sfputc_r
                0x000041b8       0x2c c:/siliconlabs/simplicitystudio/v4/developer/toolchains/gnu_arm/4.9_2015q3/bin/../lib/gcc/arm-none-eabi/4.9.3/../../../../arm-none-eabi/lib/armv7-m\libc_nano.a(lib_a-nano-vfprintf.o)
 .text.__sfputs_r
                0x000041e4       0x24 c:/siliconlabs/simplicitystudio/v4/developer/toolchains/gnu_arm/4.9_2015q3/bin/../lib/gcc/arm-none-eabi/4.9.3/../../../../arm-none-eabi/lib/armv7-m\libc_nano.a(lib_a-nano-vfprintf.o)
                0x000041e4                __sfputs_r
 .text._vfprintf_r
                0x00004208      0x210 c:/siliconlabs/simplicitystudio/v4/developer/toolchains/gnu_arm/4.9_2015q3/bin/../lib/gcc/arm-none-eabi/4.9.3/../../../../arm-none-eabi/lib/armv7-m\libc_nano.a(lib_a-nano-vfprintf.o)
                0x00004208                _vfprintf_r
                0x00004208                _vfiprintf_r
 .text._printf_common
                0x00004418       0xea c:/siliconlabs/simplicitystudio/v4/developer/toolchains/gnu_arm/4.9_2015q3/bin/../lib/gcc/arm-none-eabi/4.9.3/../../../../arm-none-eabi/lib/armv7-m\libc_nano.a(lib_a-nano-vfprintf_i.o)
                0x00004418                _printf_common
 *fill*         0x00004502        0x2 
 .text._printf_i
                0x00004504      0x240 c:/siliconlabs/simplicitystudio/v4/developer/toolchains/gnu_arm/4.9_2015q3/bin/../lib/gcc/arm-none-eabi/4.9.3/../../../../arm-none-eabi/lib/armv7-m\libc_nano.a(lib_a-nano-vfprintf_i.o)
                0x00004504                _printf_i
 .text._read_r  0x00004744       0x24 c:/siliconlabs/simplicitystudio/v4/developer/toolchains/gnu_arm/4.9_2015q3/bin/../lib/gcc/arm-none-eabi/4.9.3/../../../../arm-none-eabi/lib/armv7-m\libc_nano.a(lib_a-readr.o)
                0x00004744                _read_r
 .text.__swbuf_r
                0x00004768       0xa8 c:/siliconlabs/simplicitystudio/v4/developer/toolchains/gnu_arm/4.9_2015q3/bin/../lib/gcc/arm-none-eabi/4.9.3/../../../../arm-none-eabi/lib/armv7-m\libc_nano.a(lib_a-wbuf.o)
                0x00004768                __swbuf_r
 .text.__swsetup_r
                0x00004810       0xd8 c:/siliconlabs/simplicitystudio/v4/developer/toolchains/gnu_arm/4.9_2015q3/bin/../lib/gcc/arm-none-eabi/4.9.3/../../../../arm-none-eabi/lib/armv7-m\libc_nano.a(lib_a-wsetup.o)
                0x00004810                __swsetup_r
 .text.__smakebuf_r
                0x000048e8       0x98 c:/siliconlabs/simplicitystudio/v4/developer/toolchains/gnu_arm/4.9_2015q3/bin/../lib/gcc/arm-none-eabi/4.9.3/../../../../arm-none-eabi/lib/armv7-m\libc_nano.a(lib_a-makebuf.o)
                0x000048e8                __smakebuf_r
 .text.memchr   0x00004980       0x1c c:/siliconlabs/simplicitystudio/v4/developer/toolchains/gnu_arm/4.9_2015q3/bin/../lib/gcc/arm-none-eabi/4.9.3/../../../../arm-none-eabi/lib/armv7-m\libc_nano.a(lib_a-memchr.o)
                0x00004980                memchr
 .text._fstat_r
                0x0000499c       0x24 c:/siliconlabs/simplicitystudio/v4/developer/toolchains/gnu_arm/4.9_2015q3/bin/../lib/gcc/arm-none-eabi/4.9.3/../../../../arm-none-eabi/lib/armv7-m\libc_nano.a(lib_a-fstatr.o)
                0x0000499c                _fstat_r
 .text._isatty_r
                0x000049c0       0x20 c:/siliconlabs/simplicitystudio/v4/developer/toolchains/gnu_arm/4.9_2015q3/bin/../lib/gcc/arm-none-eabi/4.9.3/../../../../arm-none-eabi/lib/armv7-m\libc_nano.a(lib_a-isattyr.o)
                0x000049c0                _isatty_r
 *(.init)
 .init          0x000049e0        0x4 c:/siliconlabs/simplicitystudio/v4/developer/toolchains/gnu_arm/4.9_2015q3/bin/../lib/gcc/arm-none-eabi/4.9.3/armv7-m/crti.o
                0x000049e0                _init
 .init          0x000049e4        0x8 c:/siliconlabs/simplicitystudio/v4/developer/toolchains/gnu_arm/4.9_2015q3/bin/../lib/gcc/arm-none-eabi/4.9.3/armv7-m/crtn.o
 *(.fini)
 .fini          0x000049ec        0x4 c:/siliconlabs/simplicitystudio/v4/developer/toolchains/gnu_arm/4.9_2015q3/bin/../lib/gcc/arm-none-eabi/4.9.3/armv7-m/crti.o
                0x000049ec                _fini
 .fini          0x000049f0        0x8 c:/siliconlabs/simplicitystudio/v4/developer/toolchains/gnu_arm/4.9_2015q3/bin/../lib/gcc/arm-none-eabi/4.9.3/armv7-m/crtn.o
 *crtbegin.o(.ctors)
 *crtbegin?.o(.ctors)
 *(EXCLUDE_FILE(*crtend.o *crtend?.o) .ctors)
 *(SORT(.ctors.*))
 *(.ctors)
 *crtbegin.o(.dtors)
 *crtbegin?.o(.dtors)
 *(EXCLUDE_FILE(*crtend.o *crtend?.o) .dtors)
 *(SORT(.dtors.*))
 *(.dtors)
 *(.rodata*)
 .rodata.heaperr.6418
                0x000049f8       0x1a ./Drivers/retargetio.o
 *fill*         0x00004a12        0x2 
 .rodata        0x00004a14       0x18 ./Drivers/retargetserial.o
 .rodata        0x00004a2c       0x1f ./FreeRTOS/efm32gg/port_gcc.o
 *fill*         0x00004a4b        0x1 
 .rodata        0x00004a4c       0x1c ./FreeRTOS/efm32gg/queue.o
 .rodata        0x00004a68       0x21 ./FreeRTOS/efm32gg/tasks.o
 *fill*         0x00004a89        0x3 
 .rodata        0x00004a8c       0x2d ./FreeRTOS/efm32gg/timers.o
 *fill*         0x00004ab9        0x3 
 .rodata        0x00004abc       0x76 ./emlib/em_cmu.o
 *fill*         0x00004b32        0x2 
 .rodata        0x00004b34       0x77 ./emlib/em_gpio.o
 *fill*         0x00004bab        0x1 
 .rodata        0x00004bac       0x14 ./emlib/em_usart.o
 .rodata        0x00004bc0       0x3a ./src/master.o
 *fill*         0x00004bfa        0x2 
 .rodata.__sf_fake_stdin
                0x00004bfc       0x20 c:/siliconlabs/simplicitystudio/v4/developer/toolchains/gnu_arm/4.9_2015q3/bin/../lib/gcc/arm-none-eabi/4.9.3/../../../../arm-none-eabi/lib/armv7-m\libc_nano.a(lib_a-findfp.o)
                0x00004bfc                __sf_fake_stdin
 .rodata.__sf_fake_stdout
                0x00004c1c       0x20 c:/siliconlabs/simplicitystudio/v4/developer/toolchains/gnu_arm/4.9_2015q3/bin/../lib/gcc/arm-none-eabi/4.9.3/../../../../arm-none-eabi/lib/armv7-m\libc_nano.a(lib_a-findfp.o)
                0x00004c1c                __sf_fake_stdout
 .rodata.__sf_fake_stderr
                0x00004c3c       0x20 c:/siliconlabs/simplicitystudio/v4/developer/toolchains/gnu_arm/4.9_2015q3/bin/../lib/gcc/arm-none-eabi/4.9.3/../../../../arm-none-eabi/lib/armv7-m\libc_nano.a(lib_a-findfp.o)
                0x00004c3c                __sf_fake_stderr
 .rodata.str1.1
                0x00004c5c        0x2 c:/siliconlabs/simplicitystudio/v4/developer/toolchains/gnu_arm/4.9_2015q3/bin/../lib/gcc/arm-none-eabi/4.9.3/../../../../arm-none-eabi/lib/armv7-m\libc_nano.a(lib_a-impure.o)
 *fill*         0x00004c5e        0x2 
 .rodata._global_impure_ptr
                0x00004c60        0x4 c:/siliconlabs/simplicitystudio/v4/developer/toolchains/gnu_arm/4.9_2015q3/bin/../lib/gcc/arm-none-eabi/4.9.3/../../../../arm-none-eabi/lib/armv7-m\libc_nano.a(lib_a-impure.o)
                0x00004c60                _global_impure_ptr
 .rodata.str1.1
                0x00004c64       0x11 c:/siliconlabs/simplicitystudio/v4/developer/toolchains/gnu_arm/4.9_2015q3/bin/../lib/gcc/arm-none-eabi/4.9.3/../../../../arm-none-eabi/lib/armv7-m\libc_nano.a(lib_a-nano-vfprintf.o)
 .rodata.str1.1
                0x00004c75       0x22 c:/siliconlabs/simplicitystudio/v4/developer/toolchains/gnu_arm/4.9_2015q3/bin/../lib/gcc/arm-none-eabi/4.9.3/../../../../arm-none-eabi/lib/armv7-m\libc_nano.a(lib_a-nano-vfprintf_i.o)
 *(.eh_frame*)
 *fill*         0x00004c97        0x1 
 .eh_frame      0x00004c98        0x0 c:/siliconlabs/simplicitystudio/v4/developer/toolchains/gnu_arm/4.9_2015q3/bin/../lib/gcc/arm-none-eabi/4.9.3/armv7-m/crtbegin.o
 .eh_frame      0x00004c98        0x4 c:/siliconlabs/simplicitystudio/v4/developer/toolchains/gnu_arm/4.9_2015q3/bin/../lib/gcc/arm-none-eabi/4.9.3/armv7-m/crtend.o

.glue_7         0x00004c9c        0x0
 .glue_7        0x00000000        0x0 linker stubs

.glue_7t        0x00004c9c        0x0
 .glue_7t       0x00000000        0x0 linker stubs

.vfp11_veneer   0x00004c9c        0x0
 .vfp11_veneer  0x00000000        0x0 linker stubs

.v4_bx          0x00004c9c        0x0
 .v4_bx         0x00000000        0x0 linker stubs

.iplt           0x00004c9c        0x0
 .iplt          0x00000000        0x0 c:/siliconlabs/simplicitystudio/v4/developer/toolchains/gnu_arm/4.9_2015q3/bin/../lib/gcc/arm-none-eabi/4.9.3/armv7-m/crtbegin.o

.ARM.extab
 *(.ARM.extab* .gnu.linkonce.armextab.*)
                0x00004c9c                __exidx_start = .

.ARM.exidx      0x00004c9c        0x8
 *(.ARM.exidx* .gnu.linkonce.armexidx.*)
 .ARM.exidx     0x00004c9c        0x8 c:/siliconlabs/simplicitystudio/v4/developer/toolchains/gnu_arm/4.9_2015q3/bin/../lib/gcc/arm-none-eabi/4.9.3/../../../../arm-none-eabi/lib/armv7-m/crt0.o
                0x00004ca4                __exidx_end = .
                0x00004ca4                __etext = .

.rel.dyn        0x00004ca4        0x0
 .rel.iplt      0x00000000        0x0 c:/siliconlabs/simplicitystudio/v4/developer/toolchains/gnu_arm/4.9_2015q3/bin/../lib/gcc/arm-none-eabi/4.9.3/armv7-m/crtbegin.o

.data           0x20000000       0x84 load address 0x00004ca4
                0x20000000                __data_start__ = .
 *(vtable)
 *(.data*)
 .data.SystemHFXOClock
                0x20000000        0x4 ./CMSIS/EFM32GG/system_efm32gg.o
 .data.SystemLFXOClock
                0x20000004        0x4 ./CMSIS/EFM32GG/system_efm32gg.o
 .data.SystemCoreClock
                0x20000008        0x4 ./CMSIS/EFM32GG/system_efm32gg.o
                0x20000008                SystemCoreClock
 .data.xFreeBytesRemaining
                0x2000000c        0x4 ./FreeRTOS/efm32gg/heap_2.o
 .data.uxCriticalNesting
                0x20000010        0x4 ./FreeRTOS/efm32gg/port_gcc.o
 .data.impure_data
                0x20000014       0x60 c:/siliconlabs/simplicitystudio/v4/developer/toolchains/gnu_arm/4.9_2015q3/bin/../lib/gcc/arm-none-eabi/4.9.3/../../../../arm-none-eabi/lib/armv7-m\libc_nano.a(lib_a-impure.o)
 .data._impure_ptr
                0x20000074        0x4 c:/siliconlabs/simplicitystudio/v4/developer/toolchains/gnu_arm/4.9_2015q3/bin/../lib/gcc/arm-none-eabi/4.9.3/../../../../arm-none-eabi/lib/armv7-m\libc_nano.a(lib_a-impure.o)
                0x20000074                _impure_ptr
                0x20000078                . = ALIGN (0x4)
 *(.ram)
                0x20000078                . = ALIGN (0x4)
                0x20000078                PROVIDE (__preinit_array_start, .)
 *(.preinit_array)
                0x20000078                PROVIDE (__preinit_array_end, .)
                0x20000078                . = ALIGN (0x4)
                0x20000078                PROVIDE (__init_array_start, .)
 *(SORT(.init_array.*))
 *(.init_array)
 .init_array    0x20000078        0x4 c:/siliconlabs/simplicitystudio/v4/developer/toolchains/gnu_arm/4.9_2015q3/bin/../lib/gcc/arm-none-eabi/4.9.3/armv7-m/crtbegin.o
                0x2000007c                PROVIDE (__init_array_end, .)
                0x2000007c                . = ALIGN (0x4)
                0x2000007c                PROVIDE (__fini_array_start, .)
 *(SORT(.fini_array.*))
 *(.fini_array)
 .fini_array    0x2000007c        0x4 c:/siliconlabs/simplicitystudio/v4/developer/toolchains/gnu_arm/4.9_2015q3/bin/../lib/gcc/arm-none-eabi/4.9.3/armv7-m/crtbegin.o
                0x20000080                PROVIDE (__fini_array_end, .)
 *(.jcr*)
 .jcr           0x20000080        0x0 c:/siliconlabs/simplicitystudio/v4/developer/toolchains/gnu_arm/4.9_2015q3/bin/../lib/gcc/arm-none-eabi/4.9.3/armv7-m/crtbegin.o
 .jcr           0x20000080        0x4 c:/siliconlabs/simplicitystudio/v4/developer/toolchains/gnu_arm/4.9_2015q3/bin/../lib/gcc/arm-none-eabi/4.9.3/armv7-m/crtend.o
                0x20000084                . = ALIGN (0x4)
                0x20000084                __data_end__ = .

.igot.plt       0x20000084        0x0 load address 0x00004d28
 .igot.plt      0x00000000        0x0 c:/siliconlabs/simplicitystudio/v4/developer/toolchains/gnu_arm/4.9_2015q3/bin/../lib/gcc/arm-none-eabi/4.9.3/armv7-m/crtbegin.o

.bss            0x20000084     0x2530 load address 0x00004d28
                0x20000084                . = ALIGN (0x4)
                0x20000084                __bss_start__ = .
 *(.bss*)
 .bss           0x20000084       0x1c c:/siliconlabs/simplicitystudio/v4/developer/toolchains/gnu_arm/4.9_2015q3/bin/../lib/gcc/arm-none-eabi/4.9.3/armv7-m/crtbegin.o
 .bss.heap_end.6416
                0x200000a0        0x4 ./Drivers/retargetio.o
 .bss.rxReadIndex
                0x200000a4        0x4 ./Drivers/retargetserial.o
 .bss.rxWriteIndex
                0x200000a8        0x4 ./Drivers/retargetserial.o
 .bss.rxCount   0x200000ac        0x4 ./Drivers/retargetserial.o
 .bss.rxBuffer  0x200000b0        0x8 ./Drivers/retargetserial.o
 .bss.LFtoCRLF  0x200000b8        0x1 ./Drivers/retargetserial.o
 .bss.initialized
                0x200000b9        0x1 ./Drivers/retargetserial.o
 *fill*         0x200000ba        0x2 
 .bss.ucHeap    0x200000bc     0x2328 ./FreeRTOS/efm32gg/heap_2.o
 .bss.xStart    0x200023e4        0x8 ./FreeRTOS/efm32gg/heap_2.o
 .bss.xEnd      0x200023ec        0x8 ./FreeRTOS/efm32gg/heap_2.o
 .bss.xHeapHasBeenInitialised.4399
                0x200023f4        0x4 ./FreeRTOS/efm32gg/heap_2.o
 .bss.ucMaxSysCallPriority
                0x200023f8        0x1 ./FreeRTOS/efm32gg/port_gcc.o
 *fill*         0x200023f9        0x3 
 .bss.ulMaxPRIGROUPValue
                0x200023fc        0x4 ./FreeRTOS/efm32gg/port_gcc.o
 .bss.pxCurrentTCB
                0x20002400        0x4 ./FreeRTOS/efm32gg/tasks.o
                0x20002400                pxCurrentTCB
 .bss.pxReadyTasksLists
                0x20002404       0x78 ./FreeRTOS/efm32gg/tasks.o
 .bss.xDelayedTaskList1
                0x2000247c       0x14 ./FreeRTOS/efm32gg/tasks.o
 .bss.xDelayedTaskList2
                0x20002490       0x14 ./FreeRTOS/efm32gg/tasks.o
 .bss.pxDelayedTaskList
                0x200024a4        0x4 ./FreeRTOS/efm32gg/tasks.o
 .bss.pxOverflowDelayedTaskList
                0x200024a8        0x4 ./FreeRTOS/efm32gg/tasks.o
 .bss.xPendingReadyList
                0x200024ac       0x14 ./FreeRTOS/efm32gg/tasks.o
 .bss.xTasksWaitingTermination
                0x200024c0       0x14 ./FreeRTOS/efm32gg/tasks.o
 .bss.uxDeletedTasksWaitingCleanUp
                0x200024d4        0x4 ./FreeRTOS/efm32gg/tasks.o
 .bss.xSuspendedTaskList
                0x200024d8       0x14 ./FreeRTOS/efm32gg/tasks.o
 .bss.uxCurrentNumberOfTasks
                0x200024ec        0x4 ./FreeRTOS/efm32gg/tasks.o
 .bss.xTickCount
                0x200024f0        0x4 ./FreeRTOS/efm32gg/tasks.o
 .bss.uxTopReadyPriority
                0x200024f4        0x4 ./FreeRTOS/efm32gg/tasks.o
 .bss.xSchedulerRunning
                0x200024f8        0x4 ./FreeRTOS/efm32gg/tasks.o
 .bss.uxPendedTicks
                0x200024fc        0x4 ./FreeRTOS/efm32gg/tasks.o
 .bss.xYieldPending
                0x20002500        0x4 ./FreeRTOS/efm32gg/tasks.o
 .bss.xNumOfOverflows
                0x20002504        0x4 ./FreeRTOS/efm32gg/tasks.o
 .bss.uxTaskNumber
                0x20002508        0x4 ./FreeRTOS/efm32gg/tasks.o
 .bss.xNextTaskUnblockTime
                0x2000250c        0x4 ./FreeRTOS/efm32gg/tasks.o
 .bss.xIdleTaskHandle
                0x20002510        0x4 ./FreeRTOS/efm32gg/tasks.o
 .bss.uxSchedulerSuspended
                0x20002514        0x4 ./FreeRTOS/efm32gg/tasks.o
 .bss.xActiveTimerList1
                0x20002518       0x14 ./FreeRTOS/efm32gg/timers.o
 .bss.xActiveTimerList2
                0x2000252c       0x14 ./FreeRTOS/efm32gg/timers.o
 .bss.pxCurrentTimerList
                0x20002540        0x4 ./FreeRTOS/efm32gg/timers.o
 .bss.pxOverflowTimerList
                0x20002544        0x4 ./FreeRTOS/efm32gg/timers.o
 .bss.xTimerQueue
                0x20002548        0x4 ./FreeRTOS/efm32gg/timers.o
 .bss.xTimerTaskHandle
                0x2000254c        0x4 ./FreeRTOS/efm32gg/timers.o
 .bss.xLastTime.4671
                0x20002550        0x4 ./FreeRTOS/efm32gg/timers.o
 .bss.__malloc_sbrk_start
                0x20002554        0x4 c:/siliconlabs/simplicitystudio/v4/developer/toolchains/gnu_arm/4.9_2015q3/bin/../lib/gcc/arm-none-eabi/4.9.3/../../../../arm-none-eabi/lib/armv7-m\libc_nano.a(lib_a-nano-mallocr.o)
                0x20002554                __malloc_sbrk_start
 .bss.__malloc_free_list
                0x20002558        0x4 c:/siliconlabs/simplicitystudio/v4/developer/toolchains/gnu_arm/4.9_2015q3/bin/../lib/gcc/arm-none-eabi/4.9.3/../../../../arm-none-eabi/lib/armv7-m\libc_nano.a(lib_a-nano-mallocr.o)
                0x20002558                __malloc_free_list
 *(COMMON)
 COMMON         0x2000255c       0x50 ./FreeRTOS/efm32gg/queue.o
                0x2000255c                xQueueRegistry
 COMMON         0x200025ac        0x4 ./src/master.o
                0x200025ac                q
 COMMON         0x200025b0        0x4 c:/siliconlabs/simplicitystudio/v4/developer/toolchains/gnu_arm/4.9_2015q3/bin/../lib/gcc/arm-none-eabi/4.9.3/../../../../arm-none-eabi/lib/armv7-m\libc_nano.a(lib_a-reent.o)
                0x200025b0                errno
                0x200025b4                . = ALIGN (0x4)
                0x200025b4                __bss_end__ = .

.heap           0x200025b8      0xc00
                0x200025b8                __HeapBase = .
                0x200025b8                __end__ = .
                0x200025b8                end = __end__
                0x200025b8                _end = __end__
 *(.heap*)
 .heap          0x200025b8      0xc00 ./CMSIS/EFM32GG/startup_gcc_efm32gg.o
                0x200031b8                __HeapLimit = .

.stack_dummy    0x200025b8      0x400
 *(.stack*)
 .stack         0x200025b8      0x400 ./CMSIS/EFM32GG/startup_gcc_efm32gg.o
                0x20020000                __StackTop = (ORIGIN (RAM) + 0x20000)
                0x2001fc00                __StackLimit = (__StackTop - SIZEOF (.stack_dummy))
                0x20020000                PROVIDE (__stack, __StackTop)
                0x00000001                ASSERT ((__StackLimit >= __HeapLimit), region RAM overflowed with stack)
                0x00000001                ASSERT ((0x100000 >= (__etext + SIZEOF (.data))), FLASH memory overflowed !)
OUTPUT(pep_labor.axf elf32-littlearm)

.ARM.attributes
                0x00000000       0x29
 .ARM.attributes
                0x00000000       0x1d c:/siliconlabs/simplicitystudio/v4/developer/toolchains/gnu_arm/4.9_2015q3/bin/../lib/gcc/arm-none-eabi/4.9.3/armv7-m/crti.o
 .ARM.attributes
                0x0000001d       0x2d c:/siliconlabs/simplicitystudio/v4/developer/toolchains/gnu_arm/4.9_2015q3/bin/../lib/gcc/arm-none-eabi/4.9.3/armv7-m/crtbegin.o
 .ARM.attributes
                0x0000004a       0x1b c:/siliconlabs/simplicitystudio/v4/developer/toolchains/gnu_arm/4.9_2015q3/bin/../lib/gcc/arm-none-eabi/4.9.3/../../../../arm-none-eabi/lib/armv7-m/crt0.o
 .ARM.attributes
                0x00000065       0x1b ./CMSIS/EFM32GG/startup_gcc_efm32gg.o
 .ARM.attributes
                0x00000080       0x33 ./CMSIS/EFM32GG/system_efm32gg.o
 .ARM.attributes
                0x000000b3       0x33 ./Drivers/retargetio.o
 .ARM.attributes
                0x000000e6       0x33 ./Drivers/retargetserial.o
 .ARM.attributes
                0x00000119       0x33 ./FreeRTOS/efm32gg/heap_2.o
 .ARM.attributes
                0x0000014c       0x33 ./FreeRTOS/efm32gg/list.o
 .ARM.attributes
                0x0000017f       0x33 ./FreeRTOS/efm32gg/port_gcc.o
 .ARM.attributes
                0x000001b2       0x33 ./FreeRTOS/efm32gg/queue.o
 .ARM.attributes
                0x000001e5       0x33 ./FreeRTOS/efm32gg/tasks.o
 .ARM.attributes
                0x00000218       0x33 ./FreeRTOS/efm32gg/timers.o
 .ARM.attributes
                0x0000024b       0x33 ./emlib/em_assert.o
 .ARM.attributes
                0x0000027e       0x33 ./emlib/em_cmu.o
 .ARM.attributes
                0x000002b1       0x33 ./emlib/em_core.o
 .ARM.attributes
                0x000002e4       0x33 ./emlib/em_gpio.o
 .ARM.attributes
                0x00000317       0x33 ./emlib/em_usart.o
 .ARM.attributes
                0x0000034a       0x33 ./src/master.o
 .ARM.attributes
                0x0000037d       0x2d c:/siliconlabs/simplicitystudio/v4/developer/toolchains/gnu_arm/4.9_2015q3/bin/../lib/gcc/arm-none-eabi/4.9.3/../../../../arm-none-eabi/lib/armv7-m\libc_nano.a(lib_a-exit.o)
 .ARM.attributes
                0x000003aa       0x2d c:/siliconlabs/simplicitystudio/v4/developer/toolchains/gnu_arm/4.9_2015q3/bin/../lib/gcc/arm-none-eabi/4.9.3/../../../../arm-none-eabi/lib/armv7-m\libc_nano.a(lib_a-fileno.o)
 .ARM.attributes
                0x000003d7       0x2d c:/siliconlabs/simplicitystudio/v4/developer/toolchains/gnu_arm/4.9_2015q3/bin/../lib/gcc/arm-none-eabi/4.9.3/../../../../arm-none-eabi/lib/armv7-m\libc_nano.a(lib_a-findfp.o)
 .ARM.attributes
                0x00000404       0x2d c:/siliconlabs/simplicitystudio/v4/developer/toolchains/gnu_arm/4.9_2015q3/bin/../lib/gcc/arm-none-eabi/4.9.3/../../../../arm-none-eabi/lib/armv7-m\libc_nano.a(lib_a-fwalk.o)
 .ARM.attributes
                0x00000431       0x2d c:/siliconlabs/simplicitystudio/v4/developer/toolchains/gnu_arm/4.9_2015q3/bin/../lib/gcc/arm-none-eabi/4.9.3/../../../../arm-none-eabi/lib/armv7-m\libc_nano.a(lib_a-impure.o)
 .ARM.attributes
                0x0000045e       0x2d c:/siliconlabs/simplicitystudio/v4/developer/toolchains/gnu_arm/4.9_2015q3/bin/../lib/gcc/arm-none-eabi/4.9.3/../../../../arm-none-eabi/lib/armv7-m\libc_nano.a(lib_a-init.o)
 .ARM.attributes
                0x0000048b       0x2d c:/siliconlabs/simplicitystudio/v4/developer/toolchains/gnu_arm/4.9_2015q3/bin/../lib/gcc/arm-none-eabi/4.9.3/../../../../arm-none-eabi/lib/armv7-m\libc_nano.a(lib_a-memcpy.o)
 .ARM.attributes
                0x000004b8       0x2d c:/siliconlabs/simplicitystudio/v4/developer/toolchains/gnu_arm/4.9_2015q3/bin/../lib/gcc/arm-none-eabi/4.9.3/../../../../arm-none-eabi/lib/armv7-m\libc_nano.a(lib_a-memset.o)
 .ARM.attributes
                0x000004e5       0x2d c:/siliconlabs/simplicitystudio/v4/developer/toolchains/gnu_arm/4.9_2015q3/bin/../lib/gcc/arm-none-eabi/4.9.3/../../../../arm-none-eabi/lib/armv7-m\libc_nano.a(lib_a-nano-mallocr.o)
 .ARM.attributes
                0x00000512       0x2d c:/siliconlabs/simplicitystudio/v4/developer/toolchains/gnu_arm/4.9_2015q3/bin/../lib/gcc/arm-none-eabi/4.9.3/../../../../arm-none-eabi/lib/armv7-m\libc_nano.a(lib_a-printf.o)
 .ARM.attributes
                0x0000053f       0x2d c:/siliconlabs/simplicitystudio/v4/developer/toolchains/gnu_arm/4.9_2015q3/bin/../lib/gcc/arm-none-eabi/4.9.3/../../../../arm-none-eabi/lib/armv7-m\libc_nano.a(lib_a-sbrkr.o)
 .ARM.attributes
                0x0000056c       0x2d c:/siliconlabs/simplicitystudio/v4/developer/toolchains/gnu_arm/4.9_2015q3/bin/../lib/gcc/arm-none-eabi/4.9.3/../../../../arm-none-eabi/lib/armv7-m\libc_nano.a(lib_a-setvbuf.o)
 .ARM.attributes
                0x00000599       0x2d c:/siliconlabs/simplicitystudio/v4/developer/toolchains/gnu_arm/4.9_2015q3/bin/../lib/gcc/arm-none-eabi/4.9.3/../../../../arm-none-eabi/lib/armv7-m\libc_nano.a(lib_a-stdio.o)
 .ARM.attributes
                0x000005c6       0x2d c:/siliconlabs/simplicitystudio/v4/developer/toolchains/gnu_arm/4.9_2015q3/bin/../lib/gcc/arm-none-eabi/4.9.3/../../../../arm-none-eabi/lib/armv7-m\libc_nano.a(lib_a-strlen.o)
 .ARM.attributes
                0x000005f3       0x2d c:/siliconlabs/simplicitystudio/v4/developer/toolchains/gnu_arm/4.9_2015q3/bin/../lib/gcc/arm-none-eabi/4.9.3/../../../../arm-none-eabi/lib/armv7-m\libc_nano.a(lib_a-writer.o)
 .ARM.attributes
                0x00000620       0x2d c:/siliconlabs/simplicitystudio/v4/developer/toolchains/gnu_arm/4.9_2015q3/bin/../lib/gcc/arm-none-eabi/4.9.3/../../../../arm-none-eabi/lib/armv7-m\libc_nano.a(lib_a-closer.o)
 .ARM.attributes
                0x0000064d       0x2d c:/siliconlabs/simplicitystudio/v4/developer/toolchains/gnu_arm/4.9_2015q3/bin/../lib/gcc/arm-none-eabi/4.9.3/../../../../arm-none-eabi/lib/armv7-m\libc_nano.a(lib_a-fflush.o)
 .ARM.attributes
                0x0000067a       0x2d c:/siliconlabs/simplicitystudio/v4/developer/toolchains/gnu_arm/4.9_2015q3/bin/../lib/gcc/arm-none-eabi/4.9.3/../../../../arm-none-eabi/lib/armv7-m\libc_nano.a(lib_a-lseekr.o)
 .ARM.attributes
                0x000006a7       0x2d c:/siliconlabs/simplicitystudio/v4/developer/toolchains/gnu_arm/4.9_2015q3/bin/../lib/gcc/arm-none-eabi/4.9.3/../../../../arm-none-eabi/lib/armv7-m\libc_nano.a(lib_a-malloc.o)
 .ARM.attributes
                0x000006d4       0x2d c:/siliconlabs/simplicitystudio/v4/developer/toolchains/gnu_arm/4.9_2015q3/bin/../lib/gcc/arm-none-eabi/4.9.3/../../../../arm-none-eabi/lib/armv7-m\libc_nano.a(lib_a-nano-freer.o)
 .ARM.attributes
                0x00000701       0x2d c:/siliconlabs/simplicitystudio/v4/developer/toolchains/gnu_arm/4.9_2015q3/bin/../lib/gcc/arm-none-eabi/4.9.3/../../../../arm-none-eabi/lib/armv7-m\libc_nano.a(lib_a-nano-vfprintf.o)
 .ARM.attributes
                0x0000072e       0x2d c:/siliconlabs/simplicitystudio/v4/developer/toolchains/gnu_arm/4.9_2015q3/bin/../lib/gcc/arm-none-eabi/4.9.3/../../../../arm-none-eabi/lib/armv7-m\libc_nano.a(lib_a-nano-vfprintf_i.o)
 .ARM.attributes
                0x0000075b       0x2d c:/siliconlabs/simplicitystudio/v4/developer/toolchains/gnu_arm/4.9_2015q3/bin/../lib/gcc/arm-none-eabi/4.9.3/../../../../arm-none-eabi/lib/armv7-m\libc_nano.a(lib_a-readr.o)
 .ARM.attributes
                0x00000788       0x2d c:/siliconlabs/simplicitystudio/v4/developer/toolchains/gnu_arm/4.9_2015q3/bin/../lib/gcc/arm-none-eabi/4.9.3/../../../../arm-none-eabi/lib/armv7-m\libc_nano.a(lib_a-reent.o)
 .ARM.attributes
                0x000007b5       0x2d c:/siliconlabs/simplicitystudio/v4/developer/toolchains/gnu_arm/4.9_2015q3/bin/../lib/gcc/arm-none-eabi/4.9.3/../../../../arm-none-eabi/lib/armv7-m\libc_nano.a(lib_a-wbuf.o)
 .ARM.attributes
                0x000007e2       0x2d c:/siliconlabs/simplicitystudio/v4/developer/toolchains/gnu_arm/4.9_2015q3/bin/../lib/gcc/arm-none-eabi/4.9.3/../../../../arm-none-eabi/lib/armv7-m\libc_nano.a(lib_a-wsetup.o)
 .ARM.attributes
                0x0000080f       0x2d c:/siliconlabs/simplicitystudio/v4/developer/toolchains/gnu_arm/4.9_2015q3/bin/../lib/gcc/arm-none-eabi/4.9.3/../../../../arm-none-eabi/lib/armv7-m\libc_nano.a(lib_a-makebuf.o)
 .ARM.attributes
                0x0000083c       0x2d c:/siliconlabs/simplicitystudio/v4/developer/toolchains/gnu_arm/4.9_2015q3/bin/../lib/gcc/arm-none-eabi/4.9.3/../../../../arm-none-eabi/lib/armv7-m\libc_nano.a(lib_a-memchr.o)
 .ARM.attributes
                0x00000869       0x2d c:/siliconlabs/simplicitystudio/v4/developer/toolchains/gnu_arm/4.9_2015q3/bin/../lib/gcc/arm-none-eabi/4.9.3/../../../../arm-none-eabi/lib/armv7-m\libc_nano.a(lib_a-fstatr.o)
 .ARM.attributes
                0x00000896       0x2d c:/siliconlabs/simplicitystudio/v4/developer/toolchains/gnu_arm/4.9_2015q3/bin/../lib/gcc/arm-none-eabi/4.9.3/../../../../arm-none-eabi/lib/armv7-m\libc_nano.a(lib_a-isattyr.o)
 .ARM.attributes
                0x000008c3       0x2d c:/siliconlabs/simplicitystudio/v4/developer/toolchains/gnu_arm/4.9_2015q3/bin/../lib/gcc/arm-none-eabi/4.9.3/armv7-m/crtend.o
 .ARM.attributes
                0x000008f0       0x1d c:/siliconlabs/simplicitystudio/v4/developer/toolchains/gnu_arm/4.9_2015q3/bin/../lib/gcc/arm-none-eabi/4.9.3/armv7-m/crtn.o

.comment        0x00000000       0x70
 .comment       0x00000000       0x70 ./CMSIS/EFM32GG/system_efm32gg.o
                                 0x71 (size before relaxing)
 .comment       0x00000000       0x71 ./Drivers/retargetio.o
 .comment       0x00000000       0x71 ./Drivers/retargetserial.o
 .comment       0x00000000       0x71 ./FreeRTOS/efm32gg/heap_2.o
 .comment       0x00000000       0x71 ./FreeRTOS/efm32gg/list.o
 .comment       0x00000000       0x71 ./FreeRTOS/efm32gg/port_gcc.o
 .comment       0x00000000       0x71 ./FreeRTOS/efm32gg/queue.o
 .comment       0x00000000       0x71 ./FreeRTOS/efm32gg/tasks.o
 .comment       0x00000000       0x71 ./FreeRTOS/efm32gg/timers.o
 .comment       0x00000000       0x71 ./emlib/em_assert.o
 .comment       0x00000000       0x71 ./emlib/em_cmu.o
 .comment       0x00000000       0x71 ./emlib/em_core.o
 .comment       0x00000000       0x71 ./emlib/em_gpio.o
 .comment       0x00000000       0x71 ./emlib/em_usart.o
 .comment       0x00000000       0x71 ./src/master.o

.debug_line     0x00000000     0x4c5c
 .debug_line    0x00000000       0x72 ./CMSIS/EFM32GG/startup_gcc_efm32gg.o
 .debug_line    0x00000072      0x328 ./CMSIS/EFM32GG/system_efm32gg.o
 .debug_line    0x0000039a      0x339 ./Drivers/retargetio.o
 .debug_line    0x000006d3      0x44a ./Drivers/retargetserial.o
 .debug_line    0x00000b1d      0x2ee ./FreeRTOS/efm32gg/heap_2.o
 .debug_line    0x00000e0b      0x2b6 ./FreeRTOS/efm32gg/list.o
 .debug_line    0x000010c1      0x39d ./FreeRTOS/efm32gg/port_gcc.o
 .debug_line    0x0000145e      0x7e2 ./FreeRTOS/efm32gg/queue.o
 .debug_line    0x00001c40      0xbb3 ./FreeRTOS/efm32gg/tasks.o
 .debug_line    0x000027f3      0x4f3 ./FreeRTOS/efm32gg/timers.o
 .debug_line    0x00002ce6       0x4a ./emlib/em_assert.o
 .debug_line    0x00002d30      0xacc ./emlib/em_cmu.o
 .debug_line    0x000037fc      0x617 ./emlib/em_core.o
 .debug_line    0x00003e13      0x54b ./emlib/em_gpio.o
 .debug_line    0x0000435e      0x60a ./emlib/em_usart.o
 .debug_line    0x00004968      0x2f4 ./src/master.o

.debug_info     0x00000000     0x99d7
 .debug_info    0x00000000       0xa2 ./CMSIS/EFM32GG/startup_gcc_efm32gg.o
 .debug_info    0x000000a2      0x582 ./CMSIS/EFM32GG/system_efm32gg.o
 .debug_info    0x00000624      0xde4 ./Drivers/retargetio.o
 .debug_info    0x00001408     0x13e4 ./Drivers/retargetserial.o
 .debug_info    0x000027ec      0x2fc ./FreeRTOS/efm32gg/heap_2.o
 .debug_info    0x00002ae8      0x2d0 ./FreeRTOS/efm32gg/list.o
 .debug_info    0x00002db8      0x3e1 ./FreeRTOS/efm32gg/port_gcc.o
 .debug_info    0x00003199      0xeb3 ./FreeRTOS/efm32gg/queue.o
 .debug_info    0x0000404c     0x1637 ./FreeRTOS/efm32gg/tasks.o
 .debug_info    0x00005683      0x9d1 ./FreeRTOS/efm32gg/timers.o
 .debug_info    0x00006054       0x7a ./emlib/em_assert.o
 .debug_info    0x000060ce     0x154f ./emlib/em_cmu.o
 .debug_info    0x0000761d      0xcfe ./emlib/em_core.o
 .debug_info    0x0000831b      0x65f ./emlib/em_gpio.o
 .debug_info    0x0000897a      0xebf ./emlib/em_usart.o
 .debug_info    0x00009839      0x19e ./src/master.o

.debug_abbrev   0x00000000     0x1a21
 .debug_abbrev  0x00000000       0x14 ./CMSIS/EFM32GG/startup_gcc_efm32gg.o
 .debug_abbrev  0x00000014      0x16d ./CMSIS/EFM32GG/system_efm32gg.o
 .debug_abbrev  0x00000181      0x25a ./Drivers/retargetio.o
 .debug_abbrev  0x000003db      0x273 ./Drivers/retargetserial.o
 .debug_abbrev  0x0000064e      0x154 ./FreeRTOS/efm32gg/heap_2.o
 .debug_abbrev  0x000007a2       0xc0 ./FreeRTOS/efm32gg/list.o
 .debug_abbrev  0x00000862      0x1fa ./FreeRTOS/efm32gg/port_gcc.o
 .debug_abbrev  0x00000a5c      0x215 ./FreeRTOS/efm32gg/queue.o
 .debug_abbrev  0x00000c71      0x27b ./FreeRTOS/efm32gg/tasks.o
 .debug_abbrev  0x00000eec      0x186 ./FreeRTOS/efm32gg/timers.o
 .debug_abbrev  0x00001072       0x65 ./emlib/em_assert.o
 .debug_abbrev  0x000010d7      0x2d1 ./emlib/em_cmu.o
 .debug_abbrev  0x000013a8      0x239 ./emlib/em_core.o
 .debug_abbrev  0x000015e1      0x1c0 ./emlib/em_gpio.o
 .debug_abbrev  0x000017a1      0x1c7 ./emlib/em_usart.o
 .debug_abbrev  0x00001968       0xb9 ./src/master.o

.debug_aranges  0x00000000      0x960
 .debug_aranges
                0x00000000       0x20 ./CMSIS/EFM32GG/startup_gcc_efm32gg.o
 .debug_aranges
                0x00000020       0x70 ./CMSIS/EFM32GG/system_efm32gg.o
 .debug_aranges
                0x00000090       0x68 ./Drivers/retargetio.o
 .debug_aranges
                0x000000f8       0x60 ./Drivers/retargetserial.o
 .debug_aranges
                0x00000158       0x40 ./FreeRTOS/efm32gg/heap_2.o
 .debug_aranges
                0x00000198       0x40 ./FreeRTOS/efm32gg/list.o
 .debug_aranges
                0x000001d8       0x78 ./FreeRTOS/efm32gg/port_gcc.o
 .debug_aranges
                0x00000250       0xe8 ./FreeRTOS/efm32gg/queue.o
 .debug_aranges
                0x00000338      0x1a0 ./FreeRTOS/efm32gg/tasks.o
 .debug_aranges
                0x000004d8       0xb8 ./FreeRTOS/efm32gg/timers.o
 .debug_aranges
                0x00000590       0x20 ./emlib/em_assert.o
 .debug_aranges
                0x000005b0      0x170 ./emlib/em_cmu.o
 .debug_aranges
                0x00000720       0xe8 ./emlib/em_core.o
 .debug_aranges
                0x00000808       0x70 ./emlib/em_gpio.o
 .debug_aranges
                0x00000878       0xb8 ./emlib/em_usart.o
 .debug_aranges
                0x00000930       0x30 ./src/master.o

.debug_loc      0x00000000     0x4d52
 .debug_loc     0x00000000      0x31c ./CMSIS/EFM32GG/system_efm32gg.o
 .debug_loc     0x0000031c      0x338 ./Drivers/retargetio.o
 .debug_loc     0x00000654      0x2e8 ./Drivers/retargetserial.o
 .debug_loc     0x0000093c      0x184 ./FreeRTOS/efm32gg/heap_2.o
 .debug_loc     0x00000ac0      0x1cc ./FreeRTOS/efm32gg/list.o
 .debug_loc     0x00000c8c      0x294 ./FreeRTOS/efm32gg/port_gcc.o
 .debug_loc     0x00000f20      0x844 ./FreeRTOS/efm32gg/queue.o
 .debug_loc     0x00001764      0xf44 ./FreeRTOS/efm32gg/tasks.o
 .debug_loc     0x000026a8      0x5ec ./FreeRTOS/efm32gg/timers.o
 .debug_loc     0x00002c94       0x38 ./emlib/em_assert.o
 .debug_loc     0x00002ccc      0xd40 ./emlib/em_cmu.o
 .debug_loc     0x00003a0c      0x844 ./emlib/em_core.o
 .debug_loc     0x00004250      0x394 ./emlib/em_gpio.o
 .debug_loc     0x000045e4      0x6ba ./emlib/em_usart.o
 .debug_loc     0x00004c9e       0xb4 ./src/master.o

.debug_ranges   0x00000000      0x850
 .debug_ranges  0x00000000       0x60 ./CMSIS/EFM32GG/system_efm32gg.o
 .debug_ranges  0x00000060       0x58 ./Drivers/retargetio.o
 .debug_ranges  0x000000b8       0x50 ./Drivers/retargetserial.o
 .debug_ranges  0x00000108       0x30 ./FreeRTOS/efm32gg/heap_2.o
 .debug_ranges  0x00000138       0x30 ./FreeRTOS/efm32gg/list.o
 .debug_ranges  0x00000168       0x68 ./FreeRTOS/efm32gg/port_gcc.o
 .debug_ranges  0x000001d0       0xd8 ./FreeRTOS/efm32gg/queue.o
 .debug_ranges  0x000002a8      0x190 ./FreeRTOS/efm32gg/tasks.o
 .debug_ranges  0x00000438       0xa8 ./FreeRTOS/efm32gg/timers.o
 .debug_ranges  0x000004e0       0x10 ./emlib/em_assert.o
 .debug_ranges  0x000004f0      0x160 ./emlib/em_cmu.o
 .debug_ranges  0x00000650       0xd8 ./emlib/em_core.o
 .debug_ranges  0x00000728       0x60 ./emlib/em_gpio.o
 .debug_ranges  0x00000788       0xa8 ./emlib/em_usart.o
 .debug_ranges  0x00000830       0x20 ./src/master.o

.debug_str      0x00000000     0x4223
 .debug_str     0x00000000      0x43b ./CMSIS/EFM32GG/system_efm32gg.o
                                0x4bb (size before relaxing)
 .debug_str     0x0000043b      0x4fb ./Drivers/retargetio.o
                                0x737 (size before relaxing)
 .debug_str     0x00000936      0xb57 ./Drivers/retargetserial.o
                               0x1182 (size before relaxing)
 .debug_str     0x0000148d      0x16e ./FreeRTOS/efm32gg/heap_2.o
                                0x35e (size before relaxing)
 .debug_str     0x000015fb      0x144 ./FreeRTOS/efm32gg/list.o
                                0x324 (size before relaxing)
 .debug_str     0x0000173f      0x243 ./FreeRTOS/efm32gg/port_gcc.o
                                0x436 (size before relaxing)
 .debug_str     0x00001982      0x4e4 ./FreeRTOS/efm32gg/queue.o
                                0x7df (size before relaxing)
 .debug_str     0x00001e66      0x9ab ./FreeRTOS/efm32gg/tasks.o
                                0xdad (size before relaxing)
 .debug_str     0x00002811      0x41d ./FreeRTOS/efm32gg/timers.o
                                0x743 (size before relaxing)
 .debug_str     0x00002c2e       0x24 ./emlib/em_assert.o
                                0x152 (size before relaxing)
 .debug_str     0x00002c52      0xa69 ./emlib/em_cmu.o
                               0x1093 (size before relaxing)
 .debug_str     0x000036bb      0x35c ./emlib/em_core.o
                                0x852 (size before relaxing)
 .debug_str     0x00003a17      0x21b ./emlib/em_gpio.o
                                0x602 (size before relaxing)
 .debug_str     0x00003c32      0x5a3 ./emlib/em_usart.o
                                0xe04 (size before relaxing)
 .debug_str     0x000041d5       0x4e ./src/master.o
                                0x27f (size before relaxing)

.debug_frame    0x00000000     0x2c30
 .debug_frame   0x00000000      0x180 ./CMSIS/EFM32GG/system_efm32gg.o
 .debug_frame   0x00000180      0x184 ./Drivers/retargetio.o
 .debug_frame   0x00000304      0x168 ./Drivers/retargetserial.o
 .debug_frame   0x0000046c       0xc0 ./FreeRTOS/efm32gg/heap_2.o
 .debug_frame   0x0000052c       0xd8 ./FreeRTOS/efm32gg/list.o
 .debug_frame   0x00000604      0x178 ./FreeRTOS/efm32gg/port_gcc.o
 .debug_frame   0x0000077c      0x3c8 ./FreeRTOS/efm32gg/queue.o
 .debug_frame   0x00000b44      0x6f4 ./FreeRTOS/efm32gg/tasks.o
 .debug_frame   0x00001238      0x2d8 ./FreeRTOS/efm32gg/timers.o
 .debug_frame   0x00001510       0x2c ./emlib/em_assert.o
 .debug_frame   0x0000153c      0x62c ./emlib/em_cmu.o
 .debug_frame   0x00001b68      0x3c4 ./emlib/em_core.o
 .debug_frame   0x00001f2c      0x1b0 ./emlib/em_gpio.o
 .debug_frame   0x000020dc      0x308 ./emlib/em_usart.o
 .debug_frame   0x000023e4       0x74 ./src/master.o
 .debug_frame   0x00002458       0x28 c:/siliconlabs/simplicitystudio/v4/developer/toolchains/gnu_arm/4.9_2015q3/bin/../lib/gcc/arm-none-eabi/4.9.3/../../../../arm-none-eabi/lib/armv7-m\libc_nano.a(lib_a-exit.o)
 .debug_frame   0x00002480       0x2c c:/siliconlabs/simplicitystudio/v4/developer/toolchains/gnu_arm/4.9_2015q3/bin/../lib/gcc/arm-none-eabi/4.9.3/../../../../arm-none-eabi/lib/armv7-m\libc_nano.a(lib_a-fileno.o)
 .debug_frame   0x000024ac      0x11c c:/siliconlabs/simplicitystudio/v4/developer/toolchains/gnu_arm/4.9_2015q3/bin/../lib/gcc/arm-none-eabi/4.9.3/../../../../arm-none-eabi/lib/armv7-m\libc_nano.a(lib_a-findfp.o)
 .debug_frame   0x000025c8       0x54 c:/siliconlabs/simplicitystudio/v4/developer/toolchains/gnu_arm/4.9_2015q3/bin/../lib/gcc/arm-none-eabi/4.9.3/../../../../arm-none-eabi/lib/armv7-m\libc_nano.a(lib_a-fwalk.o)
 .debug_frame   0x0000261c       0x2c c:/siliconlabs/simplicitystudio/v4/developer/toolchains/gnu_arm/4.9_2015q3/bin/../lib/gcc/arm-none-eabi/4.9.3/../../../../arm-none-eabi/lib/armv7-m\libc_nano.a(lib_a-init.o)
 .debug_frame   0x00002648       0x28 c:/siliconlabs/simplicitystudio/v4/developer/toolchains/gnu_arm/4.9_2015q3/bin/../lib/gcc/arm-none-eabi/4.9.3/../../../../arm-none-eabi/lib/armv7-m\libc_nano.a(lib_a-memcpy.o)
 .debug_frame   0x00002670       0x20 c:/siliconlabs/simplicitystudio/v4/developer/toolchains/gnu_arm/4.9_2015q3/bin/../lib/gcc/arm-none-eabi/4.9.3/../../../../arm-none-eabi/lib/armv7-m\libc_nano.a(lib_a-memset.o)
 .debug_frame   0x00002690       0x2c c:/siliconlabs/simplicitystudio/v4/developer/toolchains/gnu_arm/4.9_2015q3/bin/../lib/gcc/arm-none-eabi/4.9.3/../../../../arm-none-eabi/lib/armv7-m\libc_nano.a(lib_a-nano-mallocr.o)
 .debug_frame   0x000026bc       0x74 c:/siliconlabs/simplicitystudio/v4/developer/toolchains/gnu_arm/4.9_2015q3/bin/../lib/gcc/arm-none-eabi/4.9.3/../../../../arm-none-eabi/lib/armv7-m\libc_nano.a(lib_a-printf.o)
 .debug_frame   0x00002730       0x2c c:/siliconlabs/simplicitystudio/v4/developer/toolchains/gnu_arm/4.9_2015q3/bin/../lib/gcc/arm-none-eabi/4.9.3/../../../../arm-none-eabi/lib/armv7-m\libc_nano.a(lib_a-sbrkr.o)
 .debug_frame   0x0000275c       0x30 c:/siliconlabs/simplicitystudio/v4/developer/toolchains/gnu_arm/4.9_2015q3/bin/../lib/gcc/arm-none-eabi/4.9.3/../../../../arm-none-eabi/lib/armv7-m\libc_nano.a(lib_a-setvbuf.o)
 .debug_frame   0x0000278c       0x88 c:/siliconlabs/simplicitystudio/v4/developer/toolchains/gnu_arm/4.9_2015q3/bin/../lib/gcc/arm-none-eabi/4.9.3/../../../../arm-none-eabi/lib/armv7-m\libc_nano.a(lib_a-stdio.o)
 .debug_frame   0x00002814       0x20 c:/siliconlabs/simplicitystudio/v4/developer/toolchains/gnu_arm/4.9_2015q3/bin/../lib/gcc/arm-none-eabi/4.9.3/../../../../arm-none-eabi/lib/armv7-m\libc_nano.a(lib_a-strlen.o)
 .debug_frame   0x00002834       0x2c c:/siliconlabs/simplicitystudio/v4/developer/toolchains/gnu_arm/4.9_2015q3/bin/../lib/gcc/arm-none-eabi/4.9.3/../../../../arm-none-eabi/lib/armv7-m\libc_nano.a(lib_a-writer.o)
 .debug_frame   0x00002860       0x2c c:/siliconlabs/simplicitystudio/v4/developer/toolchains/gnu_arm/4.9_2015q3/bin/../lib/gcc/arm-none-eabi/4.9.3/../../../../arm-none-eabi/lib/armv7-m\libc_nano.a(lib_a-closer.o)
 .debug_frame   0x0000288c       0x68 c:/siliconlabs/simplicitystudio/v4/developer/toolchains/gnu_arm/4.9_2015q3/bin/../lib/gcc/arm-none-eabi/4.9.3/../../../../arm-none-eabi/lib/armv7-m\libc_nano.a(lib_a-fflush.o)
 .debug_frame   0x000028f4       0x2c c:/siliconlabs/simplicitystudio/v4/developer/toolchains/gnu_arm/4.9_2015q3/bin/../lib/gcc/arm-none-eabi/4.9.3/../../../../arm-none-eabi/lib/armv7-m\libc_nano.a(lib_a-lseekr.o)
 .debug_frame   0x00002920       0x30 c:/siliconlabs/simplicitystudio/v4/developer/toolchains/gnu_arm/4.9_2015q3/bin/../lib/gcc/arm-none-eabi/4.9.3/../../../../arm-none-eabi/lib/armv7-m\libc_nano.a(lib_a-malloc.o)
 .debug_frame   0x00002950       0x2c c:/siliconlabs/simplicitystudio/v4/developer/toolchains/gnu_arm/4.9_2015q3/bin/../lib/gcc/arm-none-eabi/4.9.3/../../../../arm-none-eabi/lib/armv7-m\libc_nano.a(lib_a-nano-freer.o)
 .debug_frame   0x0000297c       0xb8 c:/siliconlabs/simplicitystudio/v4/developer/toolchains/gnu_arm/4.9_2015q3/bin/../lib/gcc/arm-none-eabi/4.9.3/../../../../arm-none-eabi/lib/armv7-m\libc_nano.a(lib_a-nano-vfprintf.o)
 .debug_frame   0x00002a34       0x58 c:/siliconlabs/simplicitystudio/v4/developer/toolchains/gnu_arm/4.9_2015q3/bin/../lib/gcc/arm-none-eabi/4.9.3/../../../../arm-none-eabi/lib/armv7-m\libc_nano.a(lib_a-nano-vfprintf_i.o)
 .debug_frame   0x00002a8c       0x2c c:/siliconlabs/simplicitystudio/v4/developer/toolchains/gnu_arm/4.9_2015q3/bin/../lib/gcc/arm-none-eabi/4.9.3/../../../../arm-none-eabi/lib/armv7-m\libc_nano.a(lib_a-readr.o)
 .debug_frame   0x00002ab8       0x5c c:/siliconlabs/simplicitystudio/v4/developer/toolchains/gnu_arm/4.9_2015q3/bin/../lib/gcc/arm-none-eabi/4.9.3/../../../../arm-none-eabi/lib/armv7-m\libc_nano.a(lib_a-reent.o)
 .debug_frame   0x00002b14       0x3c c:/siliconlabs/simplicitystudio/v4/developer/toolchains/gnu_arm/4.9_2015q3/bin/../lib/gcc/arm-none-eabi/4.9.3/../../../../arm-none-eabi/lib/armv7-m\libc_nano.a(lib_a-wbuf.o)
 .debug_frame   0x00002b50       0x2c c:/siliconlabs/simplicitystudio/v4/developer/toolchains/gnu_arm/4.9_2015q3/bin/../lib/gcc/arm-none-eabi/4.9.3/../../../../arm-none-eabi/lib/armv7-m\libc_nano.a(lib_a-wsetup.o)
 .debug_frame   0x00002b7c       0x34 c:/siliconlabs/simplicitystudio/v4/developer/toolchains/gnu_arm/4.9_2015q3/bin/../lib/gcc/arm-none-eabi/4.9.3/../../../../arm-none-eabi/lib/armv7-m\libc_nano.a(lib_a-makebuf.o)
 .debug_frame   0x00002bb0       0x28 c:/siliconlabs/simplicitystudio/v4/developer/toolchains/gnu_arm/4.9_2015q3/bin/../lib/gcc/arm-none-eabi/4.9.3/../../../../arm-none-eabi/lib/armv7-m\libc_nano.a(lib_a-memchr.o)
 .debug_frame   0x00002bd8       0x2c c:/siliconlabs/simplicitystudio/v4/developer/toolchains/gnu_arm/4.9_2015q3/bin/../lib/gcc/arm-none-eabi/4.9.3/../../../../arm-none-eabi/lib/armv7-m\libc_nano.a(lib_a-fstatr.o)
 .debug_frame   0x00002c04       0x2c c:/siliconlabs/simplicitystudio/v4/developer/toolchains/gnu_arm/4.9_2015q3/bin/../lib/gcc/arm-none-eabi/4.9.3/../../../../arm-none-eabi/lib/armv7-m\libc_nano.a(lib_a-isattyr.o)
